=== 2025-12-29 18:28:56.499 ===
              total        used        free      shared  buff/cache   available
Mem:          117Gi       1.0Gi       116Gi       8.0Mi       315Mi       114Gi
Swap:         819Mi          0B       819Mi
MemTotal:       123223064 kB
MemFree:        121836000 kB
MemAvailable:   119929616 kB
Buffers:            4188 kB
Cached:           274464 kB
SwapCached:            0 kB
SwapTotal:        839676 kB
SwapFree:         839676 kB
Dirty:                16 kB
Writeback:             0 kB
AnonPages:        785788 kB
WritebackTmp:          0 kB

=== 2025-12-29 18:29:01.504 ===
              total        used        free      shared  buff/cache   available
Mem:          117Gi       1.0Gi       116Gi       8.0Mi       318Mi       114Gi
Swap:         819Mi          0B       819Mi
MemTotal:       123223064 kB
MemFree:        121820696 kB
MemAvailable:   119915884 kB
Buffers:            4188 kB
Cached:           276956 kB
SwapCached:            0 kB
SwapTotal:        839676 kB
SwapFree:         839676 kB
Dirty:               156 kB
Writeback:             0 kB
AnonPages:        796480 kB
WritebackTmp:          0 kB

=== 2025-12-29 18:29:06.510 ===
              total        used        free      shared  buff/cache   available
Mem:          117Gi       1.0Gi       116Gi       8.0Mi       318Mi       114Gi
Swap:         819Mi          0B       819Mi
MemTotal:       123223064 kB
MemFree:        121853808 kB
MemAvailable:   119949036 kB
Buffers:            4188 kB
Cached:           277044 kB
SwapCached:            0 kB
SwapTotal:        839676 kB
SwapFree:         839676 kB
Dirty:               176 kB
Writeback:             0 kB
AnonPages:        762856 kB
WritebackTmp:          0 kB

=== 2025-12-29 18:29:11.514 ===
              total        used        free      shared  buff/cache   available
Mem:          117Gi       1.1Gi       115Gi       8.0Mi       524Mi       114Gi
Swap:         819Mi          0B       819Mi
MemTotal:       123223064 kB
MemFree:        121560328 kB
MemAvailable:   119761020 kB
Buffers:            4188 kB
Cached:           486484 kB
SwapCached:            0 kB
SwapTotal:        839676 kB
SwapFree:         839676 kB
Dirty:              1868 kB
Writeback:             0 kB
AnonPages:        843132 kB
WritebackTmp:          0 kB

=== 2025-12-29 18:29:16.519 ===
              total        used        free      shared  buff/cache   available
Mem:          117Gi       1.1Gi       115Gi       8.0Mi       710Mi       114Gi
Swap:         819Mi          0B       819Mi
MemTotal:       123223064 kB
MemFree:        121378620 kB
MemAvailable:   119674388 kB
Buffers:            4188 kB
Cached:           674872 kB
SwapCached:            0 kB
SwapTotal:        839676 kB
SwapFree:         839676 kB
Dirty:             45136 kB
Writeback:             0 kB
AnonPages:        831572 kB
WritebackTmp:          0 kB

=== 2025-12-29 18:29:21.524 ===
              total        used        free      shared  buff/cache   available
Mem:          117Gi       1.2Gi       115Gi       8.0Mi       804Mi       113Gi
Swap:         819Mi          0B       819Mi
MemTotal:       123223064 kB
MemFree:        121096256 kB
MemAvailable:   119440080 kB
Buffers:            4188 kB
Cached:           759372 kB
SwapCached:            0 kB
SwapTotal:        839676 kB
SwapFree:         839676 kB
Dirty:             27568 kB
Writeback:             0 kB
AnonPages:        997784 kB
WritebackTmp:          0 kB

=== 2025-12-29 18:29:26.530 ===
              total        used        free      shared  buff/cache   available
Mem:          117Gi       1.3Gi       115Gi       8.0Mi       804Mi       113Gi
Swap:         819Mi          0B       819Mi
MemTotal:       123223064 kB
MemFree:        121054040 kB
MemAvailable:   119397856 kB
Buffers:            4188 kB
Cached:           759388 kB
SwapCached:            0 kB
SwapTotal:        839676 kB
SwapFree:         839676 kB
Dirty:             27592 kB
Writeback:             0 kB
AnonPages:       1040480 kB
WritebackTmp:          0 kB

=== 2025-12-29 18:29:31.535 ===
              total        used        free      shared  buff/cache   available
Mem:          117Gi       1.3Gi       115Gi       8.0Mi       803Mi       113Gi
Swap:         819Mi          0B       819Mi
MemTotal:       123223064 kB
MemFree:        121045948 kB
MemAvailable:   119389352 kB
Buffers:            4188 kB
Cached:           759404 kB
SwapCached:            0 kB
SwapTotal:        839676 kB
SwapFree:         839676 kB
Dirty:             27608 kB
Writeback:             0 kB
AnonPages:       1052680 kB
WritebackTmp:          0 kB

=== 2025-12-29 18:29:36.540 ===
              total        used        free      shared  buff/cache   available
Mem:          117Gi       1.3Gi       115Gi       8.0Mi       803Mi       113Gi
Swap:         819Mi          0B       819Mi
MemTotal:       123223064 kB
MemFree:        121045024 kB
MemAvailable:   119388440 kB
Buffers:            4188 kB
Cached:           759428 kB
SwapCached:            0 kB
SwapTotal:        839676 kB
SwapFree:         839676 kB
Dirty:             27636 kB
Writeback:             0 kB
AnonPages:       1053924 kB
WritebackTmp:          0 kB

=== 2025-12-29 18:29:41.545 ===
              total        used        free      shared  buff/cache   available
Mem:          117Gi       1.1Gi       115Gi       8.0Mi       824Mi       114Gi
Swap:         819Mi          0B       819Mi
MemTotal:       123223064 kB
MemFree:        121204764 kB
MemAvailable:   119559072 kB
Buffers:            4188 kB
Cached:           780972 kB
SwapCached:            0 kB
SwapTotal:        839676 kB
SwapFree:         839676 kB
Dirty:             47856 kB
Writeback:             0 kB
AnonPages:        863464 kB
WritebackTmp:          0 kB

=== 2025-12-29 18:29:46.550 ===
              total        used        free      shared  buff/cache   available
Mem:          117Gi       1.1Gi       115Gi       8.0Mi       1.1Gi       113Gi
Swap:         819Mi          0B       819Mi
MemTotal:       123223064 kB
MemFree:        120931068 kB
MemAvailable:   119416836 kB
Buffers:            4188 kB
Cached:          1043372 kB
SwapCached:            0 kB
SwapTotal:        839676 kB
SwapFree:         839676 kB
Dirty:            309528 kB
Writeback:             0 kB
AnonPages:        874148 kB
WritebackTmp:          0 kB

=== 2025-12-29 18:29:51.554 ===
              total        used        free      shared  buff/cache   available
Mem:          117Gi       1.0Gi       115Gi       8.0Mi       1.1Gi       113Gi
Swap:         819Mi          0B       819Mi
MemTotal:       123223064 kB
MemFree:        121002840 kB
MemAvailable:   119510752 kB
Buffers:            4188 kB
Cached:          1077200 kB
SwapCached:            0 kB
SwapTotal:        839676 kB
SwapFree:         839676 kB
Dirty:            340028 kB
Writeback:             0 kB
AnonPages:        750908 kB
WritebackTmp:          0 kB

=== 2025-12-29 18:29:56.559 ===
              total        used        free      shared  buff/cache   available
Mem:          117Gi       1.1Gi       115Gi       8.0Mi       1.1Gi       113Gi
Swap:         819Mi          0B       819Mi
MemTotal:       123223064 kB
MemFree:        120963324 kB
MemAvailable:   119471972 kB
Buffers:            4188 kB
Cached:          1078668 kB
SwapCached:            0 kB
SwapTotal:        839676 kB
SwapFree:         839676 kB
Dirty:            340040 kB
Writeback:             0 kB
AnonPages:        780832 kB
WritebackTmp:          0 kB

=== 2025-12-29 18:30:01.565 ===
              total        used        free      shared  buff/cache   available
Mem:          117Gi       1.0Gi       115Gi       8.0Mi       1.1Gi       113Gi
Swap:         819Mi          0B       819Mi
MemTotal:       123223064 kB
MemFree:        120968260 kB
MemAvailable:   119476644 kB
Buffers:            4188 kB
Cached:          1078700 kB
SwapCached:            0 kB
SwapTotal:        839676 kB
SwapFree:         839676 kB
Dirty:            340076 kB
Writeback:             0 kB
AnonPages:        787068 kB
WritebackTmp:          0 kB

=== 2025-12-29 18:30:06.570 ===
              total        used        free      shared  buff/cache   available
Mem:          117Gi       1.0Gi       115Gi       8.0Mi       1.1Gi       113Gi
Swap:         819Mi          0B       819Mi
MemTotal:       123223064 kB
MemFree:        120971320 kB
MemAvailable:   119479720 kB
Buffers:            4188 kB
Cached:          1078716 kB
SwapCached:            0 kB
SwapTotal:        839676 kB
SwapFree:         839676 kB
Dirty:            340096 kB
Writeback:             0 kB
AnonPages:        784236 kB
WritebackTmp:          0 kB

=== 2025-12-29 18:30:11.576 ===
              total        used        free      shared  buff/cache   available
Mem:          117Gi       1.0Gi       115Gi       8.0Mi       1.1Gi       113Gi
Swap:         819Mi          0B       819Mi
MemTotal:       123223064 kB
MemFree:        120971592 kB
MemAvailable:   119480012 kB
Buffers:            4188 kB
Cached:          1078736 kB
SwapCached:            0 kB
SwapTotal:        839676 kB
SwapFree:         839676 kB
Dirty:            288352 kB
Writeback:             0 kB
AnonPages:        784320 kB
WritebackTmp:          0 kB

=== 2025-12-29 18:30:16.582 ===
              total        used        free      shared  buff/cache   available
Mem:          117Gi       997Mi       115Gi       8.0Mi       1.1Gi       114Gi
Swap:         819Mi          0B       819Mi
MemTotal:       123223064 kB
MemFree:        121048600 kB
MemAvailable:   119557040 kB
Buffers:            4188 kB
Cached:          1078752 kB
SwapCached:            0 kB
SwapTotal:        839676 kB
SwapFree:         839676 kB
Dirty:            141296 kB
Writeback:         10460 kB
AnonPages:        709108 kB
WritebackTmp:          0 kB

=== 2025-12-29 18:30:21.588 ===
              total        used        free      shared  buff/cache   available
Mem:          117Gi       998Mi       115Gi       8.0Mi       1.1Gi       114Gi
Swap:         819Mi          0B       819Mi
MemTotal:       123223064 kB
MemFree:        121048396 kB
MemAvailable:   119556856 kB
Buffers:            4188 kB
Cached:          1078768 kB
SwapCached:            0 kB
SwapTotal:        839676 kB
SwapFree:         839676 kB
Dirty:              2420 kB
Writeback:             0 kB
AnonPages:        709204 kB
WritebackTmp:          0 kB

=== 2025-12-29 18:30:26.594 ===
              total        used        free      shared  buff/cache   available
Mem:          117Gi       1.1Gi       115Gi       8.0Mi       1.1Gi       113Gi
Swap:         819Mi          0B       819Mi
MemTotal:       123223064 kB
MemFree:        120927124 kB
MemAvailable:   119435600 kB
Buffers:            4188 kB
Cached:          1078804 kB
SwapCached:            0 kB
SwapTotal:        839676 kB
SwapFree:         839676 kB
Dirty:              1692 kB
Writeback:             0 kB
AnonPages:        827808 kB
WritebackTmp:          0 kB

=== 2025-12-29 18:30:31.598 ===
              total        used        free      shared  buff/cache   available
Mem:          117Gi       1.1Gi       115Gi       8.0Mi       1.1Gi       113Gi
Swap:         819Mi          0B       819Mi
MemTotal:       123223064 kB
MemFree:        120924444 kB
MemAvailable:   119432960 kB
Buffers:            4188 kB
Cached:          1078820 kB
SwapCached:            0 kB
SwapTotal:        839676 kB
SwapFree:         839676 kB
Dirty:              1712 kB
Writeback:             0 kB
AnonPages:        829816 kB
WritebackTmp:          0 kB

=== 2025-12-29 18:30:36.603 ===
              total        used        free      shared  buff/cache   available
Mem:          117Gi       1.1Gi       115Gi       8.0Mi       1.1Gi       113Gi
Swap:         819Mi          0B       819Mi
MemTotal:       123223064 kB
MemFree:        120918084 kB
MemAvailable:   119426628 kB
Buffers:            4188 kB
Cached:          1078832 kB
SwapCached:            0 kB
SwapTotal:        839676 kB
SwapFree:         839676 kB
Dirty:              1700 kB
Writeback:             0 kB
AnonPages:        835832 kB
WritebackTmp:          0 kB

=== 2025-12-29 18:30:41.608 ===
              total        used        free      shared  buff/cache   available
Mem:          117Gi       1.1Gi       115Gi       8.0Mi       1.1Gi       113Gi
Swap:         819Mi          0B       819Mi
MemTotal:       123223064 kB
MemFree:        120914704 kB
MemAvailable:   119423256 kB
Buffers:            4188 kB
Cached:          1078852 kB
SwapCached:            0 kB
SwapTotal:        839676 kB
SwapFree:         839676 kB
Dirty:              1724 kB
Writeback:             0 kB
AnonPages:        839064 kB
WritebackTmp:          0 kB

=== 2025-12-29 18:30:46.613 ===
              total        used        free      shared  buff/cache   available
Mem:          117Gi       1.1Gi       115Gi       8.0Mi       1.1Gi       113Gi
Swap:         819Mi          0B       819Mi
MemTotal:       123223064 kB
MemFree:        120961128 kB
MemAvailable:   119469712 kB
Buffers:            4188 kB
Cached:          1078868 kB
SwapCached:            0 kB
SwapTotal:        839676 kB
SwapFree:         839676 kB
Dirty:               140 kB
Writeback:             0 kB
AnonPages:        793836 kB
WritebackTmp:          0 kB

=== 2025-12-29 18:30:51.618 ===
              total        used        free      shared  buff/cache   available
Mem:          117Gi       1.1Gi       115Gi       8.0Mi       1.1Gi       113Gi
Swap:         819Mi          0B       819Mi
MemTotal:       123223064 kB
MemFree:        120957620 kB
MemAvailable:   119466232 kB
Buffers:            4188 kB
Cached:          1078912 kB
SwapCached:            0 kB
SwapTotal:        839676 kB
SwapFree:         839676 kB
Dirty:                60 kB
Writeback:             0 kB
AnonPages:        797300 kB
WritebackTmp:          0 kB

=== 2025-12-29 18:30:56.624 ===
              total        used        free      shared  buff/cache   available
Mem:          117Gi       1.1Gi       115Gi       8.0Mi       1.1Gi       113Gi
Swap:         819Mi          0B       819Mi
MemTotal:       123223064 kB
MemFree:        120951228 kB
MemAvailable:   119459840 kB
Buffers:            4188 kB
Cached:          1078948 kB
SwapCached:            0 kB
SwapTotal:        839676 kB
SwapFree:         839676 kB
Dirty:                64 kB
Writeback:             0 kB
AnonPages:        802472 kB
WritebackTmp:          0 kB

=== 2025-12-29 18:31:01.630 ===
              total        used        free      shared  buff/cache   available
Mem:          117Gi       1.1Gi       115Gi       8.0Mi       1.1Gi       113Gi
Swap:         819Mi          0B       819Mi
MemTotal:       123223064 kB
MemFree:        120864080 kB
MemAvailable:   119373124 kB
Buffers:            4188 kB
Cached:          1079364 kB
SwapCached:            0 kB
SwapTotal:        839676 kB
SwapFree:         839676 kB
Dirty:              1560 kB
Writeback:             0 kB
AnonPages:        883856 kB
WritebackTmp:          0 kB

=== 2025-12-29 18:31:06.635 ===
              total        used        free      shared  buff/cache   available
Mem:          117Gi       1.1Gi       115Gi       8.0Mi       1.1Gi       113Gi
Swap:         819Mi          0B       819Mi
MemTotal:       123223064 kB
MemFree:        120950072 kB
MemAvailable:   119461276 kB
Buffers:            4188 kB
Cached:          1083380 kB
SwapCached:            0 kB
SwapTotal:        839676 kB
SwapFree:         839676 kB
Dirty:              3344 kB
Writeback:             0 kB
AnonPages:        793940 kB
WritebackTmp:          0 kB

=== 2025-12-29 18:31:11.640 ===
              total        used        free      shared  buff/cache   available
Mem:          117Gi       1.1Gi       115Gi       8.0Mi       1.1Gi       113Gi
Swap:         819Mi          0B       819Mi
MemTotal:       123223064 kB
MemFree:        120934652 kB
MemAvailable:   119445920 kB
Buffers:            4188 kB
Cached:          1083396 kB
SwapCached:            0 kB
SwapTotal:        839676 kB
SwapFree:         839676 kB
Dirty:              3372 kB
Writeback:             0 kB
AnonPages:        808380 kB
WritebackTmp:          0 kB

=== 2025-12-29 18:31:16.645 ===
              total        used        free      shared  buff/cache   available
Mem:          117Gi       1.1Gi       115Gi       8.0Mi       1.1Gi       113Gi
Swap:         819Mi          0B       819Mi
MemTotal:       123223064 kB
MemFree:        120925540 kB
MemAvailable:   119436916 kB
Buffers:            4188 kB
Cached:          1083564 kB
SwapCached:            0 kB
SwapTotal:        839676 kB
SwapFree:         839676 kB
Dirty:                56 kB
Writeback:             0 kB
AnonPages:        816284 kB
WritebackTmp:          0 kB

=== 2025-12-29 18:31:21.650 ===
              total        used        free      shared  buff/cache   available
Mem:          117Gi       1.1Gi       115Gi       8.0Mi       1.1Gi       113Gi
Swap:         819Mi          0B       819Mi
MemTotal:       123223064 kB
MemFree:        120916392 kB
MemAvailable:   119428032 kB
Buffers:            4188 kB
Cached:          1083764 kB
SwapCached:            0 kB
SwapTotal:        839676 kB
SwapFree:         839676 kB
Dirty:                48 kB
Writeback:             0 kB
AnonPages:        824084 kB
WritebackTmp:          0 kB

=== 2025-12-29 18:31:26.654 ===
              total        used        free      shared  buff/cache   available
Mem:          117Gi       1.1Gi       114Gi       8.0Mi       2.1Gi       113Gi
Swap:         819Mi          0B       819Mi
MemTotal:       123223064 kB
MemFree:        119835484 kB
MemAvailable:   118886284 kB
Buffers:            4188 kB
Cached:          2159940 kB
SwapCached:            0 kB
SwapTotal:        839676 kB
SwapFree:         839676 kB
Dirty:            548532 kB
Writeback:             0 kB
AnonPages:        826352 kB
WritebackTmp:          0 kB

=== 2025-12-29 18:31:31.660 ===
              total        used        free      shared  buff/cache   available
Mem:          117Gi       1.1Gi       112Gi       8.0Mi       3.5Gi       113Gi
Swap:         819Mi          0B       819Mi
MemTotal:       123223064 kB
MemFree:        118390408 kB
MemAvailable:   118642520 kB
Buffers:            4188 kB
Cached:          3592792 kB
SwapCached:            0 kB
SwapTotal:        839676 kB
SwapFree:         839676 kB
Dirty:           1219444 kB
Writeback:             0 kB
AnonPages:        835044 kB
WritebackTmp:          0 kB

=== 2025-12-29 18:31:36.666 ===
              total        used        free      shared  buff/cache   available
Mem:          117Gi       1.1Gi       112Gi       8.0Mi       4.3Gi       113Gi
Swap:         819Mi          0B       819Mi
MemTotal:       123223064 kB
MemFree:        117552100 kB
MemAvailable:   118639472 kB
Buffers:            4188 kB
Cached:          4427012 kB
SwapCached:            0 kB
SwapTotal:        839676 kB
SwapFree:         839676 kB
Dirty:                68 kB
Writeback:             0 kB
AnonPages:        837528 kB
WritebackTmp:          0 kB

=== 2025-12-29 18:31:41.671 ===
              total        used        free      shared  buff/cache   available
Mem:          117Gi       1.1Gi       112Gi       8.0Mi       4.3Gi       113Gi
Swap:         819Mi          0B       819Mi
MemTotal:       123223064 kB
MemFree:        117550896 kB
MemAvailable:   118638312 kB
Buffers:            4188 kB
Cached:          4427032 kB
SwapCached:            0 kB
SwapTotal:        839676 kB
SwapFree:         839676 kB
Dirty:                88 kB
Writeback:             0 kB
AnonPages:        839600 kB
WritebackTmp:          0 kB

=== 2025-12-29 18:31:46.676 ===
              total        used        free      shared  buff/cache   available
Mem:          117Gi       1.1Gi       112Gi       8.0Mi       4.3Gi       113Gi
Swap:         819Mi          0B       819Mi
MemTotal:       123223064 kB
MemFree:        117548180 kB
MemAvailable:   118635612 kB
Buffers:            4188 kB
Cached:          4427052 kB
SwapCached:            0 kB
SwapTotal:        839676 kB
SwapFree:         839676 kB
Dirty:               108 kB
Writeback:             0 kB
AnonPages:        842020 kB
WritebackTmp:          0 kB

=== 2025-12-29 18:31:51.681 ===
              total        used        free      shared  buff/cache   available
Mem:          117Gi       1.1Gi       112Gi       8.0Mi       4.3Gi       113Gi
Swap:         819Mi          0B       819Mi
MemTotal:       123223064 kB
MemFree:        117545052 kB
MemAvailable:   118632524 kB
Buffers:            4188 kB
Cached:          4427064 kB
SwapCached:            0 kB
SwapTotal:        839676 kB
SwapFree:         839676 kB
Dirty:               120 kB
Writeback:             0 kB
AnonPages:        845128 kB
WritebackTmp:          0 kB

=== 2025-12-29 18:31:56.686 ===
              total        used        free      shared  buff/cache   available
Mem:          117Gi       1.1Gi       112Gi       8.0Mi       4.3Gi       113Gi
Swap:         819Mi          0B       819Mi
MemTotal:       123223064 kB
MemFree:        117552492 kB
MemAvailable:   118640004 kB
Buffers:            4188 kB
Cached:          4427092 kB
SwapCached:            0 kB
SwapTotal:        839676 kB
SwapFree:         839676 kB
Dirty:               148 kB
Writeback:             0 kB
AnonPages:        837424 kB
WritebackTmp:          0 kB

=== 2025-12-29 18:32:01.691 ===
              total        used        free      shared  buff/cache   available
Mem:          117Gi       1.1Gi       112Gi       8.0Mi       4.3Gi       113Gi
Swap:         819Mi          0B       819Mi
MemTotal:       123223064 kB
MemFree:        117552672 kB
MemAvailable:   118640208 kB
Buffers:            4188 kB
Cached:          4427108 kB
SwapCached:            0 kB
SwapTotal:        839676 kB
SwapFree:         839676 kB
Dirty:                36 kB
Writeback:             0 kB
AnonPages:        837640 kB
WritebackTmp:          0 kB

=== 2025-12-29 18:32:06.696 ===
              total        used        free      shared  buff/cache   available
Mem:          117Gi       1.1Gi       112Gi       8.0Mi       4.3Gi       113Gi
Swap:         819Mi          0B       819Mi
MemTotal:       123223064 kB
MemFree:        117550828 kB
MemAvailable:   118638380 kB
Buffers:            4188 kB
Cached:          4427120 kB
SwapCached:            0 kB
SwapTotal:        839676 kB
SwapFree:         839676 kB
Dirty:                60 kB
Writeback:             0 kB
AnonPages:        839316 kB
WritebackTmp:          0 kB

=== 2025-12-29 18:32:11.701 ===
              total        used        free      shared  buff/cache   available
Mem:          117Gi       1.0Gi       112Gi       8.0Mi       4.3Gi       113Gi
Swap:         819Mi          0B       819Mi
MemTotal:       123223064 kB
MemFree:        117628884 kB
MemAvailable:   118716456 kB
Buffers:            4188 kB
Cached:          4427132 kB
SwapCached:            0 kB
SwapTotal:        839676 kB
SwapFree:         839676 kB
Dirty:                76 kB
Writeback:             0 kB
AnonPages:        763372 kB
WritebackTmp:          0 kB

=== 2025-12-29 18:32:16.706 ===
              total        used        free      shared  buff/cache   available
Mem:          117Gi       1.1Gi       113Gi       8.0Mi       3.1Gi       113Gi
Swap:         819Mi          0B       819Mi
MemTotal:       123223064 kB
MemFree:        118725416 kB
MemAvailable:   118602864 kB
Buffers:            4188 kB
Cached:          3217984 kB
SwapCached:            0 kB
SwapTotal:        839676 kB
SwapFree:         839676 kB
Dirty:            477772 kB
Writeback:             0 kB
AnonPages:        873900 kB
WritebackTmp:          0 kB

=== 2025-12-29 18:32:21.710 ===
              total        used        free      shared  buff/cache   available
Mem:          117Gi       1.1Gi       112Gi       8.0Mi       3.9Gi       113Gi
Swap:         819Mi          0B       819Mi
MemTotal:       123223064 kB
MemFree:        117956500 kB
MemAvailable:   118601836 kB
Buffers:            4188 kB
Cached:          3985392 kB
SwapCached:            0 kB
SwapTotal:        839676 kB
SwapFree:         839676 kB
Dirty:           1141176 kB
Writeback:             0 kB
AnonPages:        874400 kB
WritebackTmp:          0 kB

=== 2025-12-29 18:32:26.716 ===
              total        used        free      shared  buff/cache   available
Mem:          117Gi       1.1Gi       111Gi       8.0Mi       4.8Gi       113Gi
Swap:         819Mi          0B       819Mi
MemTotal:       123223064 kB
MemFree:        116943756 kB
MemAvailable:   118594896 kB
Buffers:            4188 kB
Cached:          4990220 kB
SwapCached:            0 kB
SwapTotal:        839676 kB
SwapFree:         839676 kB
Dirty:            658516 kB
Writeback:             0 kB
AnonPages:        879912 kB
WritebackTmp:          0 kB

=== 2025-12-29 18:32:31.722 ===
              total        used        free      shared  buff/cache   available
Mem:          117Gi       1.1Gi       110Gi       8.0Mi       6.2Gi       113Gi
Swap:         819Mi          0B       819Mi
MemTotal:       123223064 kB
MemFree:        115554864 kB
MemAvailable:   118622752 kB
Buffers:            4188 kB
Cached:          6405352 kB
SwapCached:            0 kB
SwapTotal:        839676 kB
SwapFree:         839676 kB
Dirty:           1369264 kB
Writeback:             0 kB
AnonPages:        851884 kB
WritebackTmp:          0 kB

=== 2025-12-29 18:32:36.728 ===
              total        used        free      shared  buff/cache   available
Mem:          117Gi       1.1Gi       108Gi       8.0Mi       7.5Gi       113Gi
Swap:         819Mi          0B       819Mi
MemTotal:       123223064 kB
MemFree:        114177124 kB
MemAvailable:   118621984 kB
Buffers:            4188 kB
Cached:          7780828 kB
SwapCached:            0 kB
SwapTotal:        839676 kB
SwapFree:         839676 kB
Dirty:           2059560 kB
Writeback:             0 kB
AnonPages:        850784 kB
WritebackTmp:          0 kB

=== 2025-12-29 18:32:41.734 ===
              total        used        free      shared  buff/cache   available
Mem:          117Gi       1.1Gi       107Gi       8.0Mi       8.9Gi       113Gi
Swap:         819Mi          0B       819Mi
MemTotal:       123223064 kB
MemFree:        112681540 kB
MemAvailable:   118620036 kB
Buffers:            4188 kB
Cached:          9272752 kB
SwapCached:            0 kB
SwapTotal:        839676 kB
SwapFree:         839676 kB
Dirty:           2807672 kB
Writeback:             0 kB
AnonPages:        851388 kB
WritebackTmp:          0 kB

=== 2025-12-29 18:32:46.739 ===
              total        used        free      shared  buff/cache   available
Mem:          117Gi       1.1Gi       105Gi       8.0Mi        10Gi       113Gi
Swap:         819Mi          0B       819Mi
MemTotal:       123223064 kB
MemFree:        111125108 kB
MemAvailable:   118609904 kB
Buffers:            4188 kB
Cached:         10817348 kB
SwapCached:            0 kB
SwapTotal:        839676 kB
SwapFree:         839676 kB
Dirty:           3579920 kB
Writeback:             0 kB
AnonPages:        858816 kB
WritebackTmp:          0 kB

=== 2025-12-29 18:32:51.744 ===
              total        used        free      shared  buff/cache   available
Mem:          117Gi       1.1Gi       104Gi       8.0Mi        11Gi       113Gi
Swap:         819Mi          0B       819Mi
MemTotal:       123223064 kB
MemFree:        109541180 kB
MemAvailable:   118616172 kB
Buffers:            4188 kB
Cached:         12405676 kB
SwapCached:            0 kB
SwapTotal:        839676 kB
SwapFree:         839676 kB
Dirty:           4374112 kB
Writeback:             0 kB
AnonPages:        851668 kB
WritebackTmp:          0 kB

=== 2025-12-29 18:32:56.751 ===
              total        used        free      shared  buff/cache   available
Mem:          117Gi       1.0Gi       103Gi       8.0Mi        12Gi       113Gi
Swap:         819Mi          0B       819Mi
MemTotal:       123223064 kB
MemFree:        108973472 kB
MemAvailable:   118690412 kB
Buffers:            4188 kB
Cached:         13046948 kB
SwapCached:            0 kB
SwapTotal:        839676 kB
SwapFree:         839676 kB
Dirty:              6856 kB
Writeback:             0 kB
AnonPages:        778224 kB
WritebackTmp:          0 kB

=== 2025-12-29 18:33:01.759 ===
              total        used        free      shared  buff/cache   available
Mem:          117Gi       1.1Gi       102Gi       8.0Mi        13Gi       113Gi
Swap:         819Mi          0B       819Mi
MemTotal:       123223064 kB
MemFree:        107467352 kB
MemAvailable:   118687492 kB
Buffers:            4188 kB
Cached:         14548388 kB
SwapCached:            0 kB
SwapTotal:        839676 kB
SwapFree:         839676 kB
Dirty:            757648 kB
Writeback:             0 kB
AnonPages:        778772 kB
WritebackTmp:          0 kB

=== 2025-12-29 18:33:06.781 ===
              total        used        free      shared  buff/cache   available
Mem:          117Gi       1.0Gi       101Gi       8.0Mi        15Gi       113Gi
Swap:         819Mi          0B       819Mi
MemTotal:       123223064 kB
MemFree:        106048028 kB
MemAvailable:   118686640 kB
Buffers:            4188 kB
Cached:         15965216 kB
SwapCached:            0 kB
SwapTotal:        839676 kB
SwapFree:         839676 kB
Dirty:           1485840 kB
Writeback:             0 kB
AnonPages:        778768 kB
WritebackTmp:          0 kB

=== 2025-12-29 18:33:11.786 ===
              total        used        free      shared  buff/cache   available
Mem:          117Gi       1.1Gi        99Gi       8.0Mi        16Gi       113Gi
Swap:         819Mi          0B       819Mi
MemTotal:       123223064 kB
MemFree:        104407676 kB
MemAvailable:   118683564 kB
Buffers:            4188 kB
Cached:         17600664 kB
SwapCached:            0 kB
SwapTotal:        839676 kB
SwapFree:         839676 kB
Dirty:           2325968 kB
Writeback:             0 kB
AnonPages:        778980 kB
WritebackTmp:          0 kB

=== 2025-12-29 18:33:16.792 ===
              total        used        free      shared  buff/cache   available
Mem:          117Gi       1.0Gi        98Gi       8.0Mi        18Gi       113Gi
Swap:         819Mi          0B       819Mi
MemTotal:       123223064 kB
MemFree:        103185748 kB
MemAvailable:   118682648 kB
Buffers:            4188 kB
Cached:         18820248 kB
SwapCached:            0 kB
SwapTotal:        839676 kB
SwapFree:         839676 kB
Dirty:           3198032 kB
Writeback:             0 kB
AnonPages:        778804 kB
WritebackTmp:          0 kB

=== 2025-12-29 18:33:21.798 ===
              total        used        free      shared  buff/cache   available
Mem:          117Gi       1.0Gi        97Gi       8.0Mi        19Gi       113Gi
Swap:         819Mi          0B       819Mi
MemTotal:       123223064 kB
MemFree:        101950252 kB
MemAvailable:   118681652 kB
Buffers:            4188 kB
Cached:         20053352 kB
SwapCached:            0 kB
SwapTotal:        839676 kB
SwapFree:         839676 kB
Dirty:           3898908 kB
Writeback:             0 kB
AnonPages:        778940 kB
WritebackTmp:          0 kB

=== 2025-12-29 18:33:26.803 ===
              total        used        free      shared  buff/cache   available
Mem:          117Gi       1.0Gi        96Gi       8.0Mi        20Gi       113Gi
Swap:         819Mi          0B       819Mi
MemTotal:       123223064 kB
MemFree:        100724668 kB
MemAvailable:   118679804 kB
Buffers:            4188 kB
Cached:         21275760 kB
SwapCached:            0 kB
SwapTotal:        839676 kB
SwapFree:         839676 kB
Dirty:           4633720 kB
Writeback:             0 kB
AnonPages:        779048 kB
WritebackTmp:          0 kB

=== 2025-12-29 18:33:31.809 ===
              total        used        free      shared  buff/cache   available
Mem:          117Gi       1.0Gi        95Gi       8.0Mi        21Gi       113Gi
Swap:         819Mi          0B       819Mi
MemTotal:       123223064 kB
MemFree:        99651144 kB
MemAvailable:   118679432 kB
Buffers:            4188 kB
Cached:         22347756 kB
SwapCached:            0 kB
SwapTotal:        839676 kB
SwapFree:         839676 kB
Dirty:           4011820 kB
Writeback:             0 kB
AnonPages:        778880 kB
WritebackTmp:          0 kB

=== 2025-12-29 18:33:36.815 ===
              total        used        free      shared  buff/cache   available
Mem:          117Gi       1.2Gi        93Gi       8.0Mi        22Gi       113Gi
Swap:         819Mi          0B       819Mi
MemTotal:       123223064 kB
MemFree:        98318812 kB
MemAvailable:   118562228 kB
Buffers:            4188 kB
Cached:         23561752 kB
SwapCached:            0 kB
SwapTotal:        839676 kB
SwapFree:         839676 kB
Dirty:           4687104 kB
Writeback:             0 kB
AnonPages:        891340 kB
WritebackTmp:          0 kB

=== 2025-12-29 18:33:41.821 ===
              total        used        free      shared  buff/cache   available
Mem:          117Gi       1.2Gi        92Gi       8.0Mi        23Gi       113Gi
Swap:         819Mi          0B       819Mi
MemTotal:       123223064 kB
MemFree:        97159008 kB
MemAvailable:   118551608 kB
Buffers:            4188 kB
Cached:         24709248 kB
SwapCached:            0 kB
SwapTotal:        839676 kB
SwapFree:         839676 kB
Dirty:           4363772 kB
Writeback:             0 kB
AnonPages:        899272 kB
WritebackTmp:          0 kB

=== 2025-12-29 18:33:46.827 ===
              total        used        free      shared  buff/cache   available
Mem:          117Gi       1.2Gi        91Gi       8.0Mi        24Gi       113Gi
Swap:         819Mi          0B       819Mi
MemTotal:       123223064 kB
MemFree:        96084112 kB
MemAvailable:   118558792 kB
Buffers:            4188 kB
Cached:         25790160 kB
SwapCached:            0 kB
SwapTotal:        839676 kB
SwapFree:         839676 kB
Dirty:           4523940 kB
Writeback:             0 kB
AnonPages:        891672 kB
WritebackTmp:          0 kB

=== 2025-12-29 18:33:51.834 ===
              total        used        free      shared  buff/cache   available
Mem:          117Gi       1.2Gi        90Gi       8.0Mi        25Gi       113Gi
Swap:         819Mi          0B       819Mi
MemTotal:       123223064 kB
MemFree:        94888444 kB
MemAvailable:   118555300 kB
Buffers:            4188 kB
Cached:         26980992 kB
SwapCached:            0 kB
SwapTotal:        839676 kB
SwapFree:         839676 kB
Dirty:           3884144 kB
Writeback:             0 kB
AnonPages:        893648 kB
WritebackTmp:          0 kB

=== 2025-12-29 18:33:56.842 ===
              total        used        free      shared  buff/cache   available
Mem:          117Gi       1.1Gi        89Gi       8.0Mi        26Gi       113Gi
Swap:         819Mi          0B       819Mi
MemTotal:       123223064 kB
MemFree:        93874332 kB
MemAvailable:   118668324 kB
Buffers:            4188 kB
Cached:         28106864 kB
SwapCached:            0 kB
SwapTotal:        839676 kB
SwapFree:         839676 kB
Dirty:           3323156 kB
Writeback:             0 kB
AnonPages:        782888 kB
WritebackTmp:          0 kB

=== 2025-12-29 18:34:01.875 ===
              total        used        free      shared  buff/cache   available
Mem:          117Gi       1.1Gi        88Gi       8.0Mi        27Gi       113Gi
Swap:         819Mi          0B       819Mi
MemTotal:       123223064 kB
MemFree:        92836712 kB
MemAvailable:   118666636 kB
Buffers:            4188 kB
Cached:         29141612 kB
SwapCached:            0 kB
SwapTotal:        839676 kB
SwapFree:         839676 kB
Dirty:           4041356 kB
Writeback:             0 kB
AnonPages:        782016 kB
WritebackTmp:          0 kB

=== 2025-12-29 18:34:06.882 ===
              total        used        free      shared  buff/cache   available
Mem:          117Gi       1.1Gi        87Gi       8.0Mi        29Gi       113Gi
Swap:         819Mi          0B       819Mi
MemTotal:       123223064 kB
MemFree:        91623660 kB
MemAvailable:   118665636 kB
Buffers:            4188 kB
Cached:         30352120 kB
SwapCached:            0 kB
SwapTotal:        839676 kB
SwapFree:         839676 kB
Dirty:           5027040 kB
Writeback:             0 kB
AnonPages:        782148 kB
WritebackTmp:          0 kB

=== 2025-12-29 18:34:11.888 ===
              total        used        free      shared  buff/cache   available
Mem:          117Gi       1.1Gi        86Gi       8.0Mi        29Gi       113Gi
Swap:         819Mi          0B       819Mi
MemTotal:       123223064 kB
MemFree:        90733172 kB
MemAvailable:   118664568 kB
Buffers:            4188 kB
Cached:         31240712 kB
SwapCached:            0 kB
SwapTotal:        839676 kB
SwapFree:         839676 kB
Dirty:           3554740 kB
Writeback:             0 kB
AnonPages:        782144 kB
WritebackTmp:          0 kB

=== 2025-12-29 18:34:16.893 ===
              total        used        free      shared  buff/cache   available
Mem:          117Gi       1.1Gi        85Gi       8.0Mi        31Gi       113Gi
Swap:         819Mi          0B       819Mi
MemTotal:       123223064 kB
MemFree:        89511040 kB
MemAvailable:   118662488 kB
Buffers:            4188 kB
Cached:         32459488 kB
SwapCached:            0 kB
SwapTotal:        839676 kB
SwapFree:         839676 kB
Dirty:           4567480 kB
Writeback:             0 kB
AnonPages:        783088 kB
WritebackTmp:          0 kB

=== 2025-12-29 18:34:21.900 ===
              total        used        free      shared  buff/cache   available
Mem:          117Gi       1.1Gi        84Gi       8.0Mi        32Gi       113Gi
Swap:         819Mi          0B       819Mi
MemTotal:       123223064 kB
MemFree:        88530708 kB
MemAvailable:   118660892 kB
Buffers:            4188 kB
Cached:         33437068 kB
SwapCached:            0 kB
SwapTotal:        839676 kB
SwapFree:         839676 kB
Dirty:           3207784 kB
Writeback:             0 kB
AnonPages:        783200 kB
WritebackTmp:          0 kB

=== 2025-12-29 18:34:26.906 ===
              total        used        free      shared  buff/cache   available
Mem:          117Gi       1.1Gi        83Gi       8.0Mi        33Gi       113Gi
Swap:         819Mi          0B       819Mi
MemTotal:       123223064 kB
MemFree:        87267960 kB
MemAvailable:   118659228 kB
Buffers:            4188 kB
Cached:         34696664 kB
SwapCached:            0 kB
SwapTotal:        839676 kB
SwapFree:         839676 kB
Dirty:           4041972 kB
Writeback:             0 kB
AnonPages:        783136 kB
WritebackTmp:          0 kB

=== 2025-12-29 18:34:31.912 ===
              total        used        free      shared  buff/cache   available
Mem:          117Gi       1.1Gi        81Gi       8.0Mi        34Gi       113Gi
Swap:         819Mi          0B       819Mi
MemTotal:       123223064 kB
MemFree:        85831156 kB
MemAvailable:   118649616 kB
Buffers:            4188 kB
Cached:         36122336 kB
SwapCached:            0 kB
SwapTotal:        839676 kB
SwapFree:         839676 kB
Dirty:           5018884 kB
Writeback:             0 kB
AnonPages:        791152 kB
WritebackTmp:          0 kB

=== 2025-12-29 18:34:36.929 ===
              total        used        free      shared  buff/cache   available
Mem:          117Gi       1.1Gi        80Gi       8.0Mi        35Gi       113Gi
Swap:         819Mi          0B       819Mi
MemTotal:       123223064 kB
MemFree:        84896620 kB
MemAvailable:   118655624 kB
Buffers:            4188 kB
Cached:         37061764 kB
SwapCached:            0 kB
SwapTotal:        839676 kB
SwapFree:         839676 kB
Dirty:           3689884 kB
Writeback:        341832 kB
AnonPages:        783164 kB
WritebackTmp:          0 kB

=== 2025-12-29 18:34:41.944 ===
              total        used        free      shared  buff/cache   available
Mem:          117Gi       1.1Gi        80Gi       8.0Mi        36Gi       113Gi
Swap:         819Mi          0B       819Mi
MemTotal:       123223064 kB
MemFree:        84182196 kB
MemAvailable:   118655892 kB
Buffers:            4188 kB
Cached:         37775548 kB
SwapCached:            0 kB
SwapTotal:        839676 kB
SwapFree:         839676 kB
Dirty:            441536 kB
Writeback:             0 kB
AnonPages:        783160 kB
WritebackTmp:          0 kB

=== 2025-12-29 18:34:46.950 ===
              total        used        free      shared  buff/cache   available
Mem:          117Gi       1.1Gi        79Gi       8.0Mi        37Gi       113Gi
Swap:         819Mi          0B       819Mi
MemTotal:       123223064 kB
MemFree:        83131420 kB
MemAvailable:   118655600 kB
Buffers:            4188 kB
Cached:         38824924 kB
SwapCached:            0 kB
SwapTotal:        839676 kB
SwapFree:         839676 kB
Dirty:           1224292 kB
Writeback:             0 kB
AnonPages:        783016 kB
WritebackTmp:          0 kB

=== 2025-12-29 18:34:51.956 ===
              total        used        free      shared  buff/cache   available
Mem:          117Gi       1.1Gi        78Gi       8.0Mi        38Gi       113Gi
Swap:         819Mi          0B       819Mi
MemTotal:       123223064 kB
MemFree:        81916796 kB
MemAvailable:   118653816 kB
Buffers:            4188 kB
Cached:         40036352 kB
SwapCached:            0 kB
SwapTotal:        839676 kB
SwapFree:         839676 kB
Dirty:           2102916 kB
Writeback:             0 kB
AnonPages:        783060 kB
WritebackTmp:          0 kB

=== 2025-12-29 18:34:56.962 ===
              total        used        free      shared  buff/cache   available
Mem:          117Gi       1.1Gi        76Gi       8.0Mi        39Gi       113Gi
Swap:         819Mi          0B       819Mi
MemTotal:       123223064 kB
MemFree:        80637700 kB
MemAvailable:   118652124 kB
Buffers:            4188 kB
Cached:         41312312 kB
SwapCached:            0 kB
SwapTotal:        839676 kB
SwapFree:         839676 kB
Dirty:           3048124 kB
Writeback:             0 kB
AnonPages:        782972 kB
WritebackTmp:          0 kB

=== 2025-12-29 18:35:01.968 ===
              total        used        free      shared  buff/cache   available
Mem:          117Gi       1.1Gi        75Gi       8.0Mi        40Gi       113Gi
Swap:         819Mi          0B       819Mi
MemTotal:       123223064 kB
MemFree:        79361888 kB
MemAvailable:   118651524 kB
Buffers:            4188 kB
Cached:         42586040 kB
SwapCached:            0 kB
SwapTotal:        839676 kB
SwapFree:         839676 kB
Dirty:           3970284 kB
Writeback:             0 kB
AnonPages:        782728 kB
WritebackTmp:          0 kB

=== 2025-12-29 18:35:06.974 ===
              total        used        free      shared  buff/cache   available
Mem:          117Gi       1.1Gi        74Gi       8.0Mi        41Gi       113Gi
Swap:         819Mi          0B       819Mi
MemTotal:       123223064 kB
MemFree:        78165932 kB
MemAvailable:   118649296 kB
Buffers:            4188 kB
Cached:         43778500 kB
SwapCached:            0 kB
SwapTotal:        839676 kB
SwapFree:         839676 kB
Dirty:           4928300 kB
Writeback:             0 kB
AnonPages:        782748 kB
WritebackTmp:          0 kB

=== 2025-12-29 18:35:11.981 ===
              total        used        free      shared  buff/cache   available
Mem:          117Gi       1.1Gi        73Gi       8.0Mi        42Gi       113Gi
Swap:         819Mi          0B       819Mi
MemTotal:       123223064 kB
MemFree:        77160132 kB
MemAvailable:   118647728 kB
Buffers:            4188 kB
Cached:         44781460 kB
SwapCached:            0 kB
SwapTotal:        839676 kB
SwapFree:         839676 kB
Dirty:           4481108 kB
Writeback:             0 kB
AnonPages:        782796 kB
WritebackTmp:          0 kB

=== 2025-12-29 18:35:16.986 ===
              total        used        free      shared  buff/cache   available
Mem:          117Gi       1.1Gi        72Gi       8.0Mi        43Gi       113Gi
Swap:         819Mi          0B       819Mi
MemTotal:       123223064 kB
MemFree:        76076512 kB
MemAvailable:   118646640 kB
Buffers:            4188 kB
Cached:         45862836 kB
SwapCached:            0 kB
SwapTotal:        839676 kB
SwapFree:         839676 kB
Dirty:           5303220 kB
Writeback:             0 kB
AnonPages:        782872 kB
WritebackTmp:          0 kB

=== 2025-12-29 18:35:21.993 ===
              total        used        free      shared  buff/cache   available
Mem:          117Gi       1.1Gi        71Gi       8.0Mi        45Gi       113Gi
Swap:         819Mi          0B       819Mi
MemTotal:       123223064 kB
MemFree:        74920632 kB
MemAvailable:   118644276 kB
Buffers:            4188 kB
Cached:         47015088 kB
SwapCached:            0 kB
SwapTotal:        839676 kB
SwapFree:         839676 kB
Dirty:           5308708 kB
Writeback:        296960 kB
AnonPages:        782972 kB
WritebackTmp:          0 kB

=== 2025-12-29 18:35:27.003 ===
              total        used        free      shared  buff/cache   available
Mem:          117Gi       1.1Gi        70Gi       8.0Mi        46Gi       113Gi
Swap:         819Mi          0B       819Mi
MemTotal:       123223064 kB
MemFree:        73827340 kB
MemAvailable:   118637284 kB
Buffers:            4188 kB
Cached:         48100096 kB
SwapCached:            0 kB
SwapTotal:        839676 kB
SwapFree:         839676 kB
Dirty:           6006956 kB
Writeback:             0 kB
AnonPages:        790452 kB
WritebackTmp:          0 kB

=== 2025-12-29 18:35:32.008 ===
              total        used        free      shared  buff/cache   available
Mem:          117Gi       1.1Gi        69Gi       8.0Mi        46Gi       113Gi
Swap:         819Mi          0B       819Mi
MemTotal:       123223064 kB
MemFree:        73348936 kB
MemAvailable:   118642780 kB
Buffers:            4188 kB
Cached:         48583752 kB
SwapCached:            0 kB
SwapTotal:        839676 kB
SwapFree:         839676 kB
Dirty:            966920 kB
Writeback:             0 kB
AnonPages:        783828 kB
WritebackTmp:          0 kB

=== 2025-12-29 18:35:37.014 ===
              total        used        free      shared  buff/cache   available
Mem:          117Gi       1.1Gi        68Gi       8.0Mi        47Gi       113Gi
Swap:         819Mi          0B       819Mi
MemTotal:       123223064 kB
MemFree:        72131312 kB
MemAvailable:   118641912 kB
Buffers:            4188 kB
Cached:         49798860 kB
SwapCached:            0 kB
SwapTotal:        839676 kB
SwapFree:         839676 kB
Dirty:           1975672 kB
Writeback:             0 kB
AnonPages:        783440 kB
WritebackTmp:          0 kB

=== 2025-12-29 18:35:42.019 ===
              total        used        free      shared  buff/cache   available
Mem:          117Gi       1.2Gi        67Gi       8.0Mi        48Gi       113Gi
Swap:         819Mi          0B       819Mi
MemTotal:       123223064 kB
MemFree:        70730276 kB
MemAvailable:   118519464 kB
Buffers:            4188 kB
Cached:         51075968 kB
SwapCached:            0 kB
SwapTotal:        839676 kB
SwapFree:         839676 kB
Dirty:           2886488 kB
Writeback:             0 kB
AnonPages:        901456 kB
WritebackTmp:          0 kB

=== 2025-12-29 18:35:47.024 ===
              total        used        free      shared  buff/cache   available
Mem:          117Gi       1.2Gi        66Gi       8.0Mi        50Gi       113Gi
Swap:         819Mi          0B       819Mi
MemTotal:       123223064 kB
MemFree:        69210756 kB
MemAvailable:   118516204 kB
Buffers:            4188 kB
Cached:         52590528 kB
SwapCached:            0 kB
SwapTotal:        839676 kB
SwapFree:         839676 kB
Dirty:           3869856 kB
Writeback:             0 kB
AnonPages:        903148 kB
WritebackTmp:          0 kB

=== 2025-12-29 18:35:52.030 ===
              total        used        free      shared  buff/cache   available
Mem:          117Gi       1.2Gi        64Gi       8.0Mi        51Gi       113Gi
Swap:         819Mi          0B       819Mi
MemTotal:       123223064 kB
MemFree:        68057116 kB
MemAvailable:   118514480 kB
Buffers:            4188 kB
Cached:         53741088 kB
SwapCached:            0 kB
SwapTotal:        839676 kB
SwapFree:         839676 kB
Dirty:           4741756 kB
Writeback:             0 kB
AnonPages:        903224 kB
WritebackTmp:          0 kB

=== 2025-12-29 18:35:57.035 ===
              total        used        free      shared  buff/cache   available
Mem:          117Gi       1.1Gi        63Gi       8.0Mi        52Gi       113Gi
Swap:         819Mi          0B       819Mi
MemTotal:       123223064 kB
MemFree:        66976084 kB
MemAvailable:   118571188 kB
Buffers:            4188 kB
Cached:         54877352 kB
SwapCached:            0 kB
SwapTotal:        839676 kB
SwapFree:         839676 kB
Dirty:           5405680 kB
Writeback:        216804 kB
AnonPages:        845528 kB
WritebackTmp:          0 kB

=== 2025-12-29 18:36:02.042 ===
              total        used        free      shared  buff/cache   available
Mem:          117Gi       1.1Gi        63Gi       8.0Mi        52Gi       113Gi
Swap:         819Mi          0B       819Mi
MemTotal:       123223064 kB
MemFree:        66473836 kB
MemAvailable:   118567920 kB
Buffers:            4188 kB
Cached:         55376008 kB
SwapCached:            0 kB
SwapTotal:        839676 kB
SwapFree:         839676 kB
Dirty:            207864 kB
Writeback:             0 kB
AnonPages:        848552 kB
WritebackTmp:          0 kB

=== 2025-12-29 18:36:07.048 ===
              total        used        free      shared  buff/cache   available
Mem:          117Gi       1.1Gi        63Gi       8.0Mi        53Gi       113Gi
Swap:         819Mi          0B       819Mi
MemTotal:       123223064 kB
MemFree:        66175360 kB
MemAvailable:   118540732 kB
Buffers:            4188 kB
Cached:         55645016 kB
SwapCached:            0 kB
SwapTotal:        839676 kB
SwapFree:         839676 kB
Dirty:                68 kB
Writeback:             0 kB
AnonPages:        867092 kB
WritebackTmp:          0 kB

=== 2025-12-29 18:36:12.053 ===
              total        used        free      shared  buff/cache   available
Mem:          117Gi       1.1Gi        63Gi       8.0Mi        53Gi       113Gi
Swap:         819Mi          0B       819Mi
MemTotal:       123223064 kB
MemFree:        66243248 kB
MemAvailable:   118608632 kB
Buffers:            4188 kB
Cached:         55645032 kB
SwapCached:            0 kB
SwapTotal:        839676 kB
SwapFree:         839676 kB
Dirty:                88 kB
Writeback:             0 kB
AnonPages:        801024 kB
WritebackTmp:          0 kB

=== 2025-12-29 18:36:17.058 ===
              total        used        free      shared  buff/cache   available
Mem:          117Gi       1.1Gi        61Gi       8.0Mi        54Gi       113Gi
Swap:         819Mi          0B       819Mi
MemTotal:       123223064 kB
MemFree:        64866508 kB
MemAvailable:   118575404 kB
Buffers:            4188 kB
Cached:         56987032 kB
SwapCached:            0 kB
SwapTotal:        839676 kB
SwapFree:         839676 kB
Dirty:           1331404 kB
Writeback:             0 kB
AnonPages:        811208 kB
WritebackTmp:          0 kB

=== 2025-12-29 18:36:22.065 ===
              total        used        free      shared  buff/cache   available
Mem:          117Gi       1.1Gi        52Gi       8.0Mi        63Gi       113Gi
Swap:         819Mi          0B       819Mi
MemTotal:       123223064 kB
MemFree:        55184592 kB
MemAvailable:   118574392 kB
Buffers:            4188 kB
Cached:         66656916 kB
SwapCached:            0 kB
SwapTotal:        839676 kB
SwapFree:         839676 kB
Dirty:          11000976 kB
Writeback:             0 kB
AnonPages:        814148 kB
WritebackTmp:          0 kB

=== 2025-12-29 18:36:27.072 ===
              total        used        free      shared  buff/cache   available
Mem:          117Gi       1.1Gi        50Gi       8.0Mi        65Gi       113Gi
Swap:         819Mi          0B       819Mi
MemTotal:       123223064 kB
MemFree:        53039092 kB
MemAvailable:   118530588 kB
Buffers:            4188 kB
Cached:         68743684 kB
SwapCached:            0 kB
SwapTotal:        839676 kB
SwapFree:         839676 kB
Dirty:          10688260 kB
Writeback:        204956 kB
AnonPages:        823844 kB
WritebackTmp:          0 kB

=== 2025-12-29 18:36:32.108 ===
              total        used        free      shared  buff/cache   available
Mem:          117Gi       1.1Gi        50Gi       8.0Mi        66Gi       113Gi
Swap:         819Mi          0B       819Mi
MemTotal:       123223064 kB
MemFree:        52773260 kB
MemAvailable:   118498340 kB
Buffers:            4188 kB
Cached:         68967116 kB
SwapCached:            0 kB
SwapTotal:        839676 kB
SwapFree:         839676 kB
Dirty:           4330568 kB
Writeback:        202812 kB
AnonPages:        834416 kB
WritebackTmp:          0 kB

=== 2025-12-29 18:36:37.125 ===
              total        used        free      shared  buff/cache   available
Mem:          117Gi       1.2Gi        49Gi       8.0Mi        66Gi       112Gi
Swap:         819Mi          0B       819Mi
MemTotal:       123223064 kB
MemFree:        52357236 kB
MemAvailable:   118455944 kB
Buffers:            4188 kB
Cached:         69325200 kB
SwapCached:            0 kB
SwapTotal:        839676 kB
SwapFree:         839676 kB
Dirty:            781096 kB
Writeback:             0 kB
AnonPages:        837296 kB
WritebackTmp:          0 kB

=== 2025-12-29 18:36:42.131 ===
              total        used        free      shared  buff/cache   available
Mem:          117Gi       1.2Gi        48Gi       8.0Mi        68Gi       112Gi
Swap:         819Mi          0B       819Mi
MemTotal:       123223064 kB
MemFree:        50457016 kB
MemAvailable:   118420716 kB
Buffers:            4188 kB
Cached:         71177776 kB
SwapCached:            0 kB
SwapTotal:        839676 kB
SwapFree:         839676 kB
Dirty:           2633672 kB
Writeback:             0 kB
AnonPages:        841212 kB
WritebackTmp:          0 kB

=== 2025-12-29 18:36:47.137 ===
              total        used        free      shared  buff/cache   available
Mem:          117Gi       1.2Gi        46Gi       8.0Mi        69Gi       112Gi
Swap:         819Mi          0B       819Mi
MemTotal:       123223064 kB
MemFree:        49126732 kB
MemAvailable:   118351800 kB
Buffers:            4188 kB
Cached:         72419780 kB
SwapCached:            0 kB
SwapTotal:        839676 kB
SwapFree:         839676 kB
Dirty:           3875676 kB
Writeback:             0 kB
AnonPages:        859204 kB
WritebackTmp:          0 kB

=== 2025-12-29 18:36:52.142 ===
              total        used        free      shared  buff/cache   available
Mem:          117Gi       1.3Gi        46Gi       8.0Mi        69Gi       112Gi
Swap:         819Mi          0B       819Mi
MemTotal:       123223064 kB
MemFree:        48527416 kB
MemAvailable:   118266324 kB
Buffers:            4188 kB
Cached:         72905708 kB
SwapCached:            0 kB
SwapTotal:        839676 kB
SwapFree:         839676 kB
Dirty:           4361604 kB
Writeback:             0 kB
AnonPages:        878168 kB
WritebackTmp:          0 kB

=== 2025-12-29 18:36:57.149 ===
              total        used        free      shared  buff/cache   available
Mem:          117Gi       1.3Gi        45Gi       8.0Mi        70Gi       112Gi
Swap:         819Mi          0B       819Mi
MemTotal:       123223064 kB
MemFree:        47414928 kB
MemAvailable:   118197764 kB
Buffers:            4188 kB
Cached:         73926488 kB
SwapCached:            0 kB
SwapTotal:        839676 kB
SwapFree:         839676 kB
Dirty:           5213976 kB
Writeback:             0 kB
AnonPages:        883504 kB
WritebackTmp:          0 kB

=== 2025-12-29 18:37:02.155 ===
              total        used        free      shared  buff/cache   available
Mem:          117Gi       1.4Gi        44Gi       8.0Mi        71Gi       112Gi
Swap:         819Mi          0B       819Mi
MemTotal:       123223064 kB
MemFree:        46276356 kB
MemAvailable:   118123640 kB
Buffers:            4188 kB
Cached:         74967156 kB
SwapCached:            0 kB
SwapTotal:        839676 kB
SwapFree:         839676 kB
Dirty:           6040600 kB
Writeback:           712 kB
AnonPages:        889988 kB
WritebackTmp:          0 kB

=== 2025-12-29 18:37:07.162 ===
              total        used        free      shared  buff/cache   available
Mem:          117Gi       1.4Gi        43Gi       8.0Mi        72Gi       112Gi
Swap:         819Mi          0B       819Mi
MemTotal:       123223064 kB
MemFree:        45591176 kB
MemAvailable:   118039396 kB
Buffers:            4188 kB
Cached:         75540616 kB
SwapCached:            0 kB
SwapTotal:        839676 kB
SwapFree:         839676 kB
Dirty:           6491148 kB
Writeback:          1068 kB
AnonPages:        906812 kB
WritebackTmp:          0 kB

=== 2025-12-29 18:37:12.170 ===
              total        used        free      shared  buff/cache   available
Mem:          117Gi       1.5Gi        42Gi       8.0Mi        73Gi       112Gi
Swap:         819Mi          0B       819Mi
MemTotal:       123223064 kB
MemFree:        45015676 kB
MemAvailable:   117946156 kB
Buffers:            4188 kB
Cached:         75996352 kB
SwapCached:            0 kB
SwapTotal:        839676 kB
SwapFree:         839676 kB
Dirty:           5253464 kB
Writeback:             0 kB
AnonPages:        926416 kB
WritebackTmp:          0 kB

=== 2025-12-29 18:37:17.176 ===
              total        used        free      shared  buff/cache   available
Mem:          117Gi       1.5Gi        48Gi       8.0Mi        67Gi       112Gi
Swap:         819Mi          0B       819Mi
MemTotal:       123223064 kB
MemFree:        50793876 kB
MemAvailable:   117925836 kB
Buffers:            4188 kB
Cached:         70188940 kB
SwapCached:            0 kB
SwapTotal:        839676 kB
SwapFree:         839676 kB
Dirty:           4290872 kB
Writeback:             0 kB
AnonPages:        905964 kB
WritebackTmp:          0 kB

=== 2025-12-29 18:37:22.183 ===
              total        used        free      shared  buff/cache   available
Mem:          117Gi       1.6Gi        48Gi       8.0Mi        67Gi       112Gi
Swap:         819Mi          0B       819Mi
MemTotal:       123223064 kB
MemFree:        50465124 kB
MemAvailable:   117862568 kB
Buffers:            4188 kB
Cached:         70440756 kB
SwapCached:            0 kB
SwapTotal:        839676 kB
SwapFree:         839676 kB
Dirty:           3862984 kB
Writeback:             0 kB
AnonPages:        916152 kB
WritebackTmp:          0 kB

=== 2025-12-29 18:37:27.189 ===
              total        used        free      shared  buff/cache   available
Mem:          117Gi       1.6Gi        47Gi       8.0Mi        68Gi       112Gi
Swap:         819Mi          0B       819Mi
MemTotal:       123223064 kB
MemFree:        49927544 kB
MemAvailable:   117806512 kB
Buffers:            4188 kB
Cached:         70908712 kB
SwapCached:            0 kB
SwapTotal:        839676 kB
SwapFree:         839676 kB
Dirty:           3124392 kB
Writeback:           648 kB
AnonPages:        918016 kB
WritebackTmp:          0 kB

=== 2025-12-29 18:37:32.224 ===
              total        used        free      shared  buff/cache   available
Mem:          117Gi       1.6Gi        46Gi       8.0Mi        69Gi       112Gi
Swap:         819Mi          0B       819Mi
MemTotal:       123223064 kB
MemFree:        48982420 kB
MemAvailable:   117784364 kB
Buffers:            4188 kB
Cached:         71820920 kB
SwapCached:            0 kB
SwapTotal:        839676 kB
SwapFree:         839676 kB
Dirty:           4025508 kB
Writeback:          2136 kB
AnonPages:        919420 kB
WritebackTmp:          0 kB

=== 2025-12-29 18:37:37.290 ===
              total        used        free      shared  buff/cache   available
Mem:          117Gi       1.7Gi        45Gi       8.0Mi        70Gi       112Gi
Swap:         819Mi          0B       819Mi
MemTotal:       123223064 kB
MemFree:        47971928 kB
MemAvailable:   117737508 kB
Buffers:            4188 kB
Cached:         72776116 kB
SwapCached:            0 kB
SwapTotal:        839676 kB
SwapFree:         839676 kB
Dirty:           3646908 kB
Writeback:             0 kB
AnonPages:        927200 kB
WritebackTmp:          0 kB

=== 2025-12-29 18:37:42.295 ===
              total        used        free      shared  buff/cache   available
Mem:          117Gi       1.7Gi        45Gi       8.0Mi        70Gi       112Gi
Swap:         819Mi          0B       819Mi
MemTotal:       123223064 kB
MemFree:        47404452 kB
MemAvailable:   117653992 kB
Buffers:            4188 kB
Cached:         73242396 kB
SwapCached:            0 kB
SwapTotal:        839676 kB
SwapFree:         839676 kB
Dirty:           3692204 kB
Writeback:             0 kB
AnonPages:        939052 kB
WritebackTmp:          0 kB

=== 2025-12-29 18:37:47.301 ===
              total        used        free      shared  buff/cache   available
Mem:          117Gi       1.7Gi        50Gi       8.0Mi        65Gi       112Gi
Swap:         819Mi          0B       819Mi
MemTotal:       123223064 kB
MemFree:        52755804 kB
MemAvailable:   117645236 kB
Buffers:            4188 kB
Cached:         67883680 kB
SwapCached:            0 kB
SwapTotal:        839676 kB
SwapFree:         839676 kB
Dirty:           2932624 kB
Writeback:             0 kB
AnonPages:        933796 kB
WritebackTmp:          0 kB

=== 2025-12-29 18:37:52.307 ===
              total        used        free      shared  buff/cache   available
Mem:          117Gi       1.7Gi        50Gi       8.0Mi        65Gi       112Gi
Swap:         819Mi          0B       819Mi
MemTotal:       123223064 kB
MemFree:        52650056 kB
MemAvailable:   117628432 kB
Buffers:            4188 kB
Cached:         67972568 kB
SwapCached:            0 kB
SwapTotal:        839676 kB
SwapFree:         839676 kB
Dirty:           2843016 kB
Writeback:             0 kB
AnonPages:        934168 kB
WritebackTmp:          0 kB

=== 2025-12-29 18:37:57.312 ===
              total        used        free      shared  buff/cache   available
Mem:          117Gi       1.7Gi        50Gi       8.0Mi        65Gi       112Gi
Swap:         819Mi          0B       819Mi
MemTotal:       123223064 kB
MemFree:        52606376 kB
MemAvailable:   117638612 kB
Buffers:            4188 kB
Cached:         68026284 kB
SwapCached:            0 kB
SwapTotal:        839676 kB
SwapFree:         839676 kB
Dirty:           2444888 kB
Writeback:             0 kB
AnonPages:        921196 kB
WritebackTmp:          0 kB

=== 2025-12-29 18:38:02.354 ===
              total        used        free      shared  buff/cache   available
Mem:          117Gi       1.7Gi        50Gi       8.0Mi        65Gi       112Gi
Swap:         819Mi          0B       819Mi
MemTotal:       123223064 kB
MemFree:        52645980 kB
MemAvailable:   117721268 kB
Buffers:            4188 kB
Cached:         68069276 kB
SwapCached:            0 kB
SwapTotal:        839676 kB
SwapFree:         839676 kB
Dirty:           1687032 kB
Writeback:           684 kB
AnonPages:        844088 kB
WritebackTmp:          0 kB

=== 2025-12-29 18:38:07.391 ===
              total        used        free      shared  buff/cache   available
Mem:          117Gi       1.7Gi        50Gi       8.0Mi        65Gi       112Gi
Swap:         819Mi          0B       819Mi
MemTotal:       123223064 kB
MemFree:        52544344 kB
MemAvailable:   117720000 kB
Buffers:            4188 kB
Cached:         68169516 kB
SwapCached:            0 kB
SwapTotal:        839676 kB
SwapFree:         839676 kB
Dirty:           1660900 kB
Writeback:             0 kB
AnonPages:        843880 kB
WritebackTmp:          0 kB

=== 2025-12-29 18:38:12.409 ===
              total        used        free      shared  buff/cache   available
Mem:          117Gi       1.7Gi        50Gi       8.0Mi        65Gi       112Gi
Swap:         819Mi          0B       819Mi
MemTotal:       123223064 kB
MemFree:        52479248 kB
MemAvailable:   117722564 kB
Buffers:            4188 kB
Cached:         68237064 kB
SwapCached:            0 kB
SwapTotal:        839676 kB
SwapFree:         839676 kB
Dirty:            565524 kB
Writeback:             0 kB
AnonPages:        845476 kB
WritebackTmp:          0 kB

=== 2025-12-29 18:38:17.416 ===
              total        used        free      shared  buff/cache   available
Mem:          117Gi       1.7Gi        49Gi       8.0Mi        65Gi       112Gi
Swap:         819Mi          0B       819Mi
MemTotal:       123223064 kB
MemFree:        52406960 kB
MemAvailable:   117717164 kB
Buffers:            4188 kB
Cached:         68303896 kB
SwapCached:            0 kB
SwapTotal:        839676 kB
SwapFree:         839676 kB
Dirty:            198756 kB
Writeback:             0 kB
AnonPages:        853616 kB
WritebackTmp:          0 kB

=== 2025-12-29 18:38:22.423 ===
              total        used        free      shared  buff/cache   available
Mem:          117Gi       1.7Gi        49Gi       8.0Mi        65Gi       112Gi
Swap:         819Mi          0B       819Mi
MemTotal:       123223064 kB
MemFree:        52353880 kB
MemAvailable:   117723604 kB
Buffers:            4188 kB
Cached:         68363344 kB
SwapCached:            0 kB
SwapTotal:        839676 kB
SwapFree:         839676 kB
Dirty:             60980 kB
Writeback:             0 kB
AnonPages:        847600 kB
WritebackTmp:          0 kB

=== 2025-12-29 18:38:27.428 ===
              total        used        free      shared  buff/cache   available
Mem:          117Gi       1.7Gi        49Gi       8.0Mi        65Gi       112Gi
Swap:         819Mi          0B       819Mi
MemTotal:       123223064 kB
MemFree:        52301128 kB
MemAvailable:   117723540 kB
Buffers:            4188 kB
Cached:         68415856 kB
SwapCached:            0 kB
SwapTotal:        839676 kB
SwapFree:         839676 kB
Dirty:            113492 kB
Writeback:             0 kB
AnonPages:        847768 kB
WritebackTmp:          0 kB

=== 2025-12-29 18:38:32.433 ===
              total        used        free      shared  buff/cache   available
Mem:          117Gi       1.6Gi        49Gi       8.0Mi        66Gi       112Gi
Swap:         819Mi          0B       819Mi
MemTotal:       123223064 kB
MemFree:        52221248 kB
MemAvailable:   117727900 kB
Buffers:            4188 kB
Cached:         68500068 kB
SwapCached:            0 kB
SwapTotal:        839676 kB
SwapFree:         839676 kB
Dirty:            197704 kB
Writeback:             0 kB
AnonPages:        847872 kB
WritebackTmp:          0 kB

=== 2025-12-29 18:38:37.438 ===
              total        used        free      shared  buff/cache   available
Mem:          117Gi       1.6Gi        49Gi       8.0Mi        66Gi       112Gi
Swap:         819Mi          0B       819Mi
MemTotal:       123223064 kB
MemFree:        52064524 kB
MemAvailable:   117727716 kB
Buffers:            4188 kB
Cached:         68656392 kB
SwapCached:            0 kB
SwapTotal:        839676 kB
SwapFree:         839676 kB
Dirty:            353908 kB
Writeback:             0 kB
AnonPages:        847996 kB
WritebackTmp:          0 kB

=== 2025-12-29 18:38:42.444 ===
              total        used        free      shared  buff/cache   available
Mem:          117Gi       1.7Gi        49Gi       8.0Mi        66Gi       112Gi
Swap:         819Mi          0B       819Mi
MemTotal:       123223064 kB
MemFree:        51977024 kB
MemAvailable:   117717880 kB
Buffers:            4188 kB
Cached:         68734016 kB
SwapCached:            0 kB
SwapTotal:        839676 kB
SwapFree:         839676 kB
Dirty:            431532 kB
Writeback:             0 kB
AnonPages:        856792 kB
WritebackTmp:          0 kB

=== 2025-12-29 18:38:47.450 ===
              total        used        free      shared  buff/cache   available
Mem:          117Gi       1.7Gi        49Gi       8.0Mi        66Gi       112Gi
Swap:         819Mi          0B       819Mi
MemTotal:       123223064 kB
MemFree:        51914476 kB
MemAvailable:   117717620 kB
Buffers:            4188 kB
Cached:         68796208 kB
SwapCached:            0 kB
SwapTotal:        839676 kB
SwapFree:         839676 kB
Dirty:            195088 kB
Writeback:             0 kB
AnonPages:        857796 kB
WritebackTmp:          0 kB

=== 2025-12-29 18:38:52.455 ===
              total        used        free      shared  buff/cache   available
Mem:          117Gi       1.8Gi        49Gi       8.0Mi        66Gi       112Gi
Swap:         819Mi          0B       819Mi
MemTotal:       123223064 kB
MemFree:        51749156 kB
MemAvailable:   117599200 kB
Buffers:            4188 kB
Cached:         68843084 kB
SwapCached:            0 kB
SwapTotal:        839676 kB
SwapFree:         839676 kB
Dirty:             43572 kB
Writeback:             0 kB
AnonPages:        973852 kB
WritebackTmp:          0 kB

=== 2025-12-29 18:38:57.462 ===
              total        used        free      shared  buff/cache   available
Mem:          117Gi       1.8Gi        49Gi       8.0Mi        66Gi       112Gi
Swap:         819Mi          0B       819Mi
MemTotal:       123223064 kB
MemFree:        51688240 kB
MemAvailable:   117598452 kB
Buffers:            4188 kB
Cached:         68903212 kB
SwapCached:            0 kB
SwapTotal:        839676 kB
SwapFree:         839676 kB
Dirty:            103696 kB
Writeback:             0 kB
AnonPages:        974592 kB
WritebackTmp:          0 kB

=== 2025-12-29 18:39:02.467 ===
              total        used        free      shared  buff/cache   available
Mem:          117Gi       1.8Gi        49Gi       8.0Mi        66Gi       112Gi
Swap:         819Mi          0B       819Mi
MemTotal:       123223064 kB
MemFree:        51619840 kB
MemAvailable:   117588532 kB
Buffers:            4188 kB
Cached:         68961636 kB
SwapCached:            0 kB
SwapTotal:        839676 kB
SwapFree:         839676 kB
Dirty:            162120 kB
Writeback:             0 kB
AnonPages:        985252 kB
WritebackTmp:          0 kB

=== 2025-12-29 18:39:07.473 ===
              total        used        free      shared  buff/cache   available
Mem:          117Gi       1.7Gi        49Gi       8.0Mi        66Gi       112Gi
Swap:         819Mi          0B       819Mi
MemTotal:       123223064 kB
MemFree:        51589968 kB
MemAvailable:   117713492 kB
Buffers:            4188 kB
Cached:         69116192 kB
SwapCached:            0 kB
SwapTotal:        839676 kB
SwapFree:         839676 kB
Dirty:            316556 kB
Writeback:             0 kB
AnonPages:        862492 kB
WritebackTmp:          0 kB

=== 2025-12-29 18:39:12.479 ===
              total        used        free      shared  buff/cache   available
Mem:          117Gi       1.7Gi        49Gi       8.0Mi        66Gi       112Gi
Swap:         819Mi          0B       819Mi
MemTotal:       123223064 kB
MemFree:        51443232 kB
MemAvailable:   117712296 kB
Buffers:            4188 kB
Cached:         69261616 kB
SwapCached:            0 kB
SwapTotal:        839676 kB
SwapFree:         839676 kB
Dirty:            461972 kB
Writeback:             0 kB
AnonPages:        864348 kB
WritebackTmp:          0 kB

=== 2025-12-29 18:39:17.485 ===
              total        used        free      shared  buff/cache   available
Mem:          117Gi       1.7Gi        48Gi       8.0Mi        66Gi       112Gi
Swap:         819Mi          0B       819Mi
MemTotal:       123223064 kB
MemFree:        51297748 kB
MemAvailable:   117709156 kB
Buffers:            4188 kB
Cached:         69403684 kB
SwapCached:            0 kB
SwapTotal:        839676 kB
SwapFree:         839676 kB
Dirty:            427356 kB
Writeback:             0 kB
AnonPages:        868024 kB
WritebackTmp:          0 kB

=== 2025-12-29 18:39:22.490 ===
              total        used        free      shared  buff/cache   available
Mem:          117Gi       1.7Gi        48Gi       8.0Mi        67Gi       112Gi
Swap:         819Mi          0B       819Mi
MemTotal:       123223064 kB
MemFree:        51146868 kB
MemAvailable:   117697056 kB
Buffers:            4188 kB
Cached:         69542392 kB
SwapCached:            0 kB
SwapTotal:        839676 kB
SwapFree:         839676 kB
Dirty:             53672 kB
Writeback:             0 kB
AnonPages:        880972 kB
WritebackTmp:          0 kB

=== 2025-12-29 18:39:27.495 ===
              total        used        free      shared  buff/cache   available
Mem:          117Gi       1.7Gi        48Gi       8.0Mi        67Gi       112Gi
Swap:         819Mi          0B       819Mi
MemTotal:       123223064 kB
MemFree:        51056988 kB
MemAvailable:   117697612 kB
Buffers:            4188 kB
Cached:         69632640 kB
SwapCached:            0 kB
SwapTotal:        839676 kB
SwapFree:         839676 kB
Dirty:            143920 kB
Writeback:             0 kB
AnonPages:        882700 kB
WritebackTmp:          0 kB

=== 2025-12-29 18:39:32.502 ===
              total        used        free      shared  buff/cache   available
Mem:          117Gi       1.7Gi        48Gi       8.0Mi        67Gi       112Gi
Swap:         819Mi          0B       819Mi
MemTotal:       123223064 kB
MemFree:        50907348 kB
MemAvailable:   117699448 kB
Buffers:            4188 kB
Cached:         69783996 kB
SwapCached:            0 kB
SwapTotal:        839676 kB
SwapFree:         839676 kB
Dirty:            295144 kB
Writeback:             0 kB
AnonPages:        883056 kB
WritebackTmp:          0 kB

=== 2025-12-29 18:39:37.508 ===
              total        used        free      shared  buff/cache   available
Mem:          117Gi       1.7Gi        48Gi       8.0Mi        67Gi       112Gi
Swap:         819Mi          0B       819Mi
MemTotal:       123223064 kB
MemFree:        50866204 kB
MemAvailable:   117702576 kB
Buffers:            4188 kB
Cached:         69828192 kB
SwapCached:            0 kB
SwapTotal:        839676 kB
SwapFree:         839676 kB
Dirty:            339192 kB
Writeback:             0 kB
AnonPages:        882604 kB
WritebackTmp:          0 kB

=== 2025-12-29 18:39:42.512 ===
              total        used        free      shared  buff/cache   available
Mem:          117Gi       1.7Gi        48Gi       8.0Mi        67Gi       112Gi
Swap:         819Mi          0B       819Mi
MemTotal:       123223064 kB
MemFree:        50819180 kB
MemAvailable:   117705152 kB
Buffers:            4188 kB
Cached:         69877760 kB
SwapCached:            0 kB
SwapTotal:        839676 kB
SwapFree:         839676 kB
Dirty:            388776 kB
Writeback:             0 kB
AnonPages:        883388 kB
WritebackTmp:          0 kB

=== 2025-12-29 18:39:47.519 ===
              total        used        free      shared  buff/cache   available
Mem:          117Gi       1.7Gi        48Gi       8.0Mi        67Gi       112Gi
Swap:         819Mi          0B       819Mi
MemTotal:       123223064 kB
MemFree:        50772324 kB
MemAvailable:   117703832 kB
Buffers:            4188 kB
Cached:         69923280 kB
SwapCached:            0 kB
SwapTotal:        839676 kB
SwapFree:         839676 kB
Dirty:            262236 kB
Writeback:             0 kB
AnonPages:        897384 kB
WritebackTmp:          0 kB

=== 2025-12-29 18:39:52.527 ===
              total        used        free      shared  buff/cache   available
Mem:          117Gi       1.8Gi        48Gi       8.0Mi        67Gi       112Gi
Swap:         819Mi          0B       819Mi
MemTotal:       123223064 kB
MemFree:        50614948 kB
MemAvailable:   117606348 kB
Buffers:            4188 kB
Cached:         69982996 kB
SwapCached:            0 kB
SwapTotal:        839676 kB
SwapFree:         839676 kB
Dirty:            168504 kB
Writeback:        153436 kB
AnonPages:       1002920 kB
WritebackTmp:          0 kB

=== 2025-12-29 18:39:57.534 ===
              total        used        free      shared  buff/cache   available
Mem:          117Gi       1.8Gi        48Gi       8.0Mi        67Gi       112Gi
Swap:         819Mi          0B       819Mi
MemTotal:       123223064 kB
MemFree:        50558636 kB
MemAvailable:   117610240 kB
Buffers:            4188 kB
Cached:         70043148 kB
SwapCached:            0 kB
SwapTotal:        839676 kB
SwapFree:         839676 kB
Dirty:             90460 kB
Writeback:             0 kB
AnonPages:       1003336 kB
WritebackTmp:          0 kB

=== 2025-12-29 18:40:02.540 ===
              total        used        free      shared  buff/cache   available
Mem:          117Gi       1.7Gi        48Gi       8.0Mi        67Gi       112Gi
Swap:         819Mi          0B       819Mi
MemTotal:       123223064 kB
MemFree:        50498428 kB
MemAvailable:   117617324 kB
Buffers:            4188 kB
Cached:         70110408 kB
SwapCached:            0 kB
SwapTotal:        839676 kB
SwapFree:         839676 kB
Dirty:            157552 kB
Writeback:             0 kB
AnonPages:       1003740 kB
WritebackTmp:          0 kB

=== 2025-12-29 18:40:07.544 ===
              total        used        free      shared  buff/cache   available
Mem:          117Gi       1.7Gi        48Gi       8.0Mi        67Gi       112Gi
Swap:         819Mi          0B       819Mi
MemTotal:       123223064 kB
MemFree:        50466200 kB
MemAvailable:   117648360 kB
Buffers:            4188 kB
Cached:         70173424 kB
SwapCached:            0 kB
SwapTotal:        839676 kB
SwapFree:         839676 kB
Dirty:            220500 kB
Writeback:             0 kB
AnonPages:        975384 kB
WritebackTmp:          0 kB

=== 2025-12-29 18:40:12.550 ===
              total        used        free      shared  buff/cache   available
Mem:          117Gi       1.7Gi        48Gi       8.0Mi        67Gi       112Gi
Swap:         819Mi          0B       819Mi
MemTotal:       123223064 kB
MemFree:        50407264 kB
MemAvailable:   117657620 kB
Buffers:            4188 kB
Cached:         70241516 kB
SwapCached:            0 kB
SwapTotal:        839676 kB
SwapFree:         839676 kB
Dirty:            288460 kB
Writeback:             0 kB
AnonPages:        967472 kB
WritebackTmp:          0 kB

=== 2025-12-29 18:40:17.556 ===
              total        used        free      shared  buff/cache   available
Mem:          117Gi       1.7Gi        47Gi       8.0Mi        67Gi       112Gi
Swap:         819Mi          0B       819Mi
MemTotal:       123223064 kB
MemFree:        50321764 kB
MemAvailable:   117655280 kB
Buffers:            4188 kB
Cached:         70324644 kB
SwapCached:            0 kB
SwapTotal:        839676 kB
SwapFree:         839676 kB
Dirty:            371584 kB
Writeback:             0 kB
AnonPages:        968164 kB
WritebackTmp:          0 kB

=== 2025-12-29 18:40:22.561 ===
              total        used        free      shared  buff/cache   available
Mem:          117Gi       1.7Gi        47Gi       8.0Mi        67Gi       112Gi
Swap:         819Mi          0B       819Mi
MemTotal:       123223064 kB
MemFree:        50245328 kB
MemAvailable:   117654288 kB
Buffers:            4188 kB
Cached:         70399904 kB
SwapCached:            0 kB
SwapTotal:        839676 kB
SwapFree:         839676 kB
Dirty:            247804 kB
Writeback:             0 kB
AnonPages:        969512 kB
WritebackTmp:          0 kB

=== 2025-12-29 18:40:27.566 ===
              total        used        free      shared  buff/cache   available
Mem:          117Gi       1.7Gi        47Gi       8.0Mi        67Gi       112Gi
Swap:         819Mi          0B       819Mi
MemTotal:       123223064 kB
MemFree:        50152480 kB
MemAvailable:   117644636 kB
Buffers:            4188 kB
Cached:         70483024 kB
SwapCached:            0 kB
SwapTotal:        839676 kB
SwapFree:         839676 kB
Dirty:            114244 kB
Writeback:             0 kB
AnonPages:        978652 kB
WritebackTmp:          0 kB

=== 2025-12-29 18:40:32.572 ===
              total        used        free      shared  buff/cache   available
Mem:          117Gi       1.7Gi        47Gi       8.0Mi        68Gi       112Gi
Swap:         819Mi          0B       819Mi
MemTotal:       123223064 kB
MemFree:        50121272 kB
MemAvailable:   117674856 kB
Buffers:            4188 kB
Cached:         70544460 kB
SwapCached:            0 kB
SwapTotal:        839676 kB
SwapFree:         839676 kB
Dirty:            175664 kB
Writeback:             0 kB
AnonPages:        971000 kB
WritebackTmp:          0 kB

=== 2025-12-29 18:40:37.577 ===
              total        used        free      shared  buff/cache   available
Mem:          117Gi       1.7Gi        47Gi       8.0Mi        68Gi       112Gi
Swap:         819Mi          0B       819Mi
MemTotal:       123223064 kB
MemFree:        50056780 kB
MemAvailable:   117675472 kB
Buffers:            4188 kB
Cached:         70609444 kB
SwapCached:            0 kB
SwapTotal:        839676 kB
SwapFree:         839676 kB
Dirty:            240632 kB
Writeback:             0 kB
AnonPages:        970224 kB
WritebackTmp:          0 kB

=== 2025-12-29 18:40:42.582 ===
              total        used        free      shared  buff/cache   available
Mem:          117Gi       1.7Gi        47Gi       8.0Mi        68Gi       112Gi
Swap:         819Mi          0B       819Mi
MemTotal:       123223064 kB
MemFree:        49981280 kB
MemAvailable:   117673944 kB
Buffers:            4188 kB
Cached:         70683284 kB
SwapCached:            0 kB
SwapTotal:        839676 kB
SwapFree:         839676 kB
Dirty:            314468 kB
Writeback:             0 kB
AnonPages:        971212 kB
WritebackTmp:          0 kB

=== 2025-12-29 18:40:47.588 ===
              total        used        free      shared  buff/cache   available
Mem:          117Gi       1.7Gi        47Gi       8.0Mi        68Gi       112Gi
Swap:         819Mi          0B       819Mi
MemTotal:       123223064 kB
MemFree:        49916512 kB
MemAvailable:   117672940 kB
Buffers:            4188 kB
Cached:         70747024 kB
SwapCached:            0 kB
SwapTotal:        839676 kB
SwapFree:         839676 kB
Dirty:            378072 kB
Writeback:             0 kB
AnonPages:        979692 kB
WritebackTmp:          0 kB

=== 2025-12-29 18:40:52.593 ===
              total        used        free      shared  buff/cache   available
Mem:          117Gi       1.7Gi        47Gi       8.0Mi        68Gi       112Gi
Swap:         819Mi          0B       819Mi
MemTotal:       123223064 kB
MemFree:        49848868 kB
MemAvailable:   117677392 kB
Buffers:            4188 kB
Cached:         70819116 kB
SwapCached:            0 kB
SwapTotal:        839676 kB
SwapFree:         839676 kB
Dirty:            226252 kB
Writeback:             0 kB
AnonPages:        975040 kB
WritebackTmp:          0 kB

=== 2025-12-29 18:40:57.599 ===
              total        used        free      shared  buff/cache   available
Mem:          117Gi       1.7Gi        47Gi       8.0Mi        68Gi       112Gi
Swap:         819Mi          0B       819Mi
MemTotal:       123223064 kB
MemFree:        49784804 kB
MemAvailable:   117680584 kB
Buffers:            4188 kB
Cached:         70886240 kB
SwapCached:            0 kB
SwapTotal:        839676 kB
SwapFree:         839676 kB
Dirty:             84508 kB
Writeback:             0 kB
AnonPages:        977532 kB
WritebackTmp:          0 kB

=== 2025-12-29 18:41:02.603 ===
              total        used        free      shared  buff/cache   available
Mem:          117Gi       1.6Gi        47Gi       8.0Mi        68Gi       112Gi
Swap:         819Mi          0B       819Mi
MemTotal:       123223064 kB
MemFree:        49818472 kB
MemAvailable:   117769388 kB
Buffers:            4188 kB
Cached:         70941280 kB
SwapCached:            0 kB
SwapTotal:        839676 kB
SwapFree:         839676 kB
Dirty:            139532 kB
Writeback:             0 kB
AnonPages:        905052 kB
WritebackTmp:          0 kB

=== 2025-12-29 18:41:07.609 ===
              total        used        free      shared  buff/cache   available
Mem:          117Gi       1.6Gi        47Gi       8.0Mi        68Gi       112Gi
Swap:         819Mi          0B       819Mi
MemTotal:       123223064 kB
MemFree:        49752572 kB
MemAvailable:   117769332 kB
Buffers:            4188 kB
Cached:         71007076 kB
SwapCached:            0 kB
SwapTotal:        839676 kB
SwapFree:         839676 kB
Dirty:            205324 kB
Writeback:             0 kB
AnonPages:        904776 kB
WritebackTmp:          0 kB

=== 2025-12-29 18:41:12.615 ===
              total        used        free      shared  buff/cache   available
Mem:          117Gi       1.6Gi        47Gi       8.0Mi        68Gi       112Gi
Swap:         819Mi          0B       819Mi
MemTotal:       123223064 kB
MemFree:        49663252 kB
MemAvailable:   117760532 kB
Buffers:            4188 kB
Cached:         71087484 kB
SwapCached:            0 kB
SwapTotal:        839676 kB
SwapFree:         839676 kB
Dirty:            285736 kB
Writeback:             0 kB
AnonPages:        912836 kB
WritebackTmp:          0 kB

=== 2025-12-29 18:41:17.620 ===
              total        used        free      shared  buff/cache   available
Mem:          117Gi       1.6Gi        47Gi       8.0Mi        68Gi       112Gi
Swap:         819Mi          0B       819Mi
MemTotal:       123223064 kB
MemFree:        49588616 kB
MemAvailable:   117769496 kB
Buffers:            4188 kB
Cached:         71171012 kB
SwapCached:            0 kB
SwapTotal:        839676 kB
SwapFree:         839676 kB
Dirty:            369248 kB
Writeback:             0 kB
AnonPages:        904932 kB
WritebackTmp:          0 kB

=== 2025-12-29 18:41:22.625 ===
              total        used        free      shared  buff/cache   available
Mem:          117Gi       1.6Gi        47Gi       8.0Mi        68Gi       112Gi
Swap:         819Mi          0B       819Mi
MemTotal:       123223064 kB
MemFree:        49535152 kB
MemAvailable:   117789108 kB
Buffers:            4188 kB
Cached:         71243964 kB
SwapCached:            0 kB
SwapTotal:        839676 kB
SwapFree:         839676 kB
Dirty:            236384 kB
Writeback:             0 kB
AnonPages:        905412 kB
WritebackTmp:          0 kB

=== 2025-12-29 18:41:27.630 ===
              total        used        free      shared  buff/cache   available
Mem:          117Gi       1.6Gi        47Gi       8.0Mi        68Gi       112Gi
Swap:         819Mi          0B       819Mi
MemTotal:       123223064 kB
MemFree:        49467464 kB
MemAvailable:   117789856 kB
Buffers:            4188 kB
Cached:         71312396 kB
SwapCached:            0 kB
SwapTotal:        839676 kB
SwapFree:         839676 kB
Dirty:             74060 kB
Writeback:             0 kB
AnonPages:        913628 kB
WritebackTmp:          0 kB

=== 2025-12-29 18:41:32.636 ===
              total        used        free      shared  buff/cache   available
Mem:          117Gi       1.6Gi        47Gi       8.0Mi        68Gi       112Gi
Swap:         819Mi          0B       819Mi
MemTotal:       123223064 kB
MemFree:        49419032 kB
MemAvailable:   117815352 kB
Buffers:            4188 kB
Cached:         71386212 kB
SwapCached:            0 kB
SwapTotal:        839676 kB
SwapFree:         839676 kB
Dirty:            147876 kB
Writeback:             0 kB
AnonPages:        921724 kB
WritebackTmp:          0 kB

=== 2025-12-29 18:41:37.642 ===
              total        used        free      shared  buff/cache   available
Mem:          117Gi       1.5Gi        47Gi       8.0Mi        68Gi       112Gi
Swap:         819Mi          0B       819Mi
MemTotal:       123223064 kB
MemFree:        49388076 kB
MemAvailable:   117836980 kB
Buffers:            4188 kB
Cached:         71438716 kB
SwapCached:            0 kB
SwapTotal:        839676 kB
SwapFree:         839676 kB
Dirty:            141316 kB
Writeback:             0 kB
AnonPages:        910872 kB
WritebackTmp:          0 kB

=== 2025-12-29 18:41:42.648 ===
              total        used        free      shared  buff/cache   available
Mem:          117Gi       1.5Gi        47Gi       8.0Mi        68Gi       112Gi
Swap:         819Mi          0B       819Mi
MemTotal:       123223064 kB
MemFree:        49378080 kB
MemAvailable:   117861924 kB
Buffers:            4188 kB
Cached:         71473572 kB
SwapCached:            0 kB
SwapTotal:        839676 kB
SwapFree:         839676 kB
Dirty:               132 kB
Writeback:        176028 kB
AnonPages:        911108 kB
WritebackTmp:          0 kB

=== 2025-12-29 18:41:47.655 ===
              total        used        free      shared  buff/cache   available
Mem:          117Gi       1.5Gi        45Gi       8.0Mi        70Gi       112Gi
Swap:         819Mi          0B       819Mi
MemTotal:       123223064 kB
MemFree:        47996808 kB
MemAvailable:   117909796 kB
Buffers:            4188 kB
Cached:         72889940 kB
SwapCached:            0 kB
SwapTotal:        839676 kB
SwapFree:         839676 kB
Dirty:           1416472 kB
Writeback:             0 kB
AnonPages:        839456 kB
WritebackTmp:          0 kB

=== 2025-12-29 18:41:52.661 ===
              total        used        free      shared  buff/cache   available
Mem:          117Gi       1.6Gi        45Gi       8.0Mi        70Gi       112Gi
Swap:         819Mi          0B       819Mi
MemTotal:       123223064 kB
MemFree:        47268716 kB
MemAvailable:   117768688 kB
Buffers:            4188 kB
Cached:         73460572 kB
SwapCached:            0 kB
SwapTotal:        839676 kB
SwapFree:         839676 kB
Dirty:           1972760 kB
Writeback:             0 kB
AnonPages:        948780 kB
WritebackTmp:          0 kB

=== 2025-12-29 18:41:57.666 ===
              total        used        free      shared  buff/cache   available
Mem:          117Gi       1.5Gi        46Gi       8.0Mi        70Gi       112Gi
Swap:         819Mi          0B       819Mi
MemTotal:       123223064 kB
MemFree:        48254264 kB
MemAvailable:   117876312 kB
Buffers:            4188 kB
Cached:         72577548 kB
SwapCached:            0 kB
SwapTotal:        839676 kB
SwapFree:         839676 kB
Dirty:           1084608 kB
Writeback:             0 kB
AnonPages:        833908 kB
WritebackTmp:          0 kB

=== 2025-12-29 18:42:02.671 ===
              total        used        free      shared  buff/cache   available
Mem:          117Gi       1.5Gi        45Gi       8.0Mi        70Gi       112Gi
Swap:         819Mi          0B       819Mi
MemTotal:       123223064 kB
MemFree:        48174336 kB
MemAvailable:   117876948 kB
Buffers:            4188 kB
Cached:         72658020 kB
SwapCached:            0 kB
SwapTotal:        839676 kB
SwapFree:         839676 kB
Dirty:           1164988 kB
Writeback:             0 kB
AnonPages:        834088 kB
WritebackTmp:          0 kB

=== 2025-12-29 18:42:07.676 ===
              total        used        free      shared  buff/cache   available
Mem:          117Gi       1.5Gi        45Gi       8.0Mi        70Gi       112Gi
Swap:         819Mi          0B       819Mi
MemTotal:       123223064 kB
MemFree:        48146160 kB
MemAvailable:   117877888 kB
Buffers:            4188 kB
Cached:         72687096 kB
SwapCached:            0 kB
SwapTotal:        839676 kB
SwapFree:         839676 kB
Dirty:           1194028 kB
Writeback:             0 kB
AnonPages:        834312 kB
WritebackTmp:          0 kB

=== 2025-12-29 18:42:12.681 ===
              total        used        free      shared  buff/cache   available
Mem:          117Gi       1.5Gi        45Gi       8.0Mi        70Gi       112Gi
Swap:         819Mi          0B       819Mi
MemTotal:       123223064 kB
MemFree:        48108004 kB
MemAvailable:   117876832 kB
Buffers:            4188 kB
Cached:         72724144 kB
SwapCached:            0 kB
SwapTotal:        839676 kB
SwapFree:         839676 kB
Dirty:           1231068 kB
Writeback:             0 kB
AnonPages:        834516 kB
WritebackTmp:          0 kB

=== 2025-12-29 18:42:17.686 ===
              total        used        free      shared  buff/cache   available
Mem:          117Gi       1.5Gi        45Gi       8.0Mi        70Gi       112Gi
Swap:         819Mi          0B       819Mi
MemTotal:       123223064 kB
MemFree:        48054376 kB
MemAvailable:   117868780 kB
Buffers:            4188 kB
Cached:         72769664 kB
SwapCached:            0 kB
SwapTotal:        839676 kB
SwapFree:         839676 kB
Dirty:            927764 kB
Writeback:             0 kB
AnonPages:        842516 kB
WritebackTmp:          0 kB

=== 2025-12-29 18:42:22.692 ===
              total        used        free      shared  buff/cache   available
Mem:          117Gi       1.5Gi        45Gi       8.0Mi        70Gi       112Gi
Swap:         819Mi          0B       819Mi
MemTotal:       123223064 kB
MemFree:        48007680 kB
MemAvailable:   117861100 kB
Buffers:            4188 kB
Cached:         72808664 kB
SwapCached:            0 kB
SwapTotal:        839676 kB
SwapFree:         839676 kB
Dirty:            425612 kB
Writeback:             0 kB
AnonPages:        837448 kB
WritebackTmp:          0 kB

=== 2025-12-29 18:42:27.697 ===
              total        used        free      shared  buff/cache   available
Mem:          117Gi       1.5Gi        45Gi       8.0Mi        70Gi       112Gi
Swap:         819Mi          0B       819Mi
MemTotal:       123223064 kB
MemFree:        47943700 kB
MemAvailable:   117851928 kB
Buffers:            4188 kB
Cached:         72863408 kB
SwapCached:            0 kB
SwapTotal:        839676 kB
SwapFree:         839676 kB
Dirty:              3624 kB
Writeback:             0 kB
AnonPages:        837388 kB
WritebackTmp:          0 kB

=== 2025-12-29 18:42:32.702 ===
              total        used        free      shared  buff/cache   available
Mem:          117Gi       1.5Gi        45Gi       8.0Mi        70Gi       112Gi
Swap:         819Mi          0B       819Mi
MemTotal:       123223064 kB
MemFree:        47944196 kB
MemAvailable:   117886832 kB
Buffers:            4188 kB
Cached:         72897600 kB
SwapCached:            0 kB
SwapTotal:        839676 kB
SwapFree:         839676 kB
Dirty:                 0 kB
Writeback:             0 kB
AnonPages:        807396 kB
WritebackTmp:          0 kB

=== 2025-12-29 18:42:37.709 ===
              total        used        free      shared  buff/cache   available
Mem:          117Gi       1.5Gi        39Gi       8.0Mi        76Gi       112Gi
Swap:         819Mi          0B       819Mi
MemTotal:       123223064 kB
MemFree:        41257736 kB
MemAvailable:   117833804 kB
Buffers:            4188 kB
Cached:         79522800 kB
SwapCached:            0 kB
SwapTotal:        839676 kB
SwapFree:         839676 kB
Dirty:           6625108 kB
Writeback:             0 kB
AnonPages:        829184 kB
WritebackTmp:          0 kB

=== 2025-12-29 18:42:42.716 ===
              total        used        free      shared  buff/cache   available
Mem:          117Gi       1.7Gi        45Gi       8.0Mi        70Gi       112Gi
Swap:         819Mi          0B       819Mi
MemTotal:       123223064 kB
MemFree:        47718696 kB
MemAvailable:   117671492 kB
Buffers:            4188 kB
Cached:         72905508 kB
SwapCached:            0 kB
SwapTotal:        839676 kB
SwapFree:         839676 kB
Dirty:              7592 kB
Writeback:             0 kB
AnonPages:       1013336 kB
WritebackTmp:          0 kB

=== 2025-12-29 18:42:47.721 ===
              total        used        free      shared  buff/cache   available
Mem:          117Gi       1.7Gi        45Gi        40Mi        70Gi       112Gi
Swap:         819Mi          0B       819Mi
MemTotal:       123223064 kB
MemFree:        47606828 kB
MemAvailable:   117607948 kB
Buffers:            5264 kB
Cached:         72982608 kB
SwapCached:            0 kB
SwapTotal:        839676 kB
SwapFree:         839676 kB
Dirty:             10676 kB
Writeback:             0 kB
AnonPages:       1038500 kB
WritebackTmp:          0 kB

=== 2025-12-29 18:42:52.727 ===
              total        used        free      shared  buff/cache   available
Mem:          117Gi       1.9Gi        45Gi        54Mi        70Gi       111Gi
Swap:         819Mi          0B       819Mi
MemTotal:       123223064 kB
MemFree:        47354108 kB
MemAvailable:   117363524 kB
Buffers:            5272 kB
Cached:         73000464 kB
SwapCached:            0 kB
SwapTotal:        839676 kB
SwapFree:         839676 kB
Dirty:             13248 kB
Writeback:             0 kB
AnonPages:       1259444 kB
WritebackTmp:          0 kB

=== 2025-12-29 18:42:57.732 ===
              total        used        free      shared  buff/cache   available
Mem:          117Gi       1.9Gi        45Gi        56Mi        70Gi       111Gi
Swap:         819Mi          0B       819Mi
MemTotal:       123223064 kB
MemFree:        47310088 kB
MemAvailable:   117323232 kB
Buffers:            5272 kB
Cached:         73006436 kB
SwapCached:            0 kB
SwapTotal:        839676 kB
SwapFree:         839676 kB
Dirty:             14956 kB
Writeback:             0 kB
AnonPages:       1297800 kB
WritebackTmp:          0 kB

=== 2025-12-29 18:43:02.738 ===
              total        used        free      shared  buff/cache   available
Mem:          117Gi       1.9Gi        45Gi        57Mi        70Gi       111Gi
Swap:         819Mi          0B       819Mi
MemTotal:       123223064 kB
MemFree:        47300196 kB
MemAvailable:   117313556 kB
Buffers:            5272 kB
Cached:         73006796 kB
SwapCached:            0 kB
SwapTotal:        839676 kB
SwapFree:         839676 kB
Dirty:             15140 kB
Writeback:             0 kB
AnonPages:       1307236 kB
WritebackTmp:          0 kB

=== 2025-12-29 18:43:07.743 ===
              total        used        free      shared  buff/cache   available
Mem:          117Gi       1.9Gi        45Gi        57Mi        70Gi       111Gi
Swap:         819Mi          0B       819Mi
MemTotal:       123223064 kB
MemFree:        47331404 kB
MemAvailable:   117345448 kB
Buffers:            5272 kB
Cached:         73007896 kB
SwapCached:            0 kB
SwapTotal:        839676 kB
SwapFree:         839676 kB
Dirty:             15536 kB
Writeback:             0 kB
AnonPages:       1276448 kB
WritebackTmp:          0 kB

=== 2025-12-29 18:43:12.748 ===
              total        used        free      shared  buff/cache   available
Mem:          117Gi       1.9Gi        45Gi        57Mi        70Gi       111Gi
Swap:         819Mi          0B       819Mi
MemTotal:       123223064 kB
MemFree:        47335248 kB
MemAvailable:   117349876 kB
Buffers:            5272 kB
Cached:         73008820 kB
SwapCached:            0 kB
SwapTotal:        839676 kB
SwapFree:         839676 kB
Dirty:             15004 kB
Writeback:             0 kB
AnonPages:       1271392 kB
WritebackTmp:          0 kB

=== 2025-12-29 18:43:17.753 ===
              total        used        free      shared  buff/cache   available
Mem:          117Gi       1.9Gi        45Gi        60Mi        70Gi       111Gi
Swap:         819Mi          0B       819Mi
MemTotal:       123223064 kB
MemFree:        47286592 kB
MemAvailable:   117321136 kB
Buffers:            5272 kB
Cached:         73031052 kB
SwapCached:            0 kB
SwapTotal:        839676 kB
SwapFree:         839676 kB
Dirty:             16332 kB
Writeback:             0 kB
AnonPages:       1296696 kB
WritebackTmp:          0 kB

=== 2025-12-29 18:43:22.758 ===
              total        used        free      shared  buff/cache   available
Mem:          117Gi       1.9Gi        45Gi        61Mi        70Gi       111Gi
Swap:         819Mi          0B       819Mi
MemTotal:       123223064 kB
MemFree:        47276020 kB
MemAvailable:   117309644 kB
Buffers:            5272 kB
Cached:         73031008 kB
SwapCached:            0 kB
SwapTotal:        839676 kB
SwapFree:         839676 kB
