[Mon Dec 29 18:26:45 2025] Linux version 4.18.0-553.56.1.el8_10.x86_64 (mockbuild@iad1-prod-build001.bld.equ.rockylinux.org) (gcc version 8.5.0 20210514 (Red Hat 8.5.0-26) (GCC)) #1 SMP Tue Jun 10 17:00:45 UTC 2025
[Mon Dec 29 18:26:45 2025] Command line: BOOT_IMAGE=(hd0,msdos1)/vmlinuz-4.18.0-553.56.1.el8_10.x86_64 root=UUID=9914d65e-64ef-46a7-9c3c-94e2d76279a3 ro crashkernel=auto resume=UUID=f6fa6613-1edf-462a-9066-33b21e40d246 biosdevname=0 net.ifnames=0 rhgb quiet
[Mon Dec 29 18:26:45 2025] x86/fpu: Supporting XSAVE feature 0x001: 'x87 floating point registers'
[Mon Dec 29 18:26:45 2025] x86/fpu: Supporting XSAVE feature 0x002: 'SSE registers'
[Mon Dec 29 18:26:45 2025] x86/fpu: Supporting XSAVE feature 0x004: 'AVX registers'
[Mon Dec 29 18:26:45 2025] x86/fpu: xstate_offset[2]:  576, xstate_sizes[2]:  256
[Mon Dec 29 18:26:45 2025] x86/fpu: Enabled xstate features 0x7, context size is 832 bytes, using 'standard' format.
[Mon Dec 29 18:26:45 2025] signal: max sigframe size: 1776
[Mon Dec 29 18:26:45 2025] BIOS-provided physical RAM map:
[Mon Dec 29 18:26:45 2025] BIOS-e820: [mem 0x0000000000000000-0x000000000009fbff] usable
[Mon Dec 29 18:26:45 2025] BIOS-e820: [mem 0x000000000009fc00-0x000000000009ffff] reserved
[Mon Dec 29 18:26:45 2025] BIOS-e820: [mem 0x00000000000f0000-0x00000000000fffff] reserved
[Mon Dec 29 18:26:45 2025] BIOS-e820: [mem 0x0000000000100000-0x000000007ffd2fff] usable
[Mon Dec 29 18:26:45 2025] BIOS-e820: [mem 0x000000007ffd3000-0x000000007fffffff] reserved
[Mon Dec 29 18:26:45 2025] BIOS-e820: [mem 0x00000000b0000000-0x00000000bfffffff] reserved
[Mon Dec 29 18:26:45 2025] BIOS-e820: [mem 0x00000000fed1c000-0x00000000fed1ffff] reserved
[Mon Dec 29 18:26:45 2025] BIOS-e820: [mem 0x00000000feffc000-0x00000000feffffff] reserved
[Mon Dec 29 18:26:45 2025] BIOS-e820: [mem 0x00000000fffc0000-0x00000000ffffffff] reserved
[Mon Dec 29 18:26:45 2025] BIOS-e820: [mem 0x0000000100000000-0x0000001e7fffffff] usable
[Mon Dec 29 18:26:45 2025] BIOS-e820: [mem 0x000000fd00000000-0x000000ffffffffff] reserved
[Mon Dec 29 18:26:45 2025] NX (Execute Disable) protection: active
[Mon Dec 29 18:26:45 2025] SMBIOS 2.8 present.
[Mon Dec 29 18:26:45 2025] DMI: QEMU Standard PC (Q35 + ICH9, 2009), BIOS rel-1.17.0-0-gb52ca86e094d-prebuilt.qemu.org 04/01/2014
[Mon Dec 29 18:26:45 2025] Hypervisor detected: KVM
[Mon Dec 29 18:26:45 2025] kvm-clock: Using msrs 4b564d01 and 4b564d00
[Mon Dec 29 18:26:45 2025] kvm-clock: using sched offset of 9874658540 cycles
[Mon Dec 29 18:26:45 2025] clocksource: kvm-clock: mask: 0xffffffffffffffff max_cycles: 0x1cd42e4dffb, max_idle_ns: 881590591483 ns
[Mon Dec 29 18:26:45 2025] tsc: Detected 3493.436 MHz processor
[Mon Dec 29 18:26:45 2025] e820: update [mem 0x00000000-0x00000fff] usable ==> reserved
[Mon Dec 29 18:26:45 2025] e820: remove [mem 0x000a0000-0x000fffff] usable
[Mon Dec 29 18:26:45 2025] last_pfn = 0x1e80000 max_arch_pfn = 0x400000000
[Mon Dec 29 18:26:45 2025] MTRR default type: write-back
[Mon Dec 29 18:26:45 2025] MTRR fixed ranges enabled:
[Mon Dec 29 18:26:45 2025]   00000-9FFFF write-back
[Mon Dec 29 18:26:45 2025]   A0000-BFFFF uncachable
[Mon Dec 29 18:26:45 2025]   C0000-FFFFF write-protect
[Mon Dec 29 18:26:45 2025] MTRR variable ranges enabled:
[Mon Dec 29 18:26:45 2025]   0 base 0000C0000000 mask FFFFC0000000 uncachable
[Mon Dec 29 18:26:45 2025]   1 disabled
[Mon Dec 29 18:26:45 2025]   2 disabled
[Mon Dec 29 18:26:45 2025]   3 disabled
[Mon Dec 29 18:26:45 2025]   4 disabled
[Mon Dec 29 18:26:45 2025]   5 disabled
[Mon Dec 29 18:26:45 2025]   6 disabled
[Mon Dec 29 18:26:45 2025]   7 disabled
[Mon Dec 29 18:26:45 2025] x86/PAT: Configuration [0-7]: WB  WC  UC- UC  WB  WP  UC- WT  
[Mon Dec 29 18:26:45 2025] last_pfn = 0x7ffd3 max_arch_pfn = 0x400000000
[Mon Dec 29 18:26:45 2025] found SMP MP-table at [mem 0x000f5470-0x000f547f]
[Mon Dec 29 18:26:45 2025] Using GB pages for direct mapping
[Mon Dec 29 18:26:45 2025] BRK [0x1b1201000, 0x1b1201fff] PGTABLE
[Mon Dec 29 18:26:45 2025] BRK [0x1b1202000, 0x1b1202fff] PGTABLE
[Mon Dec 29 18:26:45 2025] BRK [0x1b1203000, 0x1b1203fff] PGTABLE
[Mon Dec 29 18:26:45 2025] BRK [0x1b1204000, 0x1b1204fff] PGTABLE
[Mon Dec 29 18:26:45 2025] BRK [0x1b1205000, 0x1b1205fff] PGTABLE
[Mon Dec 29 18:26:45 2025] BRK [0x1b1206000, 0x1b1206fff] PGTABLE
[Mon Dec 29 18:26:45 2025] RAMDISK: [mem 0x35147000-0x3689bfff]
[Mon Dec 29 18:26:45 2025] ACPI: Early table checksum verification disabled
[Mon Dec 29 18:26:45 2025] ACPI: RSDP 0x00000000000F5270 000014 (v00 BOCHS )
[Mon Dec 29 18:26:45 2025] ACPI: RSDT 0x000000007FFE5F5C 00003C (v01 BOCHS  BXPC     00000001 BXPC 00000001)
[Mon Dec 29 18:26:45 2025] ACPI: FACP 0x000000007FFE5B02 0000F4 (v03 BOCHS  BXPC     00000001 BXPC 00000001)
[Mon Dec 29 18:26:45 2025] ACPI: DSDT 0x000000007FFDF040 006AC2 (v01 BOCHS  BXPC     00000001 BXPC 00000001)
[Mon Dec 29 18:26:45 2025] ACPI: FACS 0x000000007FFDF000 000040
[Mon Dec 29 18:26:45 2025] ACPI: APIC 0x000000007FFE5BF6 0000D0 (v03 BOCHS  BXPC     00000001 BXPC 00000001)
[Mon Dec 29 18:26:45 2025] ACPI: SSDT 0x000000007FFE5CC6 0000CA (v01 BOCHS  VMGENID  00000001 BXPC 00000001)
[Mon Dec 29 18:26:45 2025] ACPI: SRAT 0x000000007FFE5D90 000168 (v01 BOCHS  BXPC     00000001 BXPC 00000001)
[Mon Dec 29 18:26:45 2025] ACPI: MCFG 0x000000007FFE5EF8 00003C (v01 BOCHS  BXPC     00000001 BXPC 00000001)
[Mon Dec 29 18:26:45 2025] ACPI: WAET 0x000000007FFE5F34 000028 (v01 BOCHS  BXPC     00000001 BXPC 00000001)
[Mon Dec 29 18:26:45 2025] ACPI: Reserving FACP table memory at [mem 0x7ffe5b02-0x7ffe5bf5]
[Mon Dec 29 18:26:45 2025] ACPI: Reserving DSDT table memory at [mem 0x7ffdf040-0x7ffe5b01]
[Mon Dec 29 18:26:45 2025] ACPI: Reserving FACS table memory at [mem 0x7ffdf000-0x7ffdf03f]
[Mon Dec 29 18:26:45 2025] ACPI: Reserving APIC table memory at [mem 0x7ffe5bf6-0x7ffe5cc5]
[Mon Dec 29 18:26:45 2025] ACPI: Reserving SSDT table memory at [mem 0x7ffe5cc6-0x7ffe5d8f]
[Mon Dec 29 18:26:45 2025] ACPI: Reserving SRAT table memory at [mem 0x7ffe5d90-0x7ffe5ef7]
[Mon Dec 29 18:26:45 2025] ACPI: Reserving MCFG table memory at [mem 0x7ffe5ef8-0x7ffe5f33]
[Mon Dec 29 18:26:45 2025] ACPI: Reserving WAET table memory at [mem 0x7ffe5f34-0x7ffe5f5b]
[Mon Dec 29 18:26:45 2025] ACPI: Local APIC address 0xfee00000
[Mon Dec 29 18:26:45 2025] SRAT: PXM 0 -> APIC 0x00 -> Node 0
[Mon Dec 29 18:26:45 2025] SRAT: PXM 0 -> APIC 0x01 -> Node 0
[Mon Dec 29 18:26:45 2025] SRAT: PXM 0 -> APIC 0x02 -> Node 0
[Mon Dec 29 18:26:45 2025] SRAT: PXM 0 -> APIC 0x03 -> Node 0
[Mon Dec 29 18:26:45 2025] SRAT: PXM 0 -> APIC 0x04 -> Node 0
[Mon Dec 29 18:26:45 2025] SRAT: PXM 0 -> APIC 0x05 -> Node 0
[Mon Dec 29 18:26:45 2025] SRAT: PXM 0 -> APIC 0x06 -> Node 0
[Mon Dec 29 18:26:45 2025] SRAT: PXM 0 -> APIC 0x07 -> Node 0
[Mon Dec 29 18:26:45 2025] SRAT: PXM 0 -> APIC 0x08 -> Node 0
[Mon Dec 29 18:26:45 2025] SRAT: PXM 0 -> APIC 0x09 -> Node 0
[Mon Dec 29 18:26:45 2025] SRAT: PXM 0 -> APIC 0x0a -> Node 0
[Mon Dec 29 18:26:45 2025] SRAT: PXM 0 -> APIC 0x0b -> Node 0
[Mon Dec 29 18:26:45 2025] ACPI: SRAT: Node 0 PXM 0 [mem 0x00000000-0x0009ffff]
[Mon Dec 29 18:26:45 2025] ACPI: SRAT: Node 0 PXM 0 [mem 0x00100000-0x7fffffff]
[Mon Dec 29 18:26:45 2025] ACPI: SRAT: Node 0 PXM 0 [mem 0x100000000-0x1e7fffffff]
[Mon Dec 29 18:26:45 2025] NUMA: Node 0 [mem 0x00000000-0x0009ffff] + [mem 0x00100000-0x7fffffff] -> [mem 0x00000000-0x7fffffff]
[Mon Dec 29 18:26:45 2025] NUMA: Node 0 [mem 0x00000000-0x7fffffff] + [mem 0x100000000-0x1e7fffffff] -> [mem 0x00000000-0x1e7fffffff]
[Mon Dec 29 18:26:45 2025] NODE_DATA(0) allocated [mem 0x1e7ffd5000-0x1e7fffffff]
[Mon Dec 29 18:26:45 2025] Using crashkernel=auto, the size chosen is a best effort estimation.
[Mon Dec 29 18:26:45 2025] Reserving 512MB of memory at 1520MB for crashkernel (System RAM: 122879MB)
[Mon Dec 29 18:26:45 2025] Zone ranges:
[Mon Dec 29 18:26:45 2025]   DMA      [mem 0x0000000000001000-0x0000000000ffffff]
[Mon Dec 29 18:26:45 2025]   DMA32    [mem 0x0000000001000000-0x00000000ffffffff]
[Mon Dec 29 18:26:45 2025]   Normal   [mem 0x0000000100000000-0x0000001e7fffffff]
[Mon Dec 29 18:26:45 2025]   Device   empty
[Mon Dec 29 18:26:45 2025] Movable zone start for each node
[Mon Dec 29 18:26:45 2025] Early memory node ranges
[Mon Dec 29 18:26:45 2025]   node   0: [mem 0x0000000000001000-0x000000000009efff]
[Mon Dec 29 18:26:45 2025]   node   0: [mem 0x0000000000100000-0x000000007ffd2fff]
[Mon Dec 29 18:26:45 2025]   node   0: [mem 0x0000000100000000-0x0000001e7fffffff]
[Mon Dec 29 18:26:45 2025] Zeroed struct page in unavailable ranges: 143 pages
[Mon Dec 29 18:26:45 2025] Initmem setup node 0 [mem 0x0000000000001000-0x0000001e7fffffff]
[Mon Dec 29 18:26:45 2025] On node 0 totalpages: 31457137
[Mon Dec 29 18:26:45 2025]   DMA zone: 64 pages used for memmap
[Mon Dec 29 18:26:45 2025]   DMA zone: 158 pages reserved
[Mon Dec 29 18:26:45 2025]   DMA zone: 3998 pages, LIFO batch:0
[Mon Dec 29 18:26:45 2025]   DMA32 zone: 8128 pages used for memmap
[Mon Dec 29 18:26:45 2025]   DMA32 zone: 520147 pages, LIFO batch:63
[Mon Dec 29 18:26:45 2025]   Normal zone: 483328 pages used for memmap
[Mon Dec 29 18:26:45 2025]   Normal zone: 30932992 pages, LIFO batch:63
[Mon Dec 29 18:26:45 2025] ACPI: PM-Timer IO Port: 0x608
[Mon Dec 29 18:26:45 2025] ACPI: Local APIC address 0xfee00000
[Mon Dec 29 18:26:45 2025] ACPI: LAPIC_NMI (acpi_id[0xff] dfl dfl lint[0x1])
[Mon Dec 29 18:26:45 2025] IOAPIC[0]: apic_id 0, version 17, address 0xfec00000, GSI 0-23
[Mon Dec 29 18:26:45 2025] ACPI: INT_SRC_OVR (bus 0 bus_irq 0 global_irq 2 dfl dfl)
[Mon Dec 29 18:26:45 2025] ACPI: INT_SRC_OVR (bus 0 bus_irq 5 global_irq 5 high level)
[Mon Dec 29 18:26:45 2025] ACPI: INT_SRC_OVR (bus 0 bus_irq 9 global_irq 9 high level)
[Mon Dec 29 18:26:45 2025] ACPI: INT_SRC_OVR (bus 0 bus_irq 10 global_irq 10 high level)
[Mon Dec 29 18:26:45 2025] ACPI: INT_SRC_OVR (bus 0 bus_irq 11 global_irq 11 high level)
[Mon Dec 29 18:26:45 2025] ACPI: IRQ0 used by override.
[Mon Dec 29 18:26:45 2025] ACPI: IRQ5 used by override.
[Mon Dec 29 18:26:45 2025] ACPI: IRQ9 used by override.
[Mon Dec 29 18:26:45 2025] ACPI: IRQ10 used by override.
[Mon Dec 29 18:26:45 2025] ACPI: IRQ11 used by override.
[Mon Dec 29 18:26:45 2025] Using ACPI (MADT) for SMP configuration information
[Mon Dec 29 18:26:45 2025] TSC deadline timer available
[Mon Dec 29 18:26:45 2025] smpboot: Allowing 12 CPUs, 0 hotplug CPUs
[Mon Dec 29 18:26:45 2025] kvm-guest: KVM setup pv remote TLB flush
[Mon Dec 29 18:26:45 2025] kvm-guest: setup PV sched yield
[Mon Dec 29 18:26:45 2025] PM: Registered nosave memory: [mem 0x00000000-0x00000fff]
[Mon Dec 29 18:26:45 2025] PM: Registered nosave memory: [mem 0x0009f000-0x0009ffff]
[Mon Dec 29 18:26:45 2025] PM: Registered nosave memory: [mem 0x000a0000-0x000effff]
[Mon Dec 29 18:26:45 2025] PM: Registered nosave memory: [mem 0x000f0000-0x000fffff]
[Mon Dec 29 18:26:45 2025] PM: Registered nosave memory: [mem 0x7ffd3000-0x7fffffff]
[Mon Dec 29 18:26:45 2025] PM: Registered nosave memory: [mem 0x80000000-0xafffffff]
[Mon Dec 29 18:26:45 2025] PM: Registered nosave memory: [mem 0xb0000000-0xbfffffff]
[Mon Dec 29 18:26:45 2025] PM: Registered nosave memory: [mem 0xc0000000-0xfed1bfff]
[Mon Dec 29 18:26:45 2025] PM: Registered nosave memory: [mem 0xfed1c000-0xfed1ffff]
[Mon Dec 29 18:26:45 2025] PM: Registered nosave memory: [mem 0xfed20000-0xfeffbfff]
[Mon Dec 29 18:26:45 2025] PM: Registered nosave memory: [mem 0xfeffc000-0xfeffffff]
[Mon Dec 29 18:26:45 2025] PM: Registered nosave memory: [mem 0xff000000-0xfffbffff]
[Mon Dec 29 18:26:45 2025] PM: Registered nosave memory: [mem 0xfffc0000-0xffffffff]
[Mon Dec 29 18:26:45 2025] [mem 0xc0000000-0xfed1bfff] available for PCI devices
[Mon Dec 29 18:26:45 2025] Booting paravirtualized kernel on KVM
[Mon Dec 29 18:26:45 2025] clocksource: refined-jiffies: mask: 0xffffffff max_cycles: 0xffffffff, max_idle_ns: 1910969940391419 ns
[Mon Dec 29 18:26:45 2025] setup_percpu: NR_CPUS:8192 nr_cpumask_bits:12 nr_cpu_ids:12 nr_node_ids:1
[Mon Dec 29 18:26:45 2025] percpu: Embedded 63 pages/cpu s221184 r8192 d28672 u262144
[Mon Dec 29 18:26:45 2025] pcpu-alloc: s221184 r8192 d28672 u262144 alloc=1*2097152
[Mon Dec 29 18:26:45 2025] pcpu-alloc: [0] 00 01 02 03 04 05 06 07 [0] 08 09 10 11 -- -- -- -- 
[Mon Dec 29 18:26:45 2025] kvm-guest: PV spinlocks enabled
[Mon Dec 29 18:26:45 2025] PV qspinlock hash table entries: 256 (order: 0, 4096 bytes, linear)
[Mon Dec 29 18:26:45 2025] Built 1 zonelists, mobility grouping on.  Total pages: 30965459
[Mon Dec 29 18:26:45 2025] Policy zone: Normal
[Mon Dec 29 18:26:45 2025] Kernel command line: BOOT_IMAGE=(hd0,msdos1)/vmlinuz-4.18.0-553.56.1.el8_10.x86_64 root=UUID=9914d65e-64ef-46a7-9c3c-94e2d76279a3 ro crashkernel=auto resume=UUID=f6fa6613-1edf-462a-9066-33b21e40d246 biosdevname=0 net.ifnames=0 rhgb quiet
[Mon Dec 29 18:26:45 2025] Specific versions of hardware are certified with Enterprise Linux 8. Please see the list of hardware certified with Enterprise Linux 8 at the Red Hat catalog: https://catalog.redhat.com.
[Mon Dec 29 18:26:45 2025] software IO TLB: area num 16.
[Mon Dec 29 18:26:45 2025] Memory: 1613304K/125828548K available (14339K kernel code, 5958K rwdata, 8576K rodata, 2816K init, 13792K bss, 2637936K reserved, 0K cma-reserved)
[Mon Dec 29 18:26:45 2025] SLUB: HWalign=64, Order=0-3, MinObjects=0, CPUs=12, Nodes=1
[Mon Dec 29 18:26:45 2025] ftrace: allocating 41091 entries in 161 pages
[Mon Dec 29 18:26:45 2025] ftrace: allocated 161 pages with 3 groups
[Mon Dec 29 18:26:45 2025] rcu: Hierarchical RCU implementation.
[Mon Dec 29 18:26:45 2025] rcu: 	RCU restricting CPUs from NR_CPUS=8192 to nr_cpu_ids=12.
[Mon Dec 29 18:26:45 2025] 	Rude variant of Tasks RCU enabled.
[Mon Dec 29 18:26:45 2025] 	Tracing variant of Tasks RCU enabled.
[Mon Dec 29 18:26:45 2025] rcu: RCU calculated value of scheduler-enlistment delay is 100 jiffies.
[Mon Dec 29 18:26:45 2025] rcu: Adjusting geometry for rcu_fanout_leaf=16, nr_cpu_ids=12
[Mon Dec 29 18:26:45 2025] NR_IRQS: 524544, nr_irqs: 520, preallocated irqs: 16
[Mon Dec 29 18:26:45 2025] random: crng done (trusting CPU's manufacturer)
[Mon Dec 29 18:26:45 2025] Console: colour VGA+ 80x25
[Mon Dec 29 18:26:45 2025] printk: console [tty0] enabled
[Mon Dec 29 18:26:45 2025] ACPI: Core revision 20220331
[Mon Dec 29 18:26:45 2025] APIC: Switch to symmetric I/O mode setup
[Mon Dec 29 18:26:45 2025] x2apic enabled
[Mon Dec 29 18:26:45 2025] Switched APIC routing to physical x2apic.
[Mon Dec 29 18:26:45 2025] kvm-guest: setup PV IPIs
[Mon Dec 29 18:26:45 2025] tsc: Marking TSC unstable due to TSCs unsynchronized
[Mon Dec 29 18:26:45 2025] Calibrating delay loop (skipped) preset value.. 6986.87 BogoMIPS (lpj=3493436)
[Mon Dec 29 18:26:45 2025] pid_max: default: 32768 minimum: 301
[Mon Dec 29 18:26:45 2025] LSM: Security Framework initializing
[Mon Dec 29 18:26:45 2025] Yama: becoming mindful.
[Mon Dec 29 18:26:45 2025] SELinux:  Initializing.
[Mon Dec 29 18:26:45 2025] LSM support for eBPF active
[Mon Dec 29 18:26:45 2025] Dentry cache hash table entries: 8388608 (order: 14, 67108864 bytes, vmalloc)
[Mon Dec 29 18:26:45 2025] Inode-cache hash table entries: 4194304 (order: 13, 33554432 bytes, vmalloc)
[Mon Dec 29 18:26:45 2025] Mount-cache hash table entries: 131072 (order: 8, 1048576 bytes, vmalloc)
[Mon Dec 29 18:26:45 2025] Mountpoint-cache hash table entries: 131072 (order: 8, 1048576 bytes, vmalloc)
[Mon Dec 29 18:26:45 2025] AMD Zen1 DIV0 bug detected. Disable SMT for full protection.
[Mon Dec 29 18:26:45 2025] Last level iTLB entries: 4KB 512, 2MB 255, 4MB 127
[Mon Dec 29 18:26:45 2025] Last level dTLB entries: 4KB 512, 2MB 255, 4MB 127, 1GB 0
[Mon Dec 29 18:26:45 2025] Spectre V1 : Mitigation: usercopy/swapgs barriers and __user pointer sanitization
[Mon Dec 29 18:26:45 2025] Spectre V2 : Mitigation: Retpolines
[Mon Dec 29 18:26:45 2025] Spectre V2 : Spectre v2 / SpectreRSB mitigation: Filling RSB on context switch
[Mon Dec 29 18:26:45 2025] Spectre V2 : Spectre v2 / SpectreRSB : Filling RSB on VMEXIT
[Mon Dec 29 18:26:45 2025] Spectre V2 : Enabling Speculation Barrier for firmware calls
[Mon Dec 29 18:26:45 2025] RETBleed: Mitigation: untrained return thunk
[Mon Dec 29 18:26:45 2025] Spectre V2 : mitigation: Enabling conditional Indirect Branch Prediction Barrier
[Mon Dec 29 18:26:45 2025] Speculative Store Bypass: Mitigation: Speculative Store Bypass disabled via prctl
[Mon Dec 29 18:26:45 2025] Freeing SMP alternatives memory: 36K
[Mon Dec 29 18:26:45 2025] smpboot: CPU0: AMD Ryzen Threadripper 2920X 12-Core Processor (family: 0x17, model: 0x8, stepping: 0x2)
[Mon Dec 29 18:26:45 2025] Performance Events: Fam17h+ core perfctr, AMD PMU driver.
[Mon Dec 29 18:26:45 2025] ... version:                0
[Mon Dec 29 18:26:45 2025] ... bit width:              48
[Mon Dec 29 18:26:45 2025] ... generic registers:      6
[Mon Dec 29 18:26:45 2025] ... value mask:             0000ffffffffffff
[Mon Dec 29 18:26:45 2025] ... max period:             00007fffffffffff
[Mon Dec 29 18:26:45 2025] ... fixed-purpose events:   0
[Mon Dec 29 18:26:45 2025] ... event mask:             000000000000003f
[Mon Dec 29 18:26:45 2025] rcu: Hierarchical SRCU implementation.
[Mon Dec 29 18:26:45 2025] smp: Bringing up secondary CPUs ...
[Mon Dec 29 18:26:45 2025] x86: Booting SMP configuration:
[Mon Dec 29 18:26:45 2025] .... node  #0, CPUs:        #1  #2  #3  #4  #5  #6  #7  #8  #9 #10 #11
[Mon Dec 29 18:26:45 2025] smp: Brought up 1 node, 12 CPUs
[Mon Dec 29 18:26:45 2025] smpboot: Max logical packages: 1
[Mon Dec 29 18:26:45 2025] smpboot: Total of 12 processors activated (83842.46 BogoMIPS)
[Mon Dec 29 18:26:45 2025] node 0 deferred pages initialised in 130ms
[Mon Dec 29 18:26:45 2025] devtmpfs: initialized
[Mon Dec 29 18:26:45 2025] x86/mm: Memory block size: 2048MB
[Mon Dec 29 18:26:45 2025] clocksource: jiffies: mask: 0xffffffff max_cycles: 0xffffffff, max_idle_ns: 1911260446275000 ns
[Mon Dec 29 18:26:45 2025] futex hash table entries: 4096 (order: 6, 262144 bytes, vmalloc)
[Mon Dec 29 18:26:45 2025] pinctrl core: initialized pinctrl subsystem
[Mon Dec 29 18:26:45 2025] NET: Registered protocol family 16
[Mon Dec 29 18:26:45 2025] DMA: preallocated 4096 KiB GFP_KERNEL pool for atomic allocations
[Mon Dec 29 18:26:45 2025] DMA: preallocated 4096 KiB GFP_KERNEL|GFP_DMA pool for atomic allocations
[Mon Dec 29 18:26:45 2025] DMA: preallocated 4096 KiB GFP_KERNEL|GFP_DMA32 pool for atomic allocations
[Mon Dec 29 18:26:45 2025] audit: initializing netlink subsys (disabled)
[Mon Dec 29 18:26:45 2025] audit: type=2000 audit(1767032805.670:1): state=initialized audit_enabled=0 res=1
[Mon Dec 29 18:26:45 2025] cpuidle: using governor menu
[Mon Dec 29 18:26:45 2025] acpiphp: ACPI Hot Plug PCI Controller Driver version: 0.5
[Mon Dec 29 18:26:45 2025] PCI: MMCONFIG for domain 0000 [bus 00-ff] at [mem 0xb0000000-0xbfffffff] (base 0xb0000000)
[Mon Dec 29 18:26:45 2025] PCI: MMCONFIG at [mem 0xb0000000-0xbfffffff] reserved in E820
[Mon Dec 29 18:26:45 2025] PCI: Using configuration type 1 for base access
[Mon Dec 29 18:26:45 2025] HugeTLB registered 1.00 GiB page size, pre-allocated 0 pages
[Mon Dec 29 18:26:45 2025] HugeTLB registered 2.00 MiB page size, pre-allocated 0 pages
[Mon Dec 29 18:26:45 2025] cryptd: max_cpu_qlen set to 1000
[Mon Dec 29 18:26:45 2025] ACPI: Added _OSI(Module Device)
[Mon Dec 29 18:26:45 2025] ACPI: Added _OSI(Processor Device)
[Mon Dec 29 18:26:45 2025] ACPI: Added _OSI(3.0 _SCP Extensions)
[Mon Dec 29 18:26:45 2025] ACPI: Added _OSI(Processor Aggregator Device)
[Mon Dec 29 18:26:45 2025] ACPI: 2 ACPI AML tables successfully acquired and loaded
[Mon Dec 29 18:26:45 2025] ACPI: Interpreter enabled
[Mon Dec 29 18:26:45 2025] ACPI: PM: (supports S0 S5)
[Mon Dec 29 18:26:45 2025] ACPI: Using IOAPIC for interrupt routing
[Mon Dec 29 18:26:45 2025] PCI: Using host bridge windows from ACPI; if necessary, use "pci=nocrs" and report a bug
[Mon Dec 29 18:26:45 2025] ACPI: Enabled 3 GPEs in block 00 to 3F
[Mon Dec 29 18:26:45 2025] ACPI: PCI Root Bridge [PCI0] (domain 0000 [bus 00-ff])
[Mon Dec 29 18:26:45 2025] acpi PNP0A08:00: _OSC: OS supports [ExtendedConfig ASPM ClockPM Segments MSI EDR HPX-Type3]
[Mon Dec 29 18:26:45 2025] acpi PNP0A08:00: _OSC: platform does not support [PCIeHotplug LTR DPC]
[Mon Dec 29 18:26:45 2025] acpi PNP0A08:00: _OSC: OS now controls [SHPCHotplug PME AER PCIeCapability]
[Mon Dec 29 18:26:45 2025] PCI host bridge to bus 0000:00
[Mon Dec 29 18:26:45 2025] pci_bus 0000:00: root bus resource [io  0x0000-0x0cf7 window]
[Mon Dec 29 18:26:45 2025] pci_bus 0000:00: root bus resource [io  0x0d00-0xffff window]
[Mon Dec 29 18:26:45 2025] pci_bus 0000:00: root bus resource [mem 0x000a0000-0x000bffff window]
[Mon Dec 29 18:26:45 2025] pci_bus 0000:00: root bus resource [mem 0x80000000-0xafffffff window]
[Mon Dec 29 18:26:45 2025] pci_bus 0000:00: root bus resource [mem 0xc0000000-0xfebfffff window]
[Mon Dec 29 18:26:45 2025] pci_bus 0000:00: root bus resource [mem 0xe0000000000-0xe0fffffffff window]
[Mon Dec 29 18:26:45 2025] pci_bus 0000:00: root bus resource [bus 00-ff]
[Mon Dec 29 18:26:45 2025] pci 0000:00:00.0: [8086:29c0] type 00 class 0x060000
[Mon Dec 29 18:26:45 2025] pci 0000:00:01.0: [1234:1111] type 00 class 0x030000
[Mon Dec 29 18:26:45 2025] pci 0000:00:01.0: reg 0x10: [mem 0xfc000000-0xfcffffff pref]
[Mon Dec 29 18:26:45 2025] pci 0000:00:01.0: reg 0x18: [mem 0xfea14000-0xfea14fff]
[Mon Dec 29 18:26:45 2025] pci 0000:00:01.0: reg 0x30: [mem 0xfea00000-0xfea0ffff pref]
[Mon Dec 29 18:26:45 2025] pci 0000:00:1a.0: [8086:2937] type 00 class 0x0c0300
[Mon Dec 29 18:26:45 2025] pci 0000:00:1a.0: reg 0x20: [io  0x5040-0x505f]
[Mon Dec 29 18:26:45 2025] pci 0000:00:1a.1: [8086:2938] type 00 class 0x0c0300
[Mon Dec 29 18:26:45 2025] pci 0000:00:1a.1: reg 0x20: [io  0x5060-0x507f]
[Mon Dec 29 18:26:45 2025] pci 0000:00:1a.2: [8086:2939] type 00 class 0x0c0300
[Mon Dec 29 18:26:45 2025] pci 0000:00:1a.2: reg 0x20: [io  0x5080-0x509f]
[Mon Dec 29 18:26:45 2025] pci 0000:00:1a.7: [8086:293c] type 00 class 0x0c0320
[Mon Dec 29 18:26:45 2025] pci 0000:00:1a.7: reg 0x10: [mem 0xfea15000-0xfea15fff]
[Mon Dec 29 18:26:45 2025] pci 0000:00:1b.0: [8086:293e] type 00 class 0x040300
[Mon Dec 29 18:26:45 2025] pci 0000:00:1b.0: reg 0x10: [mem 0xfea10000-0xfea13fff]
[Mon Dec 29 18:26:45 2025] pci 0000:00:1c.0: [1b36:000c] type 01 class 0x060400
[Mon Dec 29 18:26:45 2025] pci 0000:00:1c.0: reg 0x10: [mem 0xfea16000-0xfea16fff]
[Mon Dec 29 18:26:45 2025] pci 0000:00:1c.0: enabling Extended Tags
[Mon Dec 29 18:26:45 2025] pci 0000:00:1c.1: [1b36:000c] type 01 class 0x060400
[Mon Dec 29 18:26:45 2025] pci 0000:00:1c.1: reg 0x10: [mem 0xfea17000-0xfea17fff]
[Mon Dec 29 18:26:45 2025] pci 0000:00:1c.1: enabling Extended Tags
[Mon Dec 29 18:26:45 2025] pci 0000:00:1c.2: [1b36:000c] type 01 class 0x060400
[Mon Dec 29 18:26:45 2025] pci 0000:00:1c.2: reg 0x10: [mem 0xfea18000-0xfea18fff]
[Mon Dec 29 18:26:45 2025] pci 0000:00:1c.2: enabling Extended Tags
[Mon Dec 29 18:26:45 2025] pci 0000:00:1c.3: [1b36:000c] type 01 class 0x060400
[Mon Dec 29 18:26:45 2025] pci 0000:00:1c.3: reg 0x10: [mem 0xfea19000-0xfea19fff]
[Mon Dec 29 18:26:45 2025] pci 0000:00:1c.3: enabling Extended Tags
[Mon Dec 29 18:26:45 2025] pci 0000:00:1d.0: [8086:2934] type 00 class 0x0c0300
[Mon Dec 29 18:26:45 2025] pci 0000:00:1d.0: reg 0x20: [io  0x50a0-0x50bf]
[Mon Dec 29 18:26:45 2025] pci 0000:00:1d.1: [8086:2935] type 00 class 0x0c0300
[Mon Dec 29 18:26:45 2025] pci 0000:00:1d.1: reg 0x20: [io  0x50c0-0x50df]
[Mon Dec 29 18:26:45 2025] pci 0000:00:1d.2: [8086:2936] type 00 class 0x0c0300
[Mon Dec 29 18:26:45 2025] pci 0000:00:1d.2: reg 0x20: [io  0x50e0-0x50ff]
[Mon Dec 29 18:26:45 2025] pci 0000:00:1d.7: [8086:293a] type 00 class 0x0c0320
[Mon Dec 29 18:26:45 2025] pci 0000:00:1d.7: reg 0x10: [mem 0xfea1a000-0xfea1afff]
[Mon Dec 29 18:26:45 2025] pci 0000:00:1e.0: [8086:244e] type 01 class 0x060401
[Mon Dec 29 18:26:45 2025] pci 0000:00:1f.0: [8086:2918] type 00 class 0x060100
[Mon Dec 29 18:26:45 2025] pci 0000:00:1f.0: quirk: [io  0x0600-0x067f] claimed by ICH6 ACPI/GPIO/TCO
[Mon Dec 29 18:26:45 2025] pci 0000:00:1f.2: [8086:2922] type 00 class 0x010601
[Mon Dec 29 18:26:45 2025] pci 0000:00:1f.2: reg 0x20: [io  0x5100-0x511f]
[Mon Dec 29 18:26:45 2025] pci 0000:00:1f.2: reg 0x24: [mem 0xfea1b000-0xfea1bfff]
[Mon Dec 29 18:26:45 2025] pci 0000:00:1f.3: [8086:2930] type 00 class 0x0c0500
[Mon Dec 29 18:26:45 2025] pci 0000:00:1f.3: reg 0x20: [io  0x0700-0x073f]
[Mon Dec 29 18:26:45 2025] acpiphp: Slot [0] registered
[Mon Dec 29 18:26:45 2025] pci 0000:00:1c.0: PCI bridge to [bus 01]
[Mon Dec 29 18:26:45 2025] pci 0000:00:1c.0:   bridge window [mem 0xfe800000-0xfe9fffff]
[Mon Dec 29 18:26:45 2025] pci 0000:00:1c.0:   bridge window [mem 0xe0e00000000-0xe0fffffffff 64bit pref]
[Mon Dec 29 18:26:45 2025] acpiphp: Slot [0-2] registered
[Mon Dec 29 18:26:45 2025] pci 0000:00:1c.1: PCI bridge to [bus 02]
[Mon Dec 29 18:26:45 2025] pci 0000:00:1c.1:   bridge window [mem 0xfe600000-0xfe7fffff]
[Mon Dec 29 18:26:45 2025] pci 0000:00:1c.1:   bridge window [mem 0xe0c00000000-0xe0dffffffff 64bit pref]
[Mon Dec 29 18:26:45 2025] acpiphp: Slot [0-3] registered
[Mon Dec 29 18:26:45 2025] pci 0000:00:1c.2: PCI bridge to [bus 03]
[Mon Dec 29 18:26:45 2025] pci 0000:00:1c.2:   bridge window [mem 0xfe400000-0xfe5fffff]
[Mon Dec 29 18:26:45 2025] pci 0000:00:1c.2:   bridge window [mem 0xe0a00000000-0xe0bffffffff 64bit pref]
[Mon Dec 29 18:26:45 2025] acpiphp: Slot [0-4] registered
[Mon Dec 29 18:26:45 2025] pci 0000:00:1c.3: PCI bridge to [bus 04]
[Mon Dec 29 18:26:45 2025] pci 0000:00:1c.3:   bridge window [mem 0xfe200000-0xfe3fffff]
[Mon Dec 29 18:26:45 2025] pci 0000:00:1c.3:   bridge window [mem 0xe0800000000-0xe09ffffffff 64bit pref]
[Mon Dec 29 18:26:45 2025] pci_bus 0000:05: extended config space not accessible
[Mon Dec 29 18:26:45 2025] acpiphp: Slot [0-5] registered
[Mon Dec 29 18:26:45 2025] acpiphp: Slot [5] registered
[Mon Dec 29 18:26:45 2025] acpiphp: Slot [6] registered
[Mon Dec 29 18:26:45 2025] acpiphp: Slot [7] registered
[Mon Dec 29 18:26:45 2025] acpiphp: Slot [8] registered
[Mon Dec 29 18:26:45 2025] acpiphp: Slot [9] registered
[Mon Dec 29 18:26:45 2025] acpiphp: Slot [10] registered
[Mon Dec 29 18:26:45 2025] acpiphp: Slot [11] registered
[Mon Dec 29 18:26:45 2025] acpiphp: Slot [12] registered
[Mon Dec 29 18:26:45 2025] acpiphp: Slot [13] registered
[Mon Dec 29 18:26:45 2025] acpiphp: Slot [14] registered
[Mon Dec 29 18:26:45 2025] acpiphp: Slot [15] registered
[Mon Dec 29 18:26:45 2025] acpiphp: Slot [16] registered
[Mon Dec 29 18:26:45 2025] acpiphp: Slot [17] registered
[Mon Dec 29 18:26:45 2025] acpiphp: Slot [18] registered
[Mon Dec 29 18:26:45 2025] acpiphp: Slot [19] registered
[Mon Dec 29 18:26:45 2025] acpiphp: Slot [20] registered
[Mon Dec 29 18:26:45 2025] acpiphp: Slot [21] registered
[Mon Dec 29 18:26:45 2025] acpiphp: Slot [22] registered
[Mon Dec 29 18:26:45 2025] acpiphp: Slot [23] registered
[Mon Dec 29 18:26:45 2025] acpiphp: Slot [24] registered
[Mon Dec 29 18:26:45 2025] acpiphp: Slot [25] registered
[Mon Dec 29 18:26:45 2025] acpiphp: Slot [26] registered
[Mon Dec 29 18:26:45 2025] acpiphp: Slot [27] registered
[Mon Dec 29 18:26:45 2025] acpiphp: Slot [28] registered
[Mon Dec 29 18:26:45 2025] acpiphp: Slot [29] registered
[Mon Dec 29 18:26:45 2025] acpiphp: Slot [30] registered
[Mon Dec 29 18:26:45 2025] acpiphp: Slot [31] registered
[Mon Dec 29 18:26:45 2025] pci 0000:05:01.0: [1b36:0001] type 01 class 0x060400
[Mon Dec 29 18:26:45 2025] pci 0000:05:01.0: reg 0x10: [mem 0xfe000000-0xfe0000ff 64bit]
[Mon Dec 29 18:26:45 2025] pci 0000:05:02.0: [1b36:0001] type 01 class 0x060400
[Mon Dec 29 18:26:45 2025] pci 0000:05:02.0: reg 0x10: [mem 0xfe001000-0xfe0010ff 64bit]
[Mon Dec 29 18:26:45 2025] pci 0000:05:03.0: [1b36:0001] type 01 class 0x060400
[Mon Dec 29 18:26:45 2025] pci 0000:05:03.0: reg 0x10: [mem 0xfe002000-0xfe0020ff 64bit]
[Mon Dec 29 18:26:45 2025] pci 0000:05:04.0: [1b36:0001] type 01 class 0x060400
[Mon Dec 29 18:26:45 2025] pci 0000:05:04.0: reg 0x10: [mem 0xfe003000-0xfe0030ff 64bit]
[Mon Dec 29 18:26:45 2025] pci 0000:00:1e.0: PCI bridge to [bus 05-09] (subtractive decode)
[Mon Dec 29 18:26:45 2025] pci 0000:00:1e.0:   bridge window [io  0x1000-0x4fff]
[Mon Dec 29 18:26:45 2025] pci 0000:00:1e.0:   bridge window [mem 0xfd800000-0xfe1fffff]
[Mon Dec 29 18:26:45 2025] pci 0000:00:1e.0:   bridge window [mem 0xe0000000000-0xe07ffffffff 64bit pref]
[Mon Dec 29 18:26:45 2025] pci 0000:00:1e.0:   bridge window [io  0x0000-0x0cf7 window] (subtractive decode)
[Mon Dec 29 18:26:45 2025] pci 0000:00:1e.0:   bridge window [io  0x0d00-0xffff window] (subtractive decode)
[Mon Dec 29 18:26:45 2025] pci 0000:00:1e.0:   bridge window [mem 0x000a0000-0x000bffff window] (subtractive decode)
[Mon Dec 29 18:26:45 2025] pci 0000:00:1e.0:   bridge window [mem 0x80000000-0xafffffff window] (subtractive decode)
[Mon Dec 29 18:26:45 2025] pci 0000:00:1e.0:   bridge window [mem 0xc0000000-0xfebfffff window] (subtractive decode)
[Mon Dec 29 18:26:45 2025] pci 0000:00:1e.0:   bridge window [mem 0xe0000000000-0xe0fffffffff window] (subtractive decode)
[Mon Dec 29 18:26:45 2025] pci_bus 0000:06: extended config space not accessible
[Mon Dec 29 18:26:45 2025] acpiphp: Slot [8-2] registered
[Mon Dec 29 18:26:45 2025] acpiphp: Slot [18-2] registered
[Mon Dec 29 18:26:45 2025] acpiphp: Slot [0-6] registered
[Mon Dec 29 18:26:45 2025] acpiphp: Slot [1] registered
[Mon Dec 29 18:26:45 2025] acpiphp: Slot [2] registered
[Mon Dec 29 18:26:45 2025] acpiphp: Slot [3] registered
[Mon Dec 29 18:26:45 2025] acpiphp: Slot [4] registered
[Mon Dec 29 18:26:45 2025] acpiphp: Slot [5-2] registered
[Mon Dec 29 18:26:45 2025] acpiphp: Slot [6-2] registered
[Mon Dec 29 18:26:45 2025] acpiphp: Slot [7-2] registered
[Mon Dec 29 18:26:45 2025] acpiphp: Slot [9-2] registered
[Mon Dec 29 18:26:45 2025] acpiphp: Slot [10-2] registered
[Mon Dec 29 18:26:45 2025] acpiphp: Slot [11-2] registered
[Mon Dec 29 18:26:45 2025] acpiphp: Slot [12-2] registered
[Mon Dec 29 18:26:45 2025] acpiphp: Slot [13-2] registered
[Mon Dec 29 18:26:45 2025] acpiphp: Slot [14-2] registered
[Mon Dec 29 18:26:45 2025] acpiphp: Slot [15-2] registered
[Mon Dec 29 18:26:45 2025] acpiphp: Slot [16-2] registered
[Mon Dec 29 18:26:45 2025] acpiphp: Slot [17-2] registered
[Mon Dec 29 18:26:45 2025] acpiphp: Slot [19-2] registered
[Mon Dec 29 18:26:45 2025] acpiphp: Slot [20-2] registered
[Mon Dec 29 18:26:45 2025] acpiphp: Slot [21-2] registered
[Mon Dec 29 18:26:45 2025] acpiphp: Slot [22-2] registered
[Mon Dec 29 18:26:45 2025] acpiphp: Slot [23-2] registered
[Mon Dec 29 18:26:45 2025] acpiphp: Slot [24-2] registered
[Mon Dec 29 18:26:45 2025] acpiphp: Slot [25-2] registered
[Mon Dec 29 18:26:45 2025] acpiphp: Slot [26-2] registered
[Mon Dec 29 18:26:45 2025] acpiphp: Slot [27-2] registered
[Mon Dec 29 18:26:45 2025] acpiphp: Slot [28-2] registered
[Mon Dec 29 18:26:45 2025] acpiphp: Slot [29-2] registered
[Mon Dec 29 18:26:45 2025] acpiphp: Slot [30-2] registered
[Mon Dec 29 18:26:45 2025] acpiphp: Slot [31-2] registered
[Mon Dec 29 18:26:45 2025] pci 0000:06:08.0: [1af4:1003] type 00 class 0x078000
[Mon Dec 29 18:26:45 2025] pci 0000:06:08.0: reg 0x10: [io  0x4000-0x403f]
[Mon Dec 29 18:26:45 2025] pci 0000:06:08.0: reg 0x14: [mem 0xfde40000-0xfde40fff]
[Mon Dec 29 18:26:45 2025] pci 0000:06:08.0: reg 0x20: [mem 0xe0600000000-0xe0600003fff 64bit pref]
[Mon Dec 29 18:26:45 2025] pci 0000:06:12.0: [1af4:1000] type 00 class 0x020000
[Mon Dec 29 18:26:45 2025] pci 0000:06:12.0: reg 0x10: [io  0x4040-0x407f]
[Mon Dec 29 18:26:45 2025] pci 0000:06:12.0: reg 0x14: [mem 0xfde41000-0xfde41fff]
[Mon Dec 29 18:26:45 2025] pci 0000:06:12.0: reg 0x20: [mem 0xe0600004000-0xe0600007fff 64bit pref]
[Mon Dec 29 18:26:45 2025] pci 0000:06:12.0: reg 0x30: [mem 0xfde00000-0xfde3ffff pref]
[Mon Dec 29 18:26:45 2025] pci 0000:05:01.0: PCI bridge to [bus 06]
[Mon Dec 29 18:26:45 2025] pci 0000:05:01.0:   bridge window [io  0x4000-0x4fff]
[Mon Dec 29 18:26:45 2025] pci 0000:05:01.0:   bridge window [mem 0xfde00000-0xfdffffff]
[Mon Dec 29 18:26:45 2025] pci 0000:05:01.0:   bridge window [mem 0xe0600000000-0xe07ffffffff 64bit pref]
[Mon Dec 29 18:26:45 2025] pci_bus 0000:07: extended config space not accessible
[Mon Dec 29 18:26:45 2025] acpiphp: Slot [0-7] registered
[Mon Dec 29 18:26:45 2025] acpiphp: Slot [1-2] registered
[Mon Dec 29 18:26:45 2025] acpiphp: Slot [2-2] registered
[Mon Dec 29 18:26:45 2025] acpiphp: Slot [3-2] registered
[Mon Dec 29 18:26:45 2025] acpiphp: Slot [4-2] registered
[Mon Dec 29 18:26:45 2025] acpiphp: Slot [5-3] registered
[Mon Dec 29 18:26:45 2025] acpiphp: Slot [6-3] registered
[Mon Dec 29 18:26:45 2025] acpiphp: Slot [7-3] registered
[Mon Dec 29 18:26:45 2025] acpiphp: Slot [8-3] registered
[Mon Dec 29 18:26:45 2025] acpiphp: Slot [9-3] registered
[Mon Dec 29 18:26:45 2025] acpiphp: Slot [10-3] registered
[Mon Dec 29 18:26:45 2025] acpiphp: Slot [11-3] registered
[Mon Dec 29 18:26:45 2025] acpiphp: Slot [12-3] registered
[Mon Dec 29 18:26:45 2025] acpiphp: Slot [13-3] registered
[Mon Dec 29 18:26:45 2025] acpiphp: Slot [14-3] registered
[Mon Dec 29 18:26:45 2025] acpiphp: Slot [15-3] registered
[Mon Dec 29 18:26:45 2025] acpiphp: Slot [16-3] registered
[Mon Dec 29 18:26:45 2025] acpiphp: Slot [17-3] registered
[Mon Dec 29 18:26:45 2025] acpiphp: Slot [18-3] registered
[Mon Dec 29 18:26:45 2025] acpiphp: Slot [19-3] registered
[Mon Dec 29 18:26:45 2025] acpiphp: Slot [20-3] registered
[Mon Dec 29 18:26:45 2025] acpiphp: Slot [21-3] registered
[Mon Dec 29 18:26:45 2025] acpiphp: Slot [22-3] registered
[Mon Dec 29 18:26:45 2025] acpiphp: Slot [23-3] registered
[Mon Dec 29 18:26:45 2025] acpiphp: Slot [24-3] registered
[Mon Dec 29 18:26:45 2025] acpiphp: Slot [25-3] registered
[Mon Dec 29 18:26:45 2025] acpiphp: Slot [26-3] registered
[Mon Dec 29 18:26:45 2025] acpiphp: Slot [27-3] registered
[Mon Dec 29 18:26:45 2025] acpiphp: Slot [28-3] registered
[Mon Dec 29 18:26:45 2025] acpiphp: Slot [29-3] registered
[Mon Dec 29 18:26:45 2025] acpiphp: Slot [30-3] registered
[Mon Dec 29 18:26:45 2025] acpiphp: Slot [31-3] registered
[Mon Dec 29 18:26:45 2025] pci 0000:05:02.0: PCI bridge to [bus 07]
[Mon Dec 29 18:26:45 2025] pci 0000:05:02.0:   bridge window [io  0x3000-0x3fff]
[Mon Dec 29 18:26:45 2025] pci 0000:05:02.0:   bridge window [mem 0xfdc00000-0xfddfffff]
[Mon Dec 29 18:26:45 2025] pci 0000:05:02.0:   bridge window [mem 0xe0400000000-0xe05ffffffff 64bit pref]
[Mon Dec 29 18:26:45 2025] pci_bus 0000:08: extended config space not accessible
[Mon Dec 29 18:26:45 2025] acpiphp: Slot [0-8] registered
[Mon Dec 29 18:26:45 2025] acpiphp: Slot [1-3] registered
[Mon Dec 29 18:26:45 2025] acpiphp: Slot [2-3] registered
[Mon Dec 29 18:26:45 2025] acpiphp: Slot [3-3] registered
[Mon Dec 29 18:26:45 2025] acpiphp: Slot [4-3] registered
[Mon Dec 29 18:26:45 2025] acpiphp: Slot [5-4] registered
[Mon Dec 29 18:26:45 2025] acpiphp: Slot [6-4] registered
[Mon Dec 29 18:26:45 2025] acpiphp: Slot [7-4] registered
[Mon Dec 29 18:26:45 2025] acpiphp: Slot [8-4] registered
[Mon Dec 29 18:26:45 2025] acpiphp: Slot [9-4] registered
[Mon Dec 29 18:26:45 2025] acpiphp: Slot [10-4] registered
[Mon Dec 29 18:26:45 2025] acpiphp: Slot [11-4] registered
[Mon Dec 29 18:26:45 2025] acpiphp: Slot [12-4] registered
[Mon Dec 29 18:26:45 2025] acpiphp: Slot [13-4] registered
[Mon Dec 29 18:26:45 2025] acpiphp: Slot [14-4] registered
[Mon Dec 29 18:26:45 2025] acpiphp: Slot [15-4] registered
[Mon Dec 29 18:26:45 2025] acpiphp: Slot [16-4] registered
[Mon Dec 29 18:26:45 2025] acpiphp: Slot [17-4] registered
[Mon Dec 29 18:26:45 2025] acpiphp: Slot [18-4] registered
[Mon Dec 29 18:26:45 2025] acpiphp: Slot [19-4] registered
[Mon Dec 29 18:26:45 2025] acpiphp: Slot [20-4] registered
[Mon Dec 29 18:26:45 2025] acpiphp: Slot [21-4] registered
[Mon Dec 29 18:26:45 2025] acpiphp: Slot [22-4] registered
[Mon Dec 29 18:26:45 2025] acpiphp: Slot [23-4] registered
[Mon Dec 29 18:26:45 2025] acpiphp: Slot [24-4] registered
[Mon Dec 29 18:26:45 2025] acpiphp: Slot [25-4] registered
[Mon Dec 29 18:26:45 2025] acpiphp: Slot [26-4] registered
[Mon Dec 29 18:26:45 2025] acpiphp: Slot [27-4] registered
[Mon Dec 29 18:26:45 2025] acpiphp: Slot [28-4] registered
[Mon Dec 29 18:26:45 2025] acpiphp: Slot [29-4] registered
[Mon Dec 29 18:26:45 2025] acpiphp: Slot [30-4] registered
[Mon Dec 29 18:26:45 2025] acpiphp: Slot [31-4] registered
[Mon Dec 29 18:26:45 2025] pci 0000:05:03.0: PCI bridge to [bus 08]
[Mon Dec 29 18:26:45 2025] pci 0000:05:03.0:   bridge window [io  0x2000-0x2fff]
[Mon Dec 29 18:26:45 2025] pci 0000:05:03.0:   bridge window [mem 0xfda00000-0xfdbfffff]
[Mon Dec 29 18:26:45 2025] pci 0000:05:03.0:   bridge window [mem 0xe0200000000-0xe03ffffffff 64bit pref]
[Mon Dec 29 18:26:45 2025] pci_bus 0000:09: extended config space not accessible
[Mon Dec 29 18:26:45 2025] acpiphp: Slot [2-4] registered
[Mon Dec 29 18:26:45 2025] acpiphp: Slot [0-9] registered
[Mon Dec 29 18:26:45 2025] acpiphp: Slot [1-4] registered
[Mon Dec 29 18:26:45 2025] acpiphp: Slot [3-4] registered
[Mon Dec 29 18:26:45 2025] acpiphp: Slot [4-4] registered
[Mon Dec 29 18:26:45 2025] acpiphp: Slot [5-5] registered
[Mon Dec 29 18:26:45 2025] acpiphp: Slot [6-5] registered
[Mon Dec 29 18:26:45 2025] acpiphp: Slot [7-5] registered
[Mon Dec 29 18:26:45 2025] acpiphp: Slot [8-5] registered
[Mon Dec 29 18:26:45 2025] acpiphp: Slot [9-5] registered
[Mon Dec 29 18:26:45 2025] acpiphp: Slot [10-5] registered
[Mon Dec 29 18:26:45 2025] acpiphp: Slot [11-5] registered
[Mon Dec 29 18:26:45 2025] acpiphp: Slot [12-5] registered
[Mon Dec 29 18:26:45 2025] acpiphp: Slot [13-5] registered
[Mon Dec 29 18:26:45 2025] acpiphp: Slot [14-5] registered
[Mon Dec 29 18:26:45 2025] acpiphp: Slot [15-5] registered
[Mon Dec 29 18:26:45 2025] acpiphp: Slot [16-5] registered
[Mon Dec 29 18:26:45 2025] acpiphp: Slot [17-5] registered
[Mon Dec 29 18:26:45 2025] acpiphp: Slot [18-5] registered
[Mon Dec 29 18:26:45 2025] acpiphp: Slot [19-5] registered
[Mon Dec 29 18:26:45 2025] acpiphp: Slot [20-5] registered
[Mon Dec 29 18:26:45 2025] acpiphp: Slot [21-5] registered
[Mon Dec 29 18:26:45 2025] acpiphp: Slot [22-5] registered
[Mon Dec 29 18:26:45 2025] acpiphp: Slot [23-5] registered
[Mon Dec 29 18:26:45 2025] acpiphp: Slot [24-5] registered
[Mon Dec 29 18:26:45 2025] acpiphp: Slot [25-5] registered
[Mon Dec 29 18:26:45 2025] acpiphp: Slot [26-5] registered
[Mon Dec 29 18:26:45 2025] acpiphp: Slot [27-5] registered
[Mon Dec 29 18:26:45 2025] acpiphp: Slot [28-5] registered
[Mon Dec 29 18:26:45 2025] acpiphp: Slot [29-5] registered
[Mon Dec 29 18:26:45 2025] acpiphp: Slot [30-5] registered
[Mon Dec 29 18:26:45 2025] acpiphp: Slot [31-5] registered
[Mon Dec 29 18:26:45 2025] pci 0000:09:02.0: [1af4:1004] type 00 class 0x010000
[Mon Dec 29 18:26:45 2025] pci 0000:09:02.0: reg 0x10: [io  0x1000-0x103f]
[Mon Dec 29 18:26:45 2025] pci 0000:09:02.0: reg 0x14: [mem 0xfd800000-0xfd800fff]
[Mon Dec 29 18:26:45 2025] pci 0000:09:02.0: reg 0x20: [mem 0xe0000000000-0xe0000003fff 64bit pref]
[Mon Dec 29 18:26:45 2025] pci 0000:05:04.0: PCI bridge to [bus 09]
[Mon Dec 29 18:26:45 2025] pci 0000:05:04.0:   bridge window [io  0x1000-0x1fff]
[Mon Dec 29 18:26:45 2025] pci 0000:05:04.0:   bridge window [mem 0xfd800000-0xfd9fffff]
[Mon Dec 29 18:26:45 2025] pci 0000:05:04.0:   bridge window [mem 0xe0000000000-0xe01ffffffff 64bit pref]
[Mon Dec 29 18:26:45 2025] ACPI: PCI: Interrupt link LNKA configured for IRQ 10
[Mon Dec 29 18:26:45 2025] ACPI: PCI: Interrupt link LNKB configured for IRQ 10
[Mon Dec 29 18:26:45 2025] ACPI: PCI: Interrupt link LNKC configured for IRQ 11
[Mon Dec 29 18:26:45 2025] ACPI: PCI: Interrupt link LNKD configured for IRQ 11
[Mon Dec 29 18:26:45 2025] ACPI: PCI: Interrupt link LNKE configured for IRQ 10
[Mon Dec 29 18:26:45 2025] ACPI: PCI: Interrupt link LNKF configured for IRQ 10
[Mon Dec 29 18:26:45 2025] ACPI: PCI: Interrupt link LNKG configured for IRQ 11
[Mon Dec 29 18:26:45 2025] ACPI: PCI: Interrupt link LNKH configured for IRQ 11
[Mon Dec 29 18:26:45 2025] ACPI: PCI: Interrupt link GSIA configured for IRQ 16
[Mon Dec 29 18:26:45 2025] ACPI: PCI: Interrupt link GSIB configured for IRQ 17
[Mon Dec 29 18:26:45 2025] ACPI: PCI: Interrupt link GSIC configured for IRQ 18
[Mon Dec 29 18:26:45 2025] ACPI: PCI: Interrupt link GSID configured for IRQ 19
[Mon Dec 29 18:26:45 2025] ACPI: PCI: Interrupt link GSIE configured for IRQ 20
[Mon Dec 29 18:26:45 2025] ACPI: PCI: Interrupt link GSIF configured for IRQ 21
[Mon Dec 29 18:26:45 2025] ACPI: PCI: Interrupt link GSIG configured for IRQ 22
[Mon Dec 29 18:26:45 2025] ACPI: PCI: Interrupt link GSIH configured for IRQ 23
[Mon Dec 29 18:26:45 2025] iommu: Default domain type: Passthrough 
[Mon Dec 29 18:26:45 2025] SCSI subsystem initialized
[Mon Dec 29 18:26:45 2025] ACPI: bus type USB registered
[Mon Dec 29 18:26:45 2025] usbcore: registered new interface driver usbfs
[Mon Dec 29 18:26:45 2025] usbcore: registered new interface driver hub
[Mon Dec 29 18:26:45 2025] usbcore: registered new device driver usb
[Mon Dec 29 18:26:45 2025] pps_core: LinuxPPS API ver. 1 registered
[Mon Dec 29 18:26:45 2025] pps_core: Software ver. 5.3.6 - Copyright 2005-2007 Rodolfo Giometti <giometti@linux.it>
[Mon Dec 29 18:26:45 2025] PTP clock support registered
[Mon Dec 29 18:26:45 2025] EDAC MC: Ver: 3.0.0
[Mon Dec 29 18:26:45 2025] PCI: Using ACPI for IRQ routing
[Mon Dec 29 18:26:45 2025] PCI: pci_cache_line_size set to 64 bytes
[Mon Dec 29 18:26:45 2025] e820: reserve RAM buffer [mem 0x0009fc00-0x0009ffff]
[Mon Dec 29 18:26:45 2025] e820: reserve RAM buffer [mem 0x7ffd3000-0x7fffffff]
[Mon Dec 29 18:26:45 2025] NetLabel: Initializing
[Mon Dec 29 18:26:45 2025] NetLabel:  domain hash size = 128
[Mon Dec 29 18:26:45 2025] NetLabel:  protocols = UNLABELED CIPSOv4 CALIPSO
[Mon Dec 29 18:26:45 2025] NetLabel:  unlabeled traffic allowed by default
[Mon Dec 29 18:26:45 2025] pci 0000:00:01.0: vgaarb: setting as boot VGA device
[Mon Dec 29 18:26:45 2025] pci 0000:00:01.0: vgaarb: VGA device added: decodes=io+mem,owns=io+mem,locks=none
[Mon Dec 29 18:26:45 2025] pci 0000:00:01.0: vgaarb: bridge control possible
[Mon Dec 29 18:26:45 2025] vgaarb: loaded
[Mon Dec 29 18:26:45 2025] clocksource: Switched to clocksource kvm-clock
[Mon Dec 29 18:26:45 2025] VFS: Disk quotas dquot_6.6.0
[Mon Dec 29 18:26:45 2025] VFS: Dquot-cache hash table entries: 512 (order 0, 4096 bytes)
[Mon Dec 29 18:26:45 2025] pnp: PnP ACPI init
[Mon Dec 29 18:26:45 2025] pnp 00:00: Plug and Play ACPI device, IDs PNP0303 (active)
[Mon Dec 29 18:26:45 2025] pnp 00:01: Plug and Play ACPI device, IDs PNP0f13 (active)
[Mon Dec 29 18:26:45 2025] pnp 00:02: Plug and Play ACPI device, IDs PNP0b00 (active)
[Mon Dec 29 18:26:45 2025] system 00:03: [mem 0xb0000000-0xbfffffff window] has been reserved
[Mon Dec 29 18:26:45 2025] system 00:03: Plug and Play ACPI device, IDs PNP0c01 (active)
[Mon Dec 29 18:26:45 2025] pnp: PnP ACPI: found 4 devices
[Mon Dec 29 18:26:45 2025] clocksource: acpi_pm: mask: 0xffffff max_cycles: 0xffffff, max_idle_ns: 2085701024 ns
[Mon Dec 29 18:26:45 2025] pci 0000:00:1c.0: bridge window [io  0x1000-0x0fff] to [bus 01] add_size 1000
[Mon Dec 29 18:26:45 2025] pci 0000:00:1c.1: bridge window [io  0x1000-0x0fff] to [bus 02] add_size 1000
[Mon Dec 29 18:26:45 2025] pci 0000:00:1c.2: bridge window [io  0x1000-0x0fff] to [bus 03] add_size 1000
[Mon Dec 29 18:26:45 2025] pci 0000:00:1c.3: bridge window [io  0x1000-0x0fff] to [bus 04] add_size 1000
[Mon Dec 29 18:26:45 2025] pci 0000:00:1c.0: BAR 13: assigned [io  0x6000-0x6fff]
[Mon Dec 29 18:26:45 2025] pci 0000:00:1c.1: BAR 13: assigned [io  0x7000-0x7fff]
[Mon Dec 29 18:26:45 2025] pci 0000:00:1c.2: BAR 13: assigned [io  0x8000-0x8fff]
[Mon Dec 29 18:26:45 2025] pci 0000:00:1c.3: BAR 13: assigned [io  0x9000-0x9fff]
[Mon Dec 29 18:26:45 2025] pci 0000:00:1c.0: PCI bridge to [bus 01]
[Mon Dec 29 18:26:45 2025] pci 0000:00:1c.0:   bridge window [io  0x6000-0x6fff]
[Mon Dec 29 18:26:45 2025] pci 0000:00:1c.0:   bridge window [mem 0xfe800000-0xfe9fffff]
[Mon Dec 29 18:26:45 2025] pci 0000:00:1c.0:   bridge window [mem 0xe0e00000000-0xe0fffffffff 64bit pref]
[Mon Dec 29 18:26:45 2025] pci 0000:00:1c.1: PCI bridge to [bus 02]
[Mon Dec 29 18:26:45 2025] pci 0000:00:1c.1:   bridge window [io  0x7000-0x7fff]
[Mon Dec 29 18:26:45 2025] pci 0000:00:1c.1:   bridge window [mem 0xfe600000-0xfe7fffff]
[Mon Dec 29 18:26:45 2025] pci 0000:00:1c.1:   bridge window [mem 0xe0c00000000-0xe0dffffffff 64bit pref]
[Mon Dec 29 18:26:45 2025] pci 0000:00:1c.2: PCI bridge to [bus 03]
[Mon Dec 29 18:26:45 2025] pci 0000:00:1c.2:   bridge window [io  0x8000-0x8fff]
[Mon Dec 29 18:26:45 2025] pci 0000:00:1c.2:   bridge window [mem 0xfe400000-0xfe5fffff]
[Mon Dec 29 18:26:45 2025] pci 0000:00:1c.2:   bridge window [mem 0xe0a00000000-0xe0bffffffff 64bit pref]
[Mon Dec 29 18:26:45 2025] pci 0000:00:1c.3: PCI bridge to [bus 04]
[Mon Dec 29 18:26:45 2025] pci 0000:00:1c.3:   bridge window [io  0x9000-0x9fff]
[Mon Dec 29 18:26:45 2025] pci 0000:00:1c.3:   bridge window [mem 0xfe200000-0xfe3fffff]
[Mon Dec 29 18:26:45 2025] pci 0000:00:1c.3:   bridge window [mem 0xe0800000000-0xe09ffffffff 64bit pref]
[Mon Dec 29 18:26:45 2025] pci 0000:05:01.0: PCI bridge to [bus 06]
[Mon Dec 29 18:26:45 2025] pci 0000:05:01.0:   bridge window [io  0x4000-0x4fff]
[Mon Dec 29 18:26:45 2025] pci 0000:05:01.0:   bridge window [mem 0xfde00000-0xfdffffff]
[Mon Dec 29 18:26:45 2025] pci 0000:05:01.0:   bridge window [mem 0xe0600000000-0xe07ffffffff 64bit pref]
[Mon Dec 29 18:26:45 2025] pci 0000:05:02.0: PCI bridge to [bus 07]
[Mon Dec 29 18:26:45 2025] pci 0000:05:02.0:   bridge window [io  0x3000-0x3fff]
[Mon Dec 29 18:26:45 2025] pci 0000:05:02.0:   bridge window [mem 0xfdc00000-0xfddfffff]
[Mon Dec 29 18:26:45 2025] pci 0000:05:02.0:   bridge window [mem 0xe0400000000-0xe05ffffffff 64bit pref]
[Mon Dec 29 18:26:45 2025] pci 0000:05:03.0: PCI bridge to [bus 08]
[Mon Dec 29 18:26:45 2025] pci 0000:05:03.0:   bridge window [io  0x2000-0x2fff]
[Mon Dec 29 18:26:45 2025] pci 0000:05:03.0:   bridge window [mem 0xfda00000-0xfdbfffff]
[Mon Dec 29 18:26:45 2025] pci 0000:05:03.0:   bridge window [mem 0xe0200000000-0xe03ffffffff 64bit pref]
[Mon Dec 29 18:26:45 2025] pci 0000:05:04.0: PCI bridge to [bus 09]
[Mon Dec 29 18:26:45 2025] pci 0000:05:04.0:   bridge window [io  0x1000-0x1fff]
[Mon Dec 29 18:26:45 2025] pci 0000:05:04.0:   bridge window [mem 0xfd800000-0xfd9fffff]
[Mon Dec 29 18:26:45 2025] pci 0000:05:04.0:   bridge window [mem 0xe0000000000-0xe01ffffffff 64bit pref]
[Mon Dec 29 18:26:45 2025] pci 0000:00:1e.0: PCI bridge to [bus 05-09]
[Mon Dec 29 18:26:45 2025] pci 0000:00:1e.0:   bridge window [io  0x1000-0x4fff]
[Mon Dec 29 18:26:45 2025] pci 0000:00:1e.0:   bridge window [mem 0xfd800000-0xfe1fffff]
[Mon Dec 29 18:26:45 2025] pci 0000:00:1e.0:   bridge window [mem 0xe0000000000-0xe07ffffffff 64bit pref]
[Mon Dec 29 18:26:45 2025] pci_bus 0000:00: resource 4 [io  0x0000-0x0cf7 window]
[Mon Dec 29 18:26:45 2025] pci_bus 0000:00: resource 5 [io  0x0d00-0xffff window]
[Mon Dec 29 18:26:45 2025] pci_bus 0000:00: resource 6 [mem 0x000a0000-0x000bffff window]
[Mon Dec 29 18:26:45 2025] pci_bus 0000:00: resource 7 [mem 0x80000000-0xafffffff window]
[Mon Dec 29 18:26:45 2025] pci_bus 0000:00: resource 8 [mem 0xc0000000-0xfebfffff window]
[Mon Dec 29 18:26:45 2025] pci_bus 0000:00: resource 9 [mem 0xe0000000000-0xe0fffffffff window]
[Mon Dec 29 18:26:45 2025] pci_bus 0000:01: resource 0 [io  0x6000-0x6fff]
[Mon Dec 29 18:26:45 2025] pci_bus 0000:01: resource 1 [mem 0xfe800000-0xfe9fffff]
[Mon Dec 29 18:26:45 2025] pci_bus 0000:01: resource 2 [mem 0xe0e00000000-0xe0fffffffff 64bit pref]
[Mon Dec 29 18:26:45 2025] pci_bus 0000:02: resource 0 [io  0x7000-0x7fff]
[Mon Dec 29 18:26:45 2025] pci_bus 0000:02: resource 1 [mem 0xfe600000-0xfe7fffff]
[Mon Dec 29 18:26:45 2025] pci_bus 0000:02: resource 2 [mem 0xe0c00000000-0xe0dffffffff 64bit pref]
[Mon Dec 29 18:26:45 2025] pci_bus 0000:03: resource 0 [io  0x8000-0x8fff]
[Mon Dec 29 18:26:45 2025] pci_bus 0000:03: resource 1 [mem 0xfe400000-0xfe5fffff]
[Mon Dec 29 18:26:45 2025] pci_bus 0000:03: resource 2 [mem 0xe0a00000000-0xe0bffffffff 64bit pref]
[Mon Dec 29 18:26:45 2025] pci_bus 0000:04: resource 0 [io  0x9000-0x9fff]
[Mon Dec 29 18:26:45 2025] pci_bus 0000:04: resource 1 [mem 0xfe200000-0xfe3fffff]
[Mon Dec 29 18:26:45 2025] pci_bus 0000:04: resource 2 [mem 0xe0800000000-0xe09ffffffff 64bit pref]
[Mon Dec 29 18:26:45 2025] pci_bus 0000:05: resource 0 [io  0x1000-0x4fff]
[Mon Dec 29 18:26:45 2025] pci_bus 0000:05: resource 1 [mem 0xfd800000-0xfe1fffff]
[Mon Dec 29 18:26:45 2025] pci_bus 0000:05: resource 2 [mem 0xe0000000000-0xe07ffffffff 64bit pref]
[Mon Dec 29 18:26:45 2025] pci_bus 0000:05: resource 4 [io  0x0000-0x0cf7 window]
[Mon Dec 29 18:26:45 2025] pci_bus 0000:05: resource 5 [io  0x0d00-0xffff window]
[Mon Dec 29 18:26:45 2025] pci_bus 0000:05: resource 6 [mem 0x000a0000-0x000bffff window]
[Mon Dec 29 18:26:45 2025] pci_bus 0000:05: resource 7 [mem 0x80000000-0xafffffff window]
[Mon Dec 29 18:26:45 2025] pci_bus 0000:05: resource 8 [mem 0xc0000000-0xfebfffff window]
[Mon Dec 29 18:26:45 2025] pci_bus 0000:05: resource 9 [mem 0xe0000000000-0xe0fffffffff window]
[Mon Dec 29 18:26:45 2025] pci_bus 0000:06: resource 0 [io  0x4000-0x4fff]
[Mon Dec 29 18:26:45 2025] pci_bus 0000:06: resource 1 [mem 0xfde00000-0xfdffffff]
[Mon Dec 29 18:26:45 2025] pci_bus 0000:06: resource 2 [mem 0xe0600000000-0xe07ffffffff 64bit pref]
[Mon Dec 29 18:26:45 2025] pci_bus 0000:07: resource 0 [io  0x3000-0x3fff]
[Mon Dec 29 18:26:45 2025] pci_bus 0000:07: resource 1 [mem 0xfdc00000-0xfddfffff]
[Mon Dec 29 18:26:45 2025] pci_bus 0000:07: resource 2 [mem 0xe0400000000-0xe05ffffffff 64bit pref]
[Mon Dec 29 18:26:45 2025] pci_bus 0000:08: resource 0 [io  0x2000-0x2fff]
[Mon Dec 29 18:26:45 2025] pci_bus 0000:08: resource 1 [mem 0xfda00000-0xfdbfffff]
[Mon Dec 29 18:26:45 2025] pci_bus 0000:08: resource 2 [mem 0xe0200000000-0xe03ffffffff 64bit pref]
[Mon Dec 29 18:26:45 2025] pci_bus 0000:09: resource 0 [io  0x1000-0x1fff]
[Mon Dec 29 18:26:45 2025] pci_bus 0000:09: resource 1 [mem 0xfd800000-0xfd9fffff]
[Mon Dec 29 18:26:45 2025] pci_bus 0000:09: resource 2 [mem 0xe0000000000-0xe01ffffffff 64bit pref]
[Mon Dec 29 18:26:45 2025] NET: Registered protocol family 2
[Mon Dec 29 18:26:45 2025] IP idents hash table entries: 262144 (order: 9, 2097152 bytes, vmalloc)
[Mon Dec 29 18:26:45 2025] tcp_listen_portaddr_hash hash table entries: 65536 (order: 8, 1048576 bytes, vmalloc)
[Mon Dec 29 18:26:45 2025] TCP established hash table entries: 524288 (order: 10, 4194304 bytes, vmalloc)
[Mon Dec 29 18:26:45 2025] TCP bind hash table entries: 65536 (order: 8, 1048576 bytes, vmalloc)
[Mon Dec 29 18:26:45 2025] TCP: Hash tables configured (established 524288 bind 65536)
[Mon Dec 29 18:26:45 2025] MPTCP token hash table entries: 65536 (order: 8, 1572864 bytes, vmalloc)
[Mon Dec 29 18:26:45 2025] UDP hash table entries: 65536 (order: 9, 2097152 bytes, vmalloc)
[Mon Dec 29 18:26:45 2025] UDP-Lite hash table entries: 65536 (order: 9, 2097152 bytes, vmalloc)
[Mon Dec 29 18:26:45 2025] NET: Registered protocol family 1
[Mon Dec 29 18:26:45 2025] NET: Registered protocol family 44
[Mon Dec 29 18:26:45 2025] pci 0000:00:01.0: Video device with shadowed ROM at [mem 0x000c0000-0x000dffff]
[Mon Dec 29 18:26:45 2025] ACPI: \_SB_.GSIA: Enabled at IRQ 16
[Mon Dec 29 18:26:45 2025] ACPI: \_SB_.GSIB: Enabled at IRQ 17
[Mon Dec 29 18:26:45 2025] ACPI: \_SB_.GSIC: Enabled at IRQ 18
[Mon Dec 29 18:26:45 2025] ACPI: \_SB_.GSID: Enabled at IRQ 19
[Mon Dec 29 18:26:45 2025] PCI: CLS 0 bytes, default 64
[Mon Dec 29 18:26:45 2025] Unpacking initramfs...
[Mon Dec 29 18:26:45 2025] Freeing initrd memory: 23892K
[Mon Dec 29 18:26:45 2025] PCI-DMA: Using software bounce buffering for IO (SWIOTLB)
[Mon Dec 29 18:26:45 2025] software IO TLB: mapped [mem 0x000000005b000000-0x000000005f000000] (64MB)
[Mon Dec 29 18:26:45 2025] ACPI: bus type thunderbolt registered
[Mon Dec 29 18:26:45 2025] Initialise system trusted keyrings
[Mon Dec 29 18:26:45 2025] Key type blacklist registered
[Mon Dec 29 18:26:45 2025] workingset: timestamp_bits=36 max_order=25 bucket_order=0
[Mon Dec 29 18:26:45 2025] zbud: loaded
[Mon Dec 29 18:26:45 2025] pstore: using deflate compression
[Mon Dec 29 18:26:45 2025] Platform Keyring initialized
[Mon Dec 29 18:26:45 2025] NET: Registered protocol family 38
[Mon Dec 29 18:26:45 2025] Key type asymmetric registered
[Mon Dec 29 18:26:45 2025] Asymmetric key parser 'x509' registered
[Mon Dec 29 18:26:45 2025] Running certificate verification selftests
[Mon Dec 29 18:26:45 2025] Loaded X.509 cert 'Certificate verification self-testing key: f58703bb33ce1b73ee02eccdee5b8817518fe3db'
[Mon Dec 29 18:26:45 2025] Block layer SCSI generic (bsg) driver version 0.4 loaded (major 247)
[Mon Dec 29 18:26:45 2025] io scheduler mq-deadline registered
[Mon Dec 29 18:26:45 2025] io scheduler kyber registered
[Mon Dec 29 18:26:45 2025] io scheduler bfq registered
[Mon Dec 29 18:26:45 2025] atomic64_test: passed for x86-64 platform with CX8 and with SSE
[Mon Dec 29 18:26:45 2025] pcieport 0000:00:1c.0: PME: Signaling with IRQ 24
[Mon Dec 29 18:26:45 2025] pcieport 0000:00:1c.0: AER: enabled with IRQ 24
[Mon Dec 29 18:26:45 2025] pcieport 0000:00:1c.1: PME: Signaling with IRQ 25
[Mon Dec 29 18:26:45 2025] pcieport 0000:00:1c.1: AER: enabled with IRQ 25
[Mon Dec 29 18:26:45 2025] pcieport 0000:00:1c.2: PME: Signaling with IRQ 26
[Mon Dec 29 18:26:45 2025] pcieport 0000:00:1c.2: AER: enabled with IRQ 26
[Mon Dec 29 18:26:45 2025] pcieport 0000:00:1c.3: PME: Signaling with IRQ 27
[Mon Dec 29 18:26:45 2025] pcieport 0000:00:1c.3: AER: enabled with IRQ 27
[Mon Dec 29 18:26:45 2025] shpchp 0000:05:01.0: HPC vendor_id 1b36 device_id 1 ss_vid 0 ss_did 0
[Mon Dec 29 18:26:45 2025] ACPI: \_SB_.GSIF: Enabled at IRQ 21
[Mon Dec 29 18:26:45 2025] shpchp 0000:05:01.0: pci_hp_register failed with error -16
[Mon Dec 29 18:26:45 2025] shpchp 0000:05:01.0: Slot initialization failed
[Mon Dec 29 18:26:45 2025] shpchp 0000:05:02.0: HPC vendor_id 1b36 device_id 1 ss_vid 0 ss_did 0
[Mon Dec 29 18:26:45 2025] ACPI: \_SB_.GSIG: Enabled at IRQ 22
[Mon Dec 29 18:26:45 2025] shpchp 0000:05:02.0: pci_hp_register failed with error -16
[Mon Dec 29 18:26:45 2025] shpchp 0000:05:02.0: Slot initialization failed
[Mon Dec 29 18:26:45 2025] shpchp 0000:05:03.0: HPC vendor_id 1b36 device_id 1 ss_vid 0 ss_did 0
[Mon Dec 29 18:26:45 2025] ACPI: \_SB_.GSIH: Enabled at IRQ 23
[Mon Dec 29 18:26:45 2025] shpchp 0000:05:03.0: pci_hp_register failed with error -16
[Mon Dec 29 18:26:45 2025] shpchp 0000:05:03.0: Slot initialization failed
[Mon Dec 29 18:26:45 2025] shpchp 0000:05:04.0: HPC vendor_id 1b36 device_id 1 ss_vid 0 ss_did 0
[Mon Dec 29 18:26:45 2025] ACPI: \_SB_.GSIE: Enabled at IRQ 20
[Mon Dec 29 18:26:45 2025] shpchp 0000:05:04.0: pci_hp_register failed with error -16
[Mon Dec 29 18:26:45 2025] shpchp 0000:05:04.0: Slot initialization failed
[Mon Dec 29 18:26:45 2025] shpchp: Standard Hot Plug PCI Controller Driver version: 0.4
[Mon Dec 29 18:26:45 2025] input: Power Button as /devices/LNXSYSTM:00/LNXPWRBN:00/input/input0
[Mon Dec 29 18:26:45 2025] ACPI: Power Button [PWRF]
[Mon Dec 29 18:26:45 2025] Serial: 8250/16550 driver, 4 ports, IRQ sharing enabled
[Mon Dec 29 18:26:45 2025] Non-volatile memory driver v1.3
[Mon Dec 29 18:26:45 2025] rdac: device handler registered
[Mon Dec 29 18:26:45 2025] hp_sw: device handler registered
[Mon Dec 29 18:26:45 2025] emc: device handler registered
[Mon Dec 29 18:26:45 2025] alua: device handler registered
[Mon Dec 29 18:26:45 2025] libphy: Fixed MDIO Bus: probed
[Mon Dec 29 18:26:45 2025] ehci-pci 0000:00:1d.7: EHCI Host Controller
[Mon Dec 29 18:26:45 2025] ehci-pci 0000:00:1d.7: new USB bus registered, assigned bus number 1
[Mon Dec 29 18:26:45 2025] ehci-pci 0000:00:1d.7: irq 19, io mem 0xfea1a000
[Mon Dec 29 18:26:45 2025] ehci-pci 0000:00:1d.7: USB 2.0 started, EHCI 1.00
[Mon Dec 29 18:26:45 2025] usb usb1: New USB device found, idVendor=1d6b, idProduct=0002, bcdDevice= 4.18
[Mon Dec 29 18:26:45 2025] usb usb1: New USB device strings: Mfr=3, Product=2, SerialNumber=1
[Mon Dec 29 18:26:45 2025] usb usb1: Product: EHCI Host Controller
[Mon Dec 29 18:26:45 2025] usb usb1: Manufacturer: Linux 4.18.0-553.56.1.el8_10.x86_64 ehci_hcd
[Mon Dec 29 18:26:45 2025] usb usb1: SerialNumber: 0000:00:1d.7
[Mon Dec 29 18:26:45 2025] hub 1-0:1.0: USB hub found
[Mon Dec 29 18:26:45 2025] hub 1-0:1.0: 6 ports detected
[Mon Dec 29 18:26:45 2025] uhci_hcd 0000:00:1a.0: UHCI Host Controller
[Mon Dec 29 18:26:45 2025] uhci_hcd 0000:00:1a.0: new USB bus registered, assigned bus number 2
[Mon Dec 29 18:26:45 2025] uhci_hcd 0000:00:1a.0: detected 2 ports
[Mon Dec 29 18:26:45 2025] uhci_hcd 0000:00:1a.0: irq 16, io base 0x00005040
[Mon Dec 29 18:26:45 2025] usb usb2: New USB device found, idVendor=1d6b, idProduct=0001, bcdDevice= 4.18
[Mon Dec 29 18:26:45 2025] usb usb2: New USB device strings: Mfr=3, Product=2, SerialNumber=1
[Mon Dec 29 18:26:45 2025] usb usb2: Product: UHCI Host Controller
[Mon Dec 29 18:26:45 2025] usb usb2: Manufacturer: Linux 4.18.0-553.56.1.el8_10.x86_64 uhci_hcd
[Mon Dec 29 18:26:45 2025] usb usb2: SerialNumber: 0000:00:1a.0
[Mon Dec 29 18:26:45 2025] hub 2-0:1.0: USB hub found
[Mon Dec 29 18:26:45 2025] hub 2-0:1.0: 2 ports detected
[Mon Dec 29 18:26:45 2025] ehci-pci 0000:00:1a.7: EHCI Host Controller
[Mon Dec 29 18:26:45 2025] ehci-pci 0000:00:1a.7: new USB bus registered, assigned bus number 3
[Mon Dec 29 18:26:45 2025] ehci-pci 0000:00:1a.7: irq 19, io mem 0xfea15000
[Mon Dec 29 18:26:45 2025] ehci-pci 0000:00:1a.7: USB 2.0 started, EHCI 1.00
[Mon Dec 29 18:26:45 2025] usb usb3: New USB device found, idVendor=1d6b, idProduct=0002, bcdDevice= 4.18
[Mon Dec 29 18:26:45 2025] usb usb3: New USB device strings: Mfr=3, Product=2, SerialNumber=1
[Mon Dec 29 18:26:45 2025] usb usb3: Product: EHCI Host Controller
[Mon Dec 29 18:26:45 2025] usb usb3: Manufacturer: Linux 4.18.0-553.56.1.el8_10.x86_64 ehci_hcd
[Mon Dec 29 18:26:45 2025] usb usb3: SerialNumber: 0000:00:1a.7
[Mon Dec 29 18:26:45 2025] hub 3-0:1.0: USB hub found
[Mon Dec 29 18:26:45 2025] hub 3-0:1.0: 6 ports detected
[Mon Dec 29 18:26:45 2025] hub 2-0:1.0: USB hub found
[Mon Dec 29 18:26:45 2025] hub 2-0:1.0: 2 ports detected
[Mon Dec 29 18:26:45 2025] uhci_hcd 0000:00:1a.1: UHCI Host Controller
[Mon Dec 29 18:26:45 2025] uhci_hcd 0000:00:1a.1: new USB bus registered, assigned bus number 4
[Mon Dec 29 18:26:45 2025] uhci_hcd 0000:00:1a.1: detected 2 ports
[Mon Dec 29 18:26:45 2025] uhci_hcd 0000:00:1a.1: irq 17, io base 0x00005060
[Mon Dec 29 18:26:45 2025] usb usb4: New USB device found, idVendor=1d6b, idProduct=0001, bcdDevice= 4.18
[Mon Dec 29 18:26:45 2025] usb usb4: New USB device strings: Mfr=3, Product=2, SerialNumber=1
[Mon Dec 29 18:26:45 2025] usb usb4: Product: UHCI Host Controller
[Mon Dec 29 18:26:45 2025] usb usb4: Manufacturer: Linux 4.18.0-553.56.1.el8_10.x86_64 uhci_hcd
[Mon Dec 29 18:26:45 2025] usb usb4: SerialNumber: 0000:00:1a.1
[Mon Dec 29 18:26:45 2025] hub 4-0:1.0: USB hub found
[Mon Dec 29 18:26:45 2025] hub 4-0:1.0: 2 ports detected
[Mon Dec 29 18:26:45 2025] uhci_hcd 0000:00:1a.2: UHCI Host Controller
[Mon Dec 29 18:26:45 2025] uhci_hcd 0000:00:1a.2: new USB bus registered, assigned bus number 5
[Mon Dec 29 18:26:45 2025] uhci_hcd 0000:00:1a.2: detected 2 ports
[Mon Dec 29 18:26:45 2025] uhci_hcd 0000:00:1a.2: irq 18, io base 0x00005080
[Mon Dec 29 18:26:45 2025] usb usb5: New USB device found, idVendor=1d6b, idProduct=0001, bcdDevice= 4.18
[Mon Dec 29 18:26:45 2025] usb usb5: New USB device strings: Mfr=3, Product=2, SerialNumber=1
[Mon Dec 29 18:26:45 2025] usb usb5: Product: UHCI Host Controller
[Mon Dec 29 18:26:45 2025] usb usb5: Manufacturer: Linux 4.18.0-553.56.1.el8_10.x86_64 uhci_hcd
[Mon Dec 29 18:26:45 2025] usb usb5: SerialNumber: 0000:00:1a.2
[Mon Dec 29 18:26:45 2025] hub 5-0:1.0: USB hub found
[Mon Dec 29 18:26:45 2025] hub 5-0:1.0: 2 ports detected
[Mon Dec 29 18:26:45 2025] uhci_hcd 0000:00:1d.0: UHCI Host Controller
[Mon Dec 29 18:26:45 2025] uhci_hcd 0000:00:1d.0: new USB bus registered, assigned bus number 6
[Mon Dec 29 18:26:45 2025] uhci_hcd 0000:00:1d.0: detected 2 ports
[Mon Dec 29 18:26:45 2025] uhci_hcd 0000:00:1d.0: irq 16, io base 0x000050a0
[Mon Dec 29 18:26:45 2025] usb usb6: New USB device found, idVendor=1d6b, idProduct=0001, bcdDevice= 4.18
[Mon Dec 29 18:26:45 2025] usb usb6: New USB device strings: Mfr=3, Product=2, SerialNumber=1
[Mon Dec 29 18:26:45 2025] usb usb6: Product: UHCI Host Controller
[Mon Dec 29 18:26:45 2025] usb usb6: Manufacturer: Linux 4.18.0-553.56.1.el8_10.x86_64 uhci_hcd
[Mon Dec 29 18:26:45 2025] usb usb6: SerialNumber: 0000:00:1d.0
[Mon Dec 29 18:26:45 2025] hub 6-0:1.0: USB hub found
[Mon Dec 29 18:26:45 2025] hub 6-0:1.0: 2 ports detected
[Mon Dec 29 18:26:45 2025] uhci_hcd 0000:00:1d.1: UHCI Host Controller
[Mon Dec 29 18:26:45 2025] uhci_hcd 0000:00:1d.1: new USB bus registered, assigned bus number 7
[Mon Dec 29 18:26:45 2025] uhci_hcd 0000:00:1d.1: detected 2 ports
[Mon Dec 29 18:26:45 2025] uhci_hcd 0000:00:1d.1: irq 17, io base 0x000050c0
[Mon Dec 29 18:26:45 2025] usb usb7: New USB device found, idVendor=1d6b, idProduct=0001, bcdDevice= 4.18
[Mon Dec 29 18:26:45 2025] usb usb7: New USB device strings: Mfr=3, Product=2, SerialNumber=1
[Mon Dec 29 18:26:45 2025] usb usb7: Product: UHCI Host Controller
[Mon Dec 29 18:26:45 2025] usb usb7: Manufacturer: Linux 4.18.0-553.56.1.el8_10.x86_64 uhci_hcd
[Mon Dec 29 18:26:45 2025] usb usb7: SerialNumber: 0000:00:1d.1
[Mon Dec 29 18:26:45 2025] hub 7-0:1.0: USB hub found
[Mon Dec 29 18:26:45 2025] hub 7-0:1.0: 2 ports detected
[Mon Dec 29 18:26:45 2025] uhci_hcd 0000:00:1d.2: UHCI Host Controller
[Mon Dec 29 18:26:45 2025] uhci_hcd 0000:00:1d.2: new USB bus registered, assigned bus number 8
[Mon Dec 29 18:26:45 2025] uhci_hcd 0000:00:1d.2: detected 2 ports
[Mon Dec 29 18:26:45 2025] uhci_hcd 0000:00:1d.2: irq 18, io base 0x000050e0
[Mon Dec 29 18:26:45 2025] usb usb8: New USB device found, idVendor=1d6b, idProduct=0001, bcdDevice= 4.18
[Mon Dec 29 18:26:45 2025] usb usb8: New USB device strings: Mfr=3, Product=2, SerialNumber=1
[Mon Dec 29 18:26:45 2025] usb usb8: Product: UHCI Host Controller
[Mon Dec 29 18:26:45 2025] usb usb8: Manufacturer: Linux 4.18.0-553.56.1.el8_10.x86_64 uhci_hcd
[Mon Dec 29 18:26:45 2025] usb usb8: SerialNumber: 0000:00:1d.2
[Mon Dec 29 18:26:45 2025] hub 8-0:1.0: USB hub found
[Mon Dec 29 18:26:45 2025] hub 8-0:1.0: 2 ports detected
[Mon Dec 29 18:26:45 2025] usbcore: registered new interface driver usbserial_generic
[Mon Dec 29 18:26:45 2025] usbserial: USB Serial support registered for generic
[Mon Dec 29 18:26:45 2025] i8042: PNP: PS/2 Controller [PNP0303:KBD,PNP0f13:MOU] at 0x60,0x64 irq 1,12
[Mon Dec 29 18:26:45 2025] serio: i8042 KBD port at 0x60,0x64 irq 1
[Mon Dec 29 18:26:45 2025] serio: i8042 AUX port at 0x60,0x64 irq 12
[Mon Dec 29 18:26:45 2025] mousedev: PS/2 mouse device common for all mice
[Mon Dec 29 18:26:45 2025] rtc_cmos 00:02: RTC can wake from S4
[Mon Dec 29 18:26:45 2025] input: AT Translated Set 2 keyboard as /devices/platform/i8042/serio0/input/input1
[Mon Dec 29 18:26:45 2025] rtc_cmos 00:02: registered as rtc0
[Mon Dec 29 18:26:45 2025] rtc_cmos 00:02: alarms up to one day, y3k, 242 bytes nvram
[Mon Dec 29 18:26:45 2025] amd_pstate: the _CPC object is not present in SBIOS or ACPI disabled
[Mon Dec 29 18:26:45 2025] hid: raw HID events driver (C) Jiri Kosina
[Mon Dec 29 18:26:45 2025] usbcore: registered new interface driver usbhid
[Mon Dec 29 18:26:45 2025] usbhid: USB HID core driver
[Mon Dec 29 18:26:45 2025] drop_monitor: Initializing network drop monitor service
[Mon Dec 29 18:26:45 2025] Initializing XFRM netlink socket
[Mon Dec 29 18:26:45 2025] input: VirtualPS/2 VMware VMMouse as /devices/platform/i8042/serio1/input/input4
[Mon Dec 29 18:26:45 2025] NET: Registered protocol family 10
[Mon Dec 29 18:26:45 2025] input: VirtualPS/2 VMware VMMouse as /devices/platform/i8042/serio1/input/input3
[Mon Dec 29 18:26:45 2025] Segment Routing with IPv6
[Mon Dec 29 18:26:45 2025] NET: Registered protocol family 17
[Mon Dec 29 18:26:45 2025] mpls_gso: MPLS GSO support
[Mon Dec 29 18:26:45 2025] AVX2 version of gcm_enc/dec engaged.
[Mon Dec 29 18:26:45 2025] AES CTR mode by8 optimization enabled
[Mon Dec 29 18:26:45 2025] sched_clock: Marking stable (925551805, 0)->(1470499126, -544947321)
[Mon Dec 29 18:26:45 2025] registered taskstats version 1
[Mon Dec 29 18:26:45 2025] Loading compiled-in X.509 certificates
[Mon Dec 29 18:26:45 2025] Loaded X.509 cert 'Rocky kernel signing key: 59c53c4dd8f13782e1886308b6e6e4da3d1545e7'
[Mon Dec 29 18:26:45 2025] Loaded X.509 cert 'Rocky Enterprise Software Foundation: Rocky Linux Driver Signing Cert 101: ce537f0c615c038114acbb01233a5b62b93a1971'
[Mon Dec 29 18:26:45 2025] Loaded X.509 cert 'Rocky Enterprise Software Foundation: Rocky Linux Kpatch Signing Cert 101: b5ee07c737e57ecbeaed493a51379763b06312c5'
[Mon Dec 29 18:26:45 2025] zswap: loaded using pool lzo/zbud
[Mon Dec 29 18:26:45 2025] page_owner is disabled
[Mon Dec 29 18:26:45 2025] Key type big_key registered
[Mon Dec 29 18:26:45 2025] Key type encrypted registered
[Mon Dec 29 18:26:45 2025] ima: No TPM chip found, activating TPM-bypass!
[Mon Dec 29 18:26:45 2025] ima: Allocated hash algorithm: sha256
[Mon Dec 29 18:26:45 2025] ima: No architecture policies found
[Mon Dec 29 18:26:45 2025] evm: Initialising EVM extended attributes:
[Mon Dec 29 18:26:45 2025] evm: security.selinux
[Mon Dec 29 18:26:45 2025] evm: security.ima
[Mon Dec 29 18:26:45 2025] evm: security.capability
[Mon Dec 29 18:26:45 2025] evm: HMAC attrs: 0x1
[Mon Dec 29 18:26:45 2025] rtc_cmos 00:02: setting system clock to 2025-12-29 18:26:46 UTC (1767032806)
[Mon Dec 29 18:26:45 2025] Freeing unused decrypted memory: 2028K
[Mon Dec 29 18:26:45 2025] Freeing unused kernel image (initmem) memory: 2816K
[Mon Dec 29 18:26:45 2025] Write protecting the kernel read-only data: 26624k
[Mon Dec 29 18:26:45 2025] Freeing unused kernel image (text/rodata gap) memory: 2016K
[Mon Dec 29 18:26:45 2025] Freeing unused kernel image (rodata/data gap) memory: 1664K
[Mon Dec 29 18:26:45 2025] systemd[1]: systemd 239 (239-82.el8_10.5) running in system mode. (+PAM +AUDIT +SELINUX +IMA -APPARMOR +SMACK +SYSVINIT +UTMP +LIBCRYPTSETUP +GCRYPT +GNUTLS +ACL +XZ +LZ4 +SECCOMP +BLKID +ELFUTILS +KMOD +IDN2 -IDN +PCRE2 default-hierarchy=legacy)
[Mon Dec 29 18:26:45 2025] systemd[1]: Detected virtualization kvm.
[Mon Dec 29 18:26:45 2025] systemd[1]: Detected architecture x86-64.
[Mon Dec 29 18:26:45 2025] systemd[1]: Running in initial RAM disk.
[Mon Dec 29 18:26:45 2025] systemd[1]: Set hostname to <localhost.localdomain>.
[Mon Dec 29 18:26:46 2025] systemd[1]: Reached target Swap.
[Mon Dec 29 18:26:46 2025] systemd[1]: Listening on Journal Socket (/dev/log).
[Mon Dec 29 18:26:46 2025] systemd[1]: Reached target Timers.
[Mon Dec 29 18:26:46 2025] systemd[1]: Listening on udev Kernel Socket.
[Mon Dec 29 18:26:46 2025] systemd[1]: Listening on Journal Socket.
[Mon Dec 29 18:26:46 2025] fuse: init (API version 7.34)
[Mon Dec 29 18:26:46 2025] usb 1-1: new high-speed USB device number 2 using ehci-pci
[Mon Dec 29 18:26:46 2025] usb 1-1: New USB device found, idVendor=0627, idProduct=0001, bcdDevice= 0.00
[Mon Dec 29 18:26:46 2025] usb 1-1: New USB device strings: Mfr=1, Product=3, SerialNumber=10
[Mon Dec 29 18:26:46 2025] usb 1-1: Product: QEMU USB Tablet
[Mon Dec 29 18:26:46 2025] usb 1-1: Manufacturer: QEMU
[Mon Dec 29 18:26:46 2025] usb 1-1: SerialNumber: 28754-0000:00:1d.7-1
[Mon Dec 29 18:26:46 2025] input: QEMU QEMU USB Tablet as /devices/pci0000:00/0000:00:1d.7/usb1/1-1/1-1:1.0/0003:0627:0001.0001/input/input5
[Mon Dec 29 18:26:46 2025] hid-generic 0003:0627:0001.0001: input,hidraw0: USB HID v0.01 Mouse [QEMU QEMU USB Tablet] on usb-0000:00:1d.7-1/input0
[Mon Dec 29 18:26:46 2025] scsi host0: Virtio SCSI HBA
[Mon Dec 29 18:26:46 2025] scsi 0:0:0:1: Direct-Access     QEMU     QEMU HARDDISK    2.5+ PQ: 0 ANSI: 5
[Mon Dec 29 18:26:46 2025] libata version 3.00 loaded.
[Mon Dec 29 18:26:46 2025] ACPI: bus type drm_connector registered
[Mon Dec 29 18:26:46 2025] ahci 0000:00:1f.2: version 3.0
[Mon Dec 29 18:26:46 2025] ahci 0000:00:1f.2: AHCI 0001.0000 32 slots 6 ports 1.5 Gbps 0x3f impl SATA mode
[Mon Dec 29 18:26:46 2025] ahci 0000:00:1f.2: flags: 64bit ncq only 
[Mon Dec 29 18:26:46 2025] scsi host1: ahci
[Mon Dec 29 18:26:46 2025] scsi host2: ahci
[Mon Dec 29 18:26:46 2025] scsi host3: ahci
[Mon Dec 29 18:26:46 2025] scsi host4: ahci
[Mon Dec 29 18:26:46 2025] scsi host5: ahci
[Mon Dec 29 18:26:46 2025] scsi host6: ahci
[Mon Dec 29 18:26:46 2025] ata1: SATA max UDMA/133 abar m4096@0xfea1b000 port 0xfea1b100 irq 48
[Mon Dec 29 18:26:46 2025] ata2: SATA max UDMA/133 abar m4096@0xfea1b000 port 0xfea1b180 irq 48
[Mon Dec 29 18:26:46 2025] ata3: SATA max UDMA/133 abar m4096@0xfea1b000 port 0xfea1b200 irq 48
[Mon Dec 29 18:26:46 2025] ata4: SATA max UDMA/133 abar m4096@0xfea1b000 port 0xfea1b280 irq 48
[Mon Dec 29 18:26:46 2025] ata5: SATA max UDMA/133 abar m4096@0xfea1b000 port 0xfea1b300 irq 48
[Mon Dec 29 18:26:46 2025] ata6: SATA max UDMA/133 abar m4096@0xfea1b000 port 0xfea1b380 irq 48
[Mon Dec 29 18:26:46 2025] bochs-drm 0000:00:01.0: vgaarb: deactivate vga console
[Mon Dec 29 18:26:46 2025] Console: switching to colour dummy device 80x25
[Mon Dec 29 18:26:46 2025] [drm] Found bochs VGA, ID 0xb0c5.
[Mon Dec 29 18:26:46 2025] [drm] Framebuffer size 16384 kB @ 0xfc000000, mmio @ 0xfea14000.
[Mon Dec 29 18:26:46 2025] [drm] Found EDID data blob.
[Mon Dec 29 18:26:46 2025] [drm] Initialized bochs-drm 1.0.0 20130925 for 0000:00:01.0 on minor 0
[Mon Dec 29 18:26:46 2025] fbcon: bochs-drmdrmfb (fb0) is primary device
[Mon Dec 29 18:26:46 2025] Console: switching to colour frame buffer device 160x50
[Mon Dec 29 18:26:46 2025] bochs-drm 0000:00:01.0: [drm] fb0: bochs-drmdrmfb frame buffer device
[Mon Dec 29 18:26:46 2025] ata3: SATA link down (SStatus 0 SControl 300)
[Mon Dec 29 18:26:46 2025] ata4: SATA link down (SStatus 0 SControl 300)
[Mon Dec 29 18:26:46 2025] ata6: SATA link down (SStatus 0 SControl 300)
[Mon Dec 29 18:26:46 2025] ata2: SATA link up 1.5 Gbps (SStatus 113 SControl 300)
[Mon Dec 29 18:26:46 2025] ata5: SATA link down (SStatus 0 SControl 300)
[Mon Dec 29 18:26:46 2025] ata1: SATA link down (SStatus 0 SControl 300)
[Mon Dec 29 18:26:46 2025] ata2.00: ATAPI: QEMU DVD-ROM, 2.5+, max UDMA/100
[Mon Dec 29 18:26:46 2025] ata2.00: applying bridge limits
[Mon Dec 29 18:26:46 2025] ata2.00: configured for UDMA/100
[Mon Dec 29 18:26:46 2025] scsi 2:0:0:0: CD-ROM            QEMU     QEMU DVD-ROM     2.5+ PQ: 0 ANSI: 5
[Mon Dec 29 18:26:46 2025] scsi 0:0:0:1: Attached scsi generic sg0 type 0
[Mon Dec 29 18:26:46 2025] scsi 2:0:0:0: Attached scsi generic sg1 type 5
[Mon Dec 29 18:26:46 2025] sd 0:0:0:1: Power-on or device reset occurred
[Mon Dec 29 18:26:46 2025] sd 0:0:0:1: [sda] 2147483648 512-byte logical blocks: (1.10 TB/1.00 TiB)
[Mon Dec 29 18:26:46 2025] sd 0:0:0:1: [sda] Write Protect is off
[Mon Dec 29 18:26:46 2025] sd 0:0:0:1: [sda] Mode Sense: 63 00 10 08
[Mon Dec 29 18:26:46 2025] sd 0:0:0:1: [sda] Write cache: enabled, read cache: enabled, supports DPO and FUA
[Mon Dec 29 18:26:46 2025]  sda: sda1 sda2 sda3
[Mon Dec 29 18:26:46 2025] sd 0:0:0:1: [sda] Attached SCSI disk
[Mon Dec 29 18:26:46 2025] sr 2:0:0:0: [sr0] scsi3-mmc drive: 4x/4x cd/rw xa/form2 tray
[Mon Dec 29 18:26:46 2025] cdrom: Uniform CD-ROM driver Revision: 3.20
[Mon Dec 29 18:26:46 2025] PM: Image not found (code -22)
[Mon Dec 29 18:26:46 2025] sr 2:0:0:0: Attached scsi CD-ROM sr0
[Mon Dec 29 18:26:47 2025] SGI XFS with ACLs, security attributes, quota, no debug enabled
[Mon Dec 29 18:26:47 2025] XFS (sda3): Mounting V5 Filesystem
[Mon Dec 29 18:26:47 2025] XFS (sda3): Ending clean mount
[Mon Dec 29 18:26:47 2025] printk: systemd: 20 output lines suppressed due to ratelimiting
[Mon Dec 29 18:26:47 2025] SELinux:  Disabled at runtime.
[Mon Dec 29 18:26:47 2025] audit: type=1404 audit(1767032808.267:2): enforcing=0 old_enforcing=0 auid=4294967295 ses=4294967295 enabled=0 old-enabled=1 lsm=selinux res=1
[Mon Dec 29 18:26:47 2025] systemd[1]: RTC configured in localtime, applying delta of 0 minutes to system time.
[Mon Dec 29 18:26:47 2025] systemd[1]: systemd 239 (239-82.el8_10.5) running in system mode. (+PAM +AUDIT +SELINUX +IMA -APPARMOR +SMACK +SYSVINIT +UTMP +LIBCRYPTSETUP +GCRYPT +GNUTLS +ACL +XZ +LZ4 +SECCOMP +BLKID +ELFUTILS +KMOD +IDN2 -IDN +PCRE2 default-hierarchy=legacy)
[Mon Dec 29 18:26:47 2025] systemd[1]: Detected virtualization kvm.
[Mon Dec 29 18:26:47 2025] systemd[1]: Detected architecture x86-64.
[Mon Dec 29 18:26:47 2025] systemd[1]: Set hostname to <localhost.localdomain>.
[Mon Dec 29 18:26:47 2025] systemd[1]: File /usr/lib/systemd/system/systemd-logind.service.d/nss_nis.conf:2 configures an IP firewall (IPAddressAllow=any), but the local system does not support BPF/cgroup based firewalling.
[Mon Dec 29 18:26:47 2025] systemd[1]: Proceeding WITHOUT firewalling in effect! (This warning is only shown for the first loaded unit using IP firewalling.)
[Mon Dec 29 18:26:47 2025] systemd[1]: initrd-switch-root.service: Succeeded.
[Mon Dec 29 18:26:47 2025] systemd[1]: Stopped Switch Root.
[Mon Dec 29 18:26:47 2025] systemd[1]: systemd-journald.service: Service has no hold-off time (RestartSec=0), scheduling restart.
[Mon Dec 29 18:26:47 2025] systemd[1]: systemd-journald.service: Scheduled restart job, restart counter is at 1.
[Mon Dec 29 18:26:47 2025] Adding 839676k swap on /dev/sda2.  Priority:-2 extents:1 across:839676k SSFS
[Mon Dec 29 18:26:48 2025] XFS (sda1): Mounting V5 Filesystem
[Mon Dec 29 18:26:48 2025] lpc_ich 0000:00:1f.0: I/O space for GPIO uninitialized
[Mon Dec 29 18:26:48 2025] input: PC Speaker as /devices/platform/pcspkr/input/input6
[Mon Dec 29 18:26:48 2025] i801_smbus 0000:00:1f.3: SMBus using PCI interrupt
[Mon Dec 29 18:26:48 2025] iTCO_vendor_support: vendor-support=0
[Mon Dec 29 18:26:48 2025] iTCO_wdt: Intel TCO WatchDog Timer Driver v1.11
[Mon Dec 29 18:26:48 2025] iTCO_wdt: Found a ICH9 TCO device (Version=2, TCOBASE=0x0660)
[Mon Dec 29 18:26:48 2025] iTCO_wdt: initialized. heartbeat=30 sec (nowayout=0)
[Mon Dec 29 18:26:48 2025] XFS (sda1): Ending clean mount
[Mon Dec 29 18:26:48 2025] snd_hda_intel 0000:00:1b.0: no codecs found!
[Mon Dec 29 18:26:48 2025] SVM: TSC scaling supported
[Mon Dec 29 18:26:48 2025] kvm: Nested Virtualization enabled
[Mon Dec 29 18:26:48 2025] SVM: kvm: Nested Paging enabled
[Mon Dec 29 18:26:48 2025] SVM: Virtual VMLOAD VMSAVE supported
[Mon Dec 29 18:26:48 2025] SVM: Virtual GIF supported
[Mon Dec 29 18:26:48 2025] SVM: LBR virtualization supported
[Mon Dec 29 18:26:48 2025] RPC: Registered named UNIX socket transport module.
[Mon Dec 29 18:26:48 2025] RPC: Registered udp transport module.
[Mon Dec 29 18:26:48 2025] RPC: Registered tcp transport module.
[Mon Dec 29 18:26:48 2025] RPC: Registered tcp NFSv4.1 backchannel transport module.
[Mon Dec 29 18:26:48 2025] rdma_rxe: loaded
[Mon Dec 29 18:26:48 2025] dummy0 speed is unknown, defaulting to 1000
[Mon Dec 29 18:26:48 2025] dummy0 speed is unknown, defaulting to 1000
[Mon Dec 29 18:26:48 2025] dummy0 speed is unknown, defaulting to 1000
[Mon Dec 29 18:26:48 2025] infiniband rxe0: set down
[Mon Dec 29 18:26:48 2025] infiniband rxe0: added dummy0
[Mon Dec 29 18:26:48 2025] dummy0 speed is unknown, defaulting to 1000
[Mon Dec 29 18:26:48 2025] dummy0 speed is unknown, defaulting to 1000
[Mon Dec 29 18:26:48 2025] dummy1 speed is unknown, defaulting to 1000
[Mon Dec 29 18:26:48 2025] dummy1 speed is unknown, defaulting to 1000
[Mon Dec 29 18:26:48 2025] dummy1 speed is unknown, defaulting to 1000
[Mon Dec 29 18:26:48 2025] infiniband rxe1: set down
[Mon Dec 29 18:26:48 2025] infiniband rxe1: added dummy1
[Mon Dec 29 18:26:48 2025] dummy1 speed is unknown, defaulting to 1000
[Mon Dec 29 18:26:48 2025] Loading iSCSI transport class v2.0-870.
[Mon Dec 29 18:26:48 2025] iscsi: registered transport (iser)
[Mon Dec 29 18:26:48 2025] Rounding down aligned max_sectors from 4294967295 to 4294967288
[Mon Dec 29 18:26:48 2025] db_root: cannot open: /etc/target
[Mon Dec 29 18:26:48 2025] dummy0 speed is unknown, defaulting to 1000
[Mon Dec 29 18:26:48 2025] dummy1 speed is unknown, defaulting to 1000
[Mon Dec 29 18:26:48 2025] RPC: Registered rdma transport module.
[Mon Dec 29 18:26:48 2025] RPC: Registered rdma backchannel transport module.
[Mon Dec 29 18:26:50 2025] dummy0 speed is unknown, defaulting to 1000
[Mon Dec 29 18:26:50 2025] dummy1 speed is unknown, defaulting to 1000
[Mon Dec 29 18:26:50 2025] softdog: initialized. soft_noboot=1 soft_margin=60 sec soft_panic=0 (nowayout=0)
[Mon Dec 29 18:26:50 2025] softdog:              soft_reboot_cmd=<not set> soft_active_on_boot=0
[Mon Dec 29 18:26:50 2025] dummy0 speed is unknown, defaulting to 1000
[Mon Dec 29 18:26:50 2025] dummy0 speed is unknown, defaulting to 1000
[Mon Dec 29 18:26:50 2025] dummy0 speed is unknown, defaulting to 1000
[Mon Dec 29 18:26:50 2025] infiniband rxe0: set down
[Mon Dec 29 18:26:50 2025] infiniband rxe0: added dummy0
[Mon Dec 29 18:26:50 2025] dummy0 speed is unknown, defaulting to 1000
[Mon Dec 29 18:26:50 2025] dummy0 speed is unknown, defaulting to 1000
[Mon Dec 29 18:26:50 2025] dummy0 speed is unknown, defaulting to 1000
[Mon Dec 29 18:26:50 2025] dummy1 speed is unknown, defaulting to 1000
[Mon Dec 29 18:26:50 2025] dummy1 speed is unknown, defaulting to 1000
[Mon Dec 29 18:26:50 2025] dummy1 speed is unknown, defaulting to 1000
[Mon Dec 29 18:26:50 2025] infiniband rxe1: set down
[Mon Dec 29 18:26:50 2025] infiniband rxe1: added dummy1
[Mon Dec 29 18:26:50 2025] dummy1 speed is unknown, defaulting to 1000
[Mon Dec 29 18:26:50 2025] dummy1 speed is unknown, defaulting to 1000
[Mon Dec 29 18:26:50 2025] dummy1 speed is unknown, defaulting to 1000
[Mon Dec 29 18:26:50 2025] rdma_rxe: ignoring netdev event = 14 for dummy0
[Mon Dec 29 18:26:50 2025] infiniband rxe0: set active
[Mon Dec 29 18:26:50 2025] dummy0 speed is unknown, defaulting to 1000
[Mon Dec 29 18:26:50 2025] dummy0 speed is unknown, defaulting to 1000
[Mon Dec 29 18:26:50 2025] rdma_rxe: ignoring netdev event = 14 for dummy1
[Mon Dec 29 18:26:50 2025] infiniband rxe1: set active
[Mon Dec 29 18:26:50 2025] dummy1 speed is unknown, defaulting to 1000
[Mon Dec 29 18:26:50 2025] dummy1 speed is unknown, defaulting to 1000
[Mon Dec 29 18:26:50 2025] dummy0 speed is unknown, defaulting to 1000
[Mon Dec 29 18:26:50 2025] dummy0 speed is unknown, defaulting to 1000
[Mon Dec 29 18:26:50 2025] dummy1 speed is unknown, defaulting to 1000
[Mon Dec 29 18:26:50 2025] bridge: filtering via arp/ip/ip6tables is no longer available by default. Update your scripts to load br_netfilter if you need this.
[Mon Dec 29 18:30:57 2025] evm: overlay not supported
[Mon Dec 29 18:30:57 2025] Bridge firewalling registered
[Mon Dec 29 18:30:57 2025] IPv6: ADDRCONF(NETDEV_UP): docker0: link is not ready
[Mon Dec 29 18:42:42 2025] loop: module loaded
[Mon Dec 29 18:42:42 2025] loop0: detected capacity change from 0 to 2147483648
[Mon Dec 29 18:42:42 2025] EXT4-fs (loop0): mounted filesystem with ordered data mode. Opts: (null)
[Mon Dec 29 18:44:14 2025] dummy0 speed is unknown, defaulting to 1000
[Mon Dec 29 18:44:14 2025] dummy0 speed is unknown, defaulting to 1000
[Mon Dec 29 18:44:14 2025] dummy1 speed is unknown, defaulting to 1000
[Mon Dec 29 18:44:14 2025] dummy1 speed is unknown, defaulting to 1000
[Mon Dec 29 18:47:44 2025] hrtimer: interrupt took 407125 ns
[Mon Dec 29 18:47:54 2025] dummy0 speed is unknown, defaulting to 1000
[Mon Dec 29 18:47:55 2025] dummy0 speed is unknown, defaulting to 1000
[Mon Dec 29 18:47:59 2025] dummy0 speed is unknown, defaulting to 1000
[Mon Dec 29 18:48:00 2025] dummy0 speed is unknown, defaulting to 1000
[Mon Dec 29 18:48:04 2025] dummy0 speed is unknown, defaulting to 1000
[Mon Dec 29 18:48:05 2025] dummy0 speed is unknown, defaulting to 1000
[Mon Dec 29 18:48:09 2025] dummy0 speed is unknown, defaulting to 1000
[Mon Dec 29 18:48:10 2025] dummy0 speed is unknown, defaulting to 1000
[Mon Dec 29 18:48:14 2025] dummy0 speed is unknown, defaulting to 1000
[Mon Dec 29 18:48:15 2025] dummy0 speed is unknown, defaulting to 1000
[Mon Dec 29 18:48:19 2025] dummy0 speed is unknown, defaulting to 1000
[Mon Dec 29 18:48:20 2025] dummy0 speed is unknown, defaulting to 1000
[Mon Dec 29 18:48:24 2025] dummy0 speed is unknown, defaulting to 1000
[Mon Dec 29 18:48:24 2025] rdma_rxe: ignoring netdev event = 26 for dummy0
[Mon Dec 29 18:48:24 2025] rdma_rxe: ignoring netdev event = 21 for dummy0
[Mon Dec 29 18:48:24 2025] device dummy0 entered promiscuous mode
[Mon Dec 29 18:48:24 2025] dummy0 speed is unknown, defaulting to 1000
[Mon Dec 29 18:48:24 2025] rdma_rxe: ignoring netdev event = 26 for dummy0
[Mon Dec 29 18:48:24 2025] rdma_rxe: ignoring netdev event = 21 for dummy0
[Mon Dec 29 18:48:24 2025] dummy0 speed is unknown, defaulting to 1000
[Mon Dec 29 18:48:25 2025] dummy0 speed is unknown, defaulting to 1000
[Mon Dec 29 18:48:29 2025] dummy0 speed is unknown, defaulting to 1000
[Mon Dec 29 18:48:30 2025] dummy0 speed is unknown, defaulting to 1000
[Mon Dec 29 18:48:34 2025] dummy0 speed is unknown, defaulting to 1000
[Mon Dec 29 18:48:35 2025] dummy0 speed is unknown, defaulting to 1000
[Mon Dec 29 18:48:39 2025] dummy0 speed is unknown, defaulting to 1000
[Mon Dec 29 18:48:40 2025] dummy0 speed is unknown, defaulting to 1000
[Mon Dec 29 18:48:44 2025] dummy0 speed is unknown, defaulting to 1000
[Mon Dec 29 18:48:45 2025] dummy0 speed is unknown, defaulting to 1000
[Mon Dec 29 18:48:49 2025] dummy0 speed is unknown, defaulting to 1000
[Mon Dec 29 18:48:51 2025] dummy0 speed is unknown, defaulting to 1000
[Mon Dec 29 18:48:54 2025] dummy0 speed is unknown, defaulting to 1000
[Mon Dec 29 18:48:56 2025] dummy0 speed is unknown, defaulting to 1000
[Mon Dec 29 18:48:59 2025] dummy0 speed is unknown, defaulting to 1000
[Mon Dec 29 18:49:01 2025] dummy0 speed is unknown, defaulting to 1000
[Mon Dec 29 18:49:04 2025] dummy0 speed is unknown, defaulting to 1000
[Mon Dec 29 18:49:06 2025] dummy0 speed is unknown, defaulting to 1000
[Mon Dec 29 18:49:09 2025] dummy0 speed is unknown, defaulting to 1000
[Mon Dec 29 18:49:11 2025] dummy0 speed is unknown, defaulting to 1000
[Mon Dec 29 18:49:14 2025] dummy0 speed is unknown, defaulting to 1000
[Mon Dec 29 18:49:16 2025] dummy0 speed is unknown, defaulting to 1000
[Mon Dec 29 18:49:20 2025] dummy0 speed is unknown, defaulting to 1000
[Mon Dec 29 18:49:21 2025] dummy0 speed is unknown, defaulting to 1000
[Mon Dec 29 18:49:25 2025] dummy0 speed is unknown, defaulting to 1000
[Mon Dec 29 18:49:26 2025] dummy0 speed is unknown, defaulting to 1000
[Mon Dec 29 18:49:30 2025] dummy0 speed is unknown, defaulting to 1000
[Mon Dec 29 18:49:31 2025] dummy0 speed is unknown, defaulting to 1000
[Mon Dec 29 18:49:35 2025] dummy0 speed is unknown, defaulting to 1000
[Mon Dec 29 18:49:36 2025] dummy0 speed is unknown, defaulting to 1000
[Mon Dec 29 18:49:40 2025] dummy0 speed is unknown, defaulting to 1000
[Mon Dec 29 18:49:41 2025] dummy0 speed is unknown, defaulting to 1000
[Mon Dec 29 18:49:45 2025] dummy0 speed is unknown, defaulting to 1000
[Mon Dec 29 18:49:46 2025] dummy0 speed is unknown, defaulting to 1000
[Mon Dec 29 18:49:50 2025] dummy0 speed is unknown, defaulting to 1000
[Mon Dec 29 18:49:51 2025] dummy0 speed is unknown, defaulting to 1000
[Mon Dec 29 18:49:55 2025] dummy0 speed is unknown, defaulting to 1000
[Mon Dec 29 18:49:56 2025] dummy0 speed is unknown, defaulting to 1000
[Mon Dec 29 18:50:00 2025] dummy0 speed is unknown, defaulting to 1000
[Mon Dec 29 18:50:01 2025] dummy0 speed is unknown, defaulting to 1000
[Mon Dec 29 18:50:05 2025] dummy0 speed is unknown, defaulting to 1000
[Mon Dec 29 18:50:06 2025] dummy0 speed is unknown, defaulting to 1000
[Mon Dec 29 18:50:10 2025] dummy0 speed is unknown, defaulting to 1000
[Mon Dec 29 18:50:11 2025] dummy0 speed is unknown, defaulting to 1000
[Mon Dec 29 18:50:15 2025] dummy0 speed is unknown, defaulting to 1000
[Mon Dec 29 18:50:16 2025] dummy0 speed is unknown, defaulting to 1000
[Mon Dec 29 18:50:20 2025] dummy0 speed is unknown, defaulting to 1000
[Mon Dec 29 18:50:22 2025] dummy0 speed is unknown, defaulting to 1000
[Mon Dec 29 18:50:25 2025] dummy0 speed is unknown, defaulting to 1000
[Mon Dec 29 18:50:27 2025] dummy0 speed is unknown, defaulting to 1000
[Mon Dec 29 18:50:30 2025] dummy0 speed is unknown, defaulting to 1000
[Mon Dec 29 18:50:32 2025] dummy0 speed is unknown, defaulting to 1000
[Mon Dec 29 18:50:35 2025] dummy0 speed is unknown, defaulting to 1000
[Mon Dec 29 18:50:37 2025] dummy0 speed is unknown, defaulting to 1000
[Mon Dec 29 18:50:40 2025] dummy0 speed is unknown, defaulting to 1000
[Mon Dec 29 18:50:42 2025] dummy0 speed is unknown, defaulting to 1000
[Mon Dec 29 18:50:45 2025] dummy0 speed is unknown, defaulting to 1000
[Mon Dec 29 18:50:47 2025] dummy0 speed is unknown, defaulting to 1000
[Mon Dec 29 18:50:51 2025] dummy0 speed is unknown, defaulting to 1000
[Mon Dec 29 18:50:52 2025] dummy0 speed is unknown, defaulting to 1000
[Mon Dec 29 18:50:56 2025] dummy0 speed is unknown, defaulting to 1000
[Mon Dec 29 18:50:57 2025] dummy0 speed is unknown, defaulting to 1000
[Mon Dec 29 18:51:01 2025] dummy0 speed is unknown, defaulting to 1000
[Mon Dec 29 18:51:02 2025] dummy0 speed is unknown, defaulting to 1000
[Mon Dec 29 18:51:06 2025] dummy0 speed is unknown, defaulting to 1000
[Mon Dec 29 18:51:07 2025] dummy0 speed is unknown, defaulting to 1000
[Mon Dec 29 18:51:11 2025] dummy0 speed is unknown, defaulting to 1000
[Mon Dec 29 18:51:12 2025] dummy0 speed is unknown, defaulting to 1000
[Mon Dec 29 18:51:16 2025] dummy0 speed is unknown, defaulting to 1000
[Mon Dec 29 18:51:17 2025] dummy0 speed is unknown, defaulting to 1000
[Mon Dec 29 18:51:21 2025] dummy0 speed is unknown, defaulting to 1000
[Mon Dec 29 18:51:22 2025] dummy0 speed is unknown, defaulting to 1000
[Mon Dec 29 18:51:26 2025] dummy0 speed is unknown, defaulting to 1000
[Mon Dec 29 18:51:27 2025] dummy0 speed is unknown, defaulting to 1000
[Mon Dec 29 18:51:31 2025] dummy0 speed is unknown, defaulting to 1000
[Mon Dec 29 18:51:32 2025] dummy0 speed is unknown, defaulting to 1000
[Mon Dec 29 18:51:36 2025] dummy0 speed is unknown, defaulting to 1000
[Mon Dec 29 18:51:37 2025] dummy0 speed is unknown, defaulting to 1000
[Mon Dec 29 18:51:41 2025] dummy0 speed is unknown, defaulting to 1000
[Mon Dec 29 18:51:42 2025] dummy0 speed is unknown, defaulting to 1000
[Mon Dec 29 18:51:46 2025] dummy0 speed is unknown, defaulting to 1000
[Mon Dec 29 18:51:47 2025] dummy0 speed is unknown, defaulting to 1000
[Mon Dec 29 18:51:51 2025] dummy0 speed is unknown, defaulting to 1000
[Mon Dec 29 18:51:53 2025] dummy0 speed is unknown, defaulting to 1000
[Mon Dec 29 18:51:56 2025] dummy0 speed is unknown, defaulting to 1000
[Mon Dec 29 18:51:58 2025] dummy0 speed is unknown, defaulting to 1000
[Mon Dec 29 18:52:01 2025] dummy0 speed is unknown, defaulting to 1000
[Mon Dec 29 18:52:03 2025] dummy0 speed is unknown, defaulting to 1000
[Mon Dec 29 18:52:06 2025] dummy0 speed is unknown, defaulting to 1000
[Mon Dec 29 18:52:08 2025] dummy0 speed is unknown, defaulting to 1000
[Mon Dec 29 18:52:11 2025] dummy0 speed is unknown, defaulting to 1000
[Mon Dec 29 18:52:13 2025] dummy0 speed is unknown, defaulting to 1000
[Mon Dec 29 18:52:16 2025] dummy0 speed is unknown, defaulting to 1000
[Mon Dec 29 18:52:18 2025] dummy0 speed is unknown, defaulting to 1000
[Mon Dec 29 18:52:21 2025] dummy0 speed is unknown, defaulting to 1000
[Mon Dec 29 18:52:23 2025] dummy0 speed is unknown, defaulting to 1000
[Mon Dec 29 18:52:27 2025] dummy0 speed is unknown, defaulting to 1000
[Mon Dec 29 18:52:28 2025] dummy0 speed is unknown, defaulting to 1000
[Mon Dec 29 18:52:32 2025] dummy0 speed is unknown, defaulting to 1000
[Mon Dec 29 18:52:33 2025] dummy0 speed is unknown, defaulting to 1000
[Mon Dec 29 18:52:37 2025] dummy0 speed is unknown, defaulting to 1000
[Mon Dec 29 18:52:38 2025] dummy0 speed is unknown, defaulting to 1000
[Mon Dec 29 18:52:42 2025] dummy0 speed is unknown, defaulting to 1000
[Mon Dec 29 18:52:43 2025] dummy0 speed is unknown, defaulting to 1000
[Mon Dec 29 18:52:47 2025] dummy0 speed is unknown, defaulting to 1000
[Mon Dec 29 18:52:48 2025] dummy0 speed is unknown, defaulting to 1000
[Mon Dec 29 18:52:52 2025] dummy0 speed is unknown, defaulting to 1000
[Mon Dec 29 18:52:53 2025] dummy0 speed is unknown, defaulting to 1000
[Mon Dec 29 18:52:57 2025] dummy0 speed is unknown, defaulting to 1000
[Mon Dec 29 18:52:58 2025] dummy0 speed is unknown, defaulting to 1000
[Mon Dec 29 18:53:02 2025] dummy0 speed is unknown, defaulting to 1000
[Mon Dec 29 18:53:03 2025] dummy0 speed is unknown, defaulting to 1000
[Mon Dec 29 18:53:07 2025] dummy0 speed is unknown, defaulting to 1000
[Mon Dec 29 18:53:08 2025] dummy0 speed is unknown, defaulting to 1000
[Mon Dec 29 18:53:12 2025] dummy0 speed is unknown, defaulting to 1000
[Mon Dec 29 18:53:13 2025] dummy0 speed is unknown, defaulting to 1000
[Mon Dec 29 18:53:17 2025] dummy0 speed is unknown, defaulting to 1000
[Mon Dec 29 18:53:19 2025] dummy0 speed is unknown, defaulting to 1000
[Mon Dec 29 18:53:22 2025] dummy0 speed is unknown, defaulting to 1000
[Mon Dec 29 18:53:24 2025] dummy0 speed is unknown, defaulting to 1000
[Mon Dec 29 18:53:27 2025] dummy0 speed is unknown, defaulting to 1000
[Mon Dec 29 18:53:29 2025] dummy0 speed is unknown, defaulting to 1000
[Mon Dec 29 18:53:32 2025] dummy0 speed is unknown, defaulting to 1000
[Mon Dec 29 18:53:34 2025] dummy0 speed is unknown, defaulting to 1000
[Mon Dec 29 18:53:37 2025] dummy0 speed is unknown, defaulting to 1000
[Mon Dec 29 18:53:39 2025] dummy0 speed is unknown, defaulting to 1000
[Mon Dec 29 18:53:42 2025] dummy0 speed is unknown, defaulting to 1000
[Mon Dec 29 18:53:44 2025] dummy0 speed is unknown, defaulting to 1000
[Mon Dec 29 18:53:47 2025] dummy0 speed is unknown, defaulting to 1000
[Mon Dec 29 18:53:49 2025] dummy0 speed is unknown, defaulting to 1000
[Mon Dec 29 18:53:52 2025] dummy0 speed is unknown, defaulting to 1000
[Mon Dec 29 18:53:54 2025] dummy0 speed is unknown, defaulting to 1000
[Mon Dec 29 18:53:57 2025] dummy0 speed is unknown, defaulting to 1000
[Mon Dec 29 18:53:59 2025] dummy0 speed is unknown, defaulting to 1000
[Mon Dec 29 18:54:03 2025] dummy0 speed is unknown, defaulting to 1000
[Mon Dec 29 18:54:04 2025] dummy0 speed is unknown, defaulting to 1000
[Mon Dec 29 18:54:08 2025] dummy0 speed is unknown, defaulting to 1000
[Mon Dec 29 18:54:09 2025] dummy0 speed is unknown, defaulting to 1000
[Mon Dec 29 18:54:13 2025] dummy0 speed is unknown, defaulting to 1000
[Mon Dec 29 18:54:14 2025] dummy0 speed is unknown, defaulting to 1000
[Mon Dec 29 18:54:18 2025] dummy0 speed is unknown, defaulting to 1000
[Mon Dec 29 18:54:19 2025] dummy0 speed is unknown, defaulting to 1000
[Mon Dec 29 18:54:23 2025] dummy0 speed is unknown, defaulting to 1000
[Mon Dec 29 18:54:24 2025] dummy0 speed is unknown, defaulting to 1000
[Mon Dec 29 18:54:28 2025] dummy0 speed is unknown, defaulting to 1000
[Mon Dec 29 18:54:29 2025] dummy0 speed is unknown, defaulting to 1000
[Mon Dec 29 18:54:33 2025] dummy0 speed is unknown, defaulting to 1000
[Mon Dec 29 18:54:34 2025] dummy0 speed is unknown, defaulting to 1000
[Mon Dec 29 18:54:38 2025] dummy0 speed is unknown, defaulting to 1000
[Mon Dec 29 18:54:39 2025] dummy0 speed is unknown, defaulting to 1000
[Mon Dec 29 18:54:43 2025] dummy0 speed is unknown, defaulting to 1000
[Mon Dec 29 18:54:44 2025] dummy0 speed is unknown, defaulting to 1000
[Mon Dec 29 18:54:48 2025] dummy0 speed is unknown, defaulting to 1000
[Mon Dec 29 18:54:49 2025] dummy0 speed is unknown, defaulting to 1000
[Mon Dec 29 18:54:53 2025] dummy0 speed is unknown, defaulting to 1000
[Mon Dec 29 18:54:54 2025] dummy0 speed is unknown, defaulting to 1000
[Mon Dec 29 18:54:58 2025] dummy0 speed is unknown, defaulting to 1000
[Mon Dec 29 18:54:59 2025] dummy0 speed is unknown, defaulting to 1000
[Mon Dec 29 18:55:03 2025] dummy0 speed is unknown, defaulting to 1000
[Mon Dec 29 18:55:04 2025] dummy0 speed is unknown, defaulting to 1000
[Mon Dec 29 18:55:08 2025] dummy0 speed is unknown, defaulting to 1000
[Mon Dec 29 18:55:10 2025] dummy0 speed is unknown, defaulting to 1000
[Mon Dec 29 18:55:13 2025] dummy0 speed is unknown, defaulting to 1000
[Mon Dec 29 18:55:15 2025] dummy0 speed is unknown, defaulting to 1000
[Mon Dec 29 18:55:18 2025] dummy0 speed is unknown, defaulting to 1000
[Mon Dec 29 18:55:20 2025] dummy0 speed is unknown, defaulting to 1000
[Mon Dec 29 18:55:23 2025] dummy0 speed is unknown, defaulting to 1000
[Mon Dec 29 18:55:25 2025] dummy0 speed is unknown, defaulting to 1000
[Mon Dec 29 18:55:28 2025] dummy0 speed is unknown, defaulting to 1000
[Mon Dec 29 18:55:30 2025] dummy0 speed is unknown, defaulting to 1000
[Mon Dec 29 18:55:33 2025] dummy0 speed is unknown, defaulting to 1000
[Mon Dec 29 18:55:35 2025] dummy0 speed is unknown, defaulting to 1000
[Mon Dec 29 18:55:38 2025] dummy0 speed is unknown, defaulting to 1000
[Mon Dec 29 18:55:40 2025] dummy0 speed is unknown, defaulting to 1000
[Mon Dec 29 18:55:43 2025] dummy0 speed is unknown, defaulting to 1000
[Mon Dec 29 18:55:45 2025] dummy0 speed is unknown, defaulting to 1000
[Mon Dec 29 18:55:48 2025] dummy0 speed is unknown, defaulting to 1000
[Mon Dec 29 18:55:50 2025] dummy0 speed is unknown, defaulting to 1000
[Mon Dec 29 18:55:53 2025] dummy0 speed is unknown, defaulting to 1000
[Mon Dec 29 18:55:55 2025] dummy0 speed is unknown, defaulting to 1000
[Mon Dec 29 18:55:59 2025] dummy0 speed is unknown, defaulting to 1000
[Mon Dec 29 18:56:00 2025] dummy0 speed is unknown, defaulting to 1000
[Mon Dec 29 18:56:04 2025] dummy0 speed is unknown, defaulting to 1000
[Mon Dec 29 18:56:05 2025] dummy0 speed is unknown, defaulting to 1000
[Mon Dec 29 18:56:09 2025] dummy0 speed is unknown, defaulting to 1000
[Mon Dec 29 18:56:10 2025] dummy0 speed is unknown, defaulting to 1000
[Mon Dec 29 18:56:14 2025] dummy0 speed is unknown, defaulting to 1000
[Mon Dec 29 18:56:15 2025] dummy0 speed is unknown, defaulting to 1000
[Mon Dec 29 18:56:19 2025] dummy0 speed is unknown, defaulting to 1000
[Mon Dec 29 18:56:20 2025] dummy0 speed is unknown, defaulting to 1000
[Mon Dec 29 18:56:24 2025] dummy0 speed is unknown, defaulting to 1000
[Mon Dec 29 18:56:25 2025] dummy0 speed is unknown, defaulting to 1000
[Mon Dec 29 18:56:29 2025] dummy0 speed is unknown, defaulting to 1000
[Mon Dec 29 18:56:30 2025] dummy0 speed is unknown, defaulting to 1000
[Mon Dec 29 18:56:34 2025] dummy0 speed is unknown, defaulting to 1000
[Mon Dec 29 18:56:35 2025] dummy0 speed is unknown, defaulting to 1000
[Mon Dec 29 18:56:39 2025] dummy0 speed is unknown, defaulting to 1000
[Mon Dec 29 18:56:40 2025] dummy0 speed is unknown, defaulting to 1000
[Mon Dec 29 18:56:44 2025] dummy0 speed is unknown, defaulting to 1000
[Mon Dec 29 18:56:45 2025] dummy0 speed is unknown, defaulting to 1000
[Mon Dec 29 18:56:49 2025] dummy0 speed is unknown, defaulting to 1000
[Mon Dec 29 18:56:50 2025] dummy0 speed is unknown, defaulting to 1000
[Mon Dec 29 18:56:54 2025] dummy0 speed is unknown, defaulting to 1000
[Mon Dec 29 18:56:55 2025] dummy0 speed is unknown, defaulting to 1000
[Mon Dec 29 18:56:59 2025] dummy0 speed is unknown, defaulting to 1000
[Mon Dec 29 18:57:01 2025] dummy0 speed is unknown, defaulting to 1000
[Mon Dec 29 18:57:04 2025] dummy0 speed is unknown, defaulting to 1000
[Mon Dec 29 18:57:06 2025] dummy0 speed is unknown, defaulting to 1000
[Mon Dec 29 18:57:09 2025] dummy0 speed is unknown, defaulting to 1000
[Mon Dec 29 18:57:11 2025] dummy0 speed is unknown, defaulting to 1000
[Mon Dec 29 18:57:14 2025] dummy0 speed is unknown, defaulting to 1000
[Mon Dec 29 18:57:16 2025] dummy0 speed is unknown, defaulting to 1000
[Mon Dec 29 18:57:19 2025] dummy0 speed is unknown, defaulting to 1000
[Mon Dec 29 18:57:21 2025] dummy0 speed is unknown, defaulting to 1000
[Mon Dec 29 18:57:24 2025] dummy0 speed is unknown, defaulting to 1000
[Mon Dec 29 18:57:26 2025] dummy0 speed is unknown, defaulting to 1000
[Mon Dec 29 18:57:29 2025] dummy0 speed is unknown, defaulting to 1000
[Mon Dec 29 18:57:31 2025] dummy0 speed is unknown, defaulting to 1000
[Mon Dec 29 18:57:34 2025] dummy0 speed is unknown, defaulting to 1000
[Mon Dec 29 18:57:36 2025] dummy0 speed is unknown, defaulting to 1000
[Mon Dec 29 18:57:40 2025] dummy0 speed is unknown, defaulting to 1000
[Mon Dec 29 18:57:41 2025] dummy0 speed is unknown, defaulting to 1000
[Mon Dec 29 18:57:45 2025] dummy0 speed is unknown, defaulting to 1000
[Mon Dec 29 18:57:46 2025] dummy0 speed is unknown, defaulting to 1000
[Mon Dec 29 18:57:50 2025] dummy0 speed is unknown, defaulting to 1000
[Mon Dec 29 18:57:51 2025] dummy0 speed is unknown, defaulting to 1000
[Mon Dec 29 18:57:55 2025] dummy0 speed is unknown, defaulting to 1000
[Mon Dec 29 18:57:56 2025] dummy0 speed is unknown, defaulting to 1000
[Mon Dec 29 18:58:00 2025] dummy0 speed is unknown, defaulting to 1000
[Mon Dec 29 18:58:01 2025] dummy0 speed is unknown, defaulting to 1000
[Mon Dec 29 18:58:05 2025] dummy0 speed is unknown, defaulting to 1000
[Mon Dec 29 18:58:06 2025] dummy0 speed is unknown, defaulting to 1000
[Mon Dec 29 18:58:10 2025] dummy0 speed is unknown, defaulting to 1000
[Mon Dec 29 18:58:11 2025] dummy0 speed is unknown, defaulting to 1000
[Mon Dec 29 18:58:15 2025] dummy0 speed is unknown, defaulting to 1000
[Mon Dec 29 18:58:16 2025] dummy0 speed is unknown, defaulting to 1000
[Mon Dec 29 18:58:20 2025] dummy0 speed is unknown, defaulting to 1000
[Mon Dec 29 18:58:21 2025] dummy0 speed is unknown, defaulting to 1000
[Mon Dec 29 18:58:25 2025] dummy0 speed is unknown, defaulting to 1000
[Mon Dec 29 18:58:26 2025] dummy0 speed is unknown, defaulting to 1000
[Mon Dec 29 18:58:30 2025] dummy0 speed is unknown, defaulting to 1000
[Mon Dec 29 18:58:31 2025] dummy0 speed is unknown, defaulting to 1000
[Mon Dec 29 18:58:35 2025] dummy0 speed is unknown, defaulting to 1000
[Mon Dec 29 18:58:37 2025] dummy0 speed is unknown, defaulting to 1000
[Mon Dec 29 18:58:40 2025] dummy0 speed is unknown, defaulting to 1000
[Mon Dec 29 18:58:42 2025] dummy0 speed is unknown, defaulting to 1000
[Mon Dec 29 18:58:45 2025] dummy0 speed is unknown, defaulting to 1000
[Mon Dec 29 18:58:47 2025] dummy0 speed is unknown, defaulting to 1000
[Mon Dec 29 18:58:50 2025] dummy0 speed is unknown, defaulting to 1000
[Mon Dec 29 18:58:52 2025] dummy0 speed is unknown, defaulting to 1000
[Mon Dec 29 18:58:55 2025] dummy0 speed is unknown, defaulting to 1000
[Mon Dec 29 18:58:57 2025] dummy0 speed is unknown, defaulting to 1000
[Mon Dec 29 18:59:00 2025] dummy0 speed is unknown, defaulting to 1000
[Mon Dec 29 18:59:02 2025] dummy0 speed is unknown, defaulting to 1000
[Mon Dec 29 18:59:05 2025] dummy0 speed is unknown, defaulting to 1000
[Mon Dec 29 18:59:07 2025] dummy0 speed is unknown, defaulting to 1000
[Mon Dec 29 18:59:10 2025] dummy0 speed is unknown, defaulting to 1000
[Mon Dec 29 18:59:12 2025] dummy0 speed is unknown, defaulting to 1000
[Mon Dec 29 18:59:15 2025] dummy0 speed is unknown, defaulting to 1000
[Mon Dec 29 18:59:17 2025] dummy0 speed is unknown, defaulting to 1000
[Mon Dec 29 18:59:21 2025] dummy0 speed is unknown, defaulting to 1000
[Mon Dec 29 18:59:21 2025] dummy0 speed is unknown, defaulting to 1000
[Mon Dec 29 18:59:22 2025] dummy0 speed is unknown, defaulting to 1000
[Mon Dec 29 18:59:23 2025] FS-Cache: Loaded
